Archive member included because of file (symbol)

.\CortexM3\ARM_GCC_493\Debug\AI_mini_main.a(cyfitter_cfg.o)
                              .\CortexM3\ARM_GCC_493\Debug\Cm3Start.o (cyfitter_cfg)
.\CortexM3\ARM_GCC_493\Debug\AI_mini_main.a(PWM_motor.o)
                              .\CortexM3\ARM_GCC_493\Debug\main.o (PWM_motor_WriteCompare1)
.\CortexM3\ARM_GCC_493\Debug\AI_mini_main.a(I2C.o)
                              .\CortexM3\ARM_GCC_493\Debug\main.o (I2C_Start)
.\CortexM3\ARM_GCC_493\Debug\AI_mini_main.a(I2C_INT.o)
                              .\CortexM3\ARM_GCC_493\Debug\AI_mini_main.a(I2C.o) (I2C_ISR)
.\CortexM3\ARM_GCC_493\Debug\AI_mini_main.a(I2C_PM.o)
                              .\CortexM3\ARM_GCC_493\Debug\AI_mini_main.a(I2C.o) (I2C_backup)
.\CortexM3\ARM_GCC_493\Debug\AI_mini_main.a(I2C_MASTER.o)
                              .\CortexM3\ARM_GCC_493\Debug\I2Cdev.o (I2C_MasterWriteBuf)
.\CortexM3\ARM_GCC_493\Debug\AI_mini_main.a(ADC_SAR_Seq.o)
                              .\CortexM3\ARM_GCC_493\Debug\main.o (ADC_SAR_Seq_Start)
.\CortexM3\ARM_GCC_493\Debug\AI_mini_main.a(ADC_SAR_Seq_INT.o)
                              .\CortexM3\ARM_GCC_493\Debug\AI_mini_main.a(ADC_SAR_Seq.o) (ADC_SAR_Seq_ISR)
.\CortexM3\ARM_GCC_493\Debug\AI_mini_main.a(QuadDec_1.o)
                              .\CortexM3\ARM_GCC_493\Debug\main.o (QuadDec_1_GetCounter)
.\CortexM3\ARM_GCC_493\Debug\AI_mini_main.a(isr_flag.o)
                              .\CortexM3\ARM_GCC_493\Debug\main.o (isr_flag_Start)
.\CortexM3\ARM_GCC_493\Debug\AI_mini_main.a(UART_1.o)
                              .\CortexM3\ARM_GCC_493\Debug\main.o (UART_1_Start)
.\CortexM3\ARM_GCC_493\Debug\AI_mini_main.a(UART_1_INT.o)
                              .\CortexM3\ARM_GCC_493\Debug\AI_mini_main.a(UART_1.o) (UART_1_TXISR)
.\CortexM3\ARM_GCC_493\Debug\AI_mini_main.a(ADC_SAR_Seq_theACLK.o)
                              .\CortexM3\ARM_GCC_493\Debug\AI_mini_main.a(ADC_SAR_Seq.o) (ADC_SAR_Seq_theACLK_SetModeRegister)
.\CortexM3\ARM_GCC_493\Debug\AI_mini_main.a(QuadDec_1_Cnt16.o)
                              .\CortexM3\ARM_GCC_493\Debug\AI_mini_main.a(QuadDec_1.o) (QuadDec_1_Cnt16_Stop)
.\CortexM3\ARM_GCC_493\Debug\AI_mini_main.a(UART_1_IntClock.o)
                              .\CortexM3\ARM_GCC_493\Debug\AI_mini_main.a(UART_1.o) (UART_1_IntClock_Start)
.\CortexM3\ARM_GCC_493\Debug\AI_mini_main.a(CyBootAsmGnu.o)
                              .\CortexM3\ARM_GCC_493\Debug\AI_mini_main.a(cyfitter_cfg.o) (CyDelayCycles)
.\CortexM3\ARM_GCC_493\Debug\AI_mini_main.a(CyLib.o)
                              .\CortexM3\ARM_GCC_493\Debug\Cm3Start.o (CyHalt)
.\CortexM3\ARM_GCC_493\Debug\AI_mini_main.a(cyPm.o)
                              .\CortexM3\ARM_GCC_493\Debug\AI_mini_main.a(CyLib.o) (CyPmReadStatus)
.\CortexM3\ARM_GCC_493\Debug\AI_mini_main.a(CyFlash.o)
                              .\CortexM3\ARM_GCC_493\Debug\AI_mini_main.a(cyPm.o) (CyFlash_SetWaitCycles)
.\CortexM3\ARM_GCC_493\Debug\AI_mini_main.a(CySpc.o)
                              .\CortexM3\ARM_GCC_493\Debug\AI_mini_main.a(CyFlash.o) (CySpcStart)
c:/program files (x86)/cypress/psoc creator/3.3/psoc creator/import/gnu/arm/4.9.3/bin/../lib/gcc/arm-none-eabi/4.9.3/armv7-m\libgcc.a(_arm_addsubsf3.o)
                              .\CortexM3\ARM_GCC_493\Debug\AI_mini_main.a(ADC_SAR_Seq.o) (__aeabi_i2f)
c:/program files (x86)/cypress/psoc creator/3.3/psoc creator/import/gnu/arm/4.9.3/bin/../lib/gcc/arm-none-eabi/4.9.3/armv7-m\libgcc.a(_arm_muldivsf3.o)
                              .\CortexM3\ARM_GCC_493\Debug\AI_mini_main.a(ADC_SAR_Seq.o) (__aeabi_fmul)
c:/program files (x86)/cypress/psoc creator/3.3/psoc creator/import/gnu/arm/4.9.3/bin/../lib/gcc/arm-none-eabi/4.9.3/armv7-m\libgcc.a(_aeabi_ldivmod.o)
                              .\CortexM3\ARM_GCC_493\Debug\AI_mini_main.a(ADC_SAR_Seq.o) (__aeabi_ldivmod)
c:/program files (x86)/cypress/psoc creator/3.3/psoc creator/import/gnu/arm/4.9.3/bin/../lib/gcc/arm-none-eabi/4.9.3/armv7-m\libgcc.a(bpabi.o)
                              c:/program files (x86)/cypress/psoc creator/3.3/psoc creator/import/gnu/arm/4.9.3/bin/../lib/gcc/arm-none-eabi/4.9.3/armv7-m\libgcc.a(_aeabi_ldivmod.o) (__gnu_ldivmod_helper)
c:/program files (x86)/cypress/psoc creator/3.3/psoc creator/import/gnu/arm/4.9.3/bin/../lib/gcc/arm-none-eabi/4.9.3/armv7-m\libgcc.a(_dvmd_tls.o)
                              c:/program files (x86)/cypress/psoc creator/3.3/psoc creator/import/gnu/arm/4.9.3/bin/../lib/gcc/arm-none-eabi/4.9.3/armv7-m\libgcc.a(_aeabi_ldivmod.o) (__aeabi_ldiv0)
c:/program files (x86)/cypress/psoc creator/3.3/psoc creator/import/gnu/arm/4.9.3/bin/../lib/gcc/arm-none-eabi/4.9.3/armv7-m\libgcc.a(_divdi3.o)
                              c:/program files (x86)/cypress/psoc creator/3.3/psoc creator/import/gnu/arm/4.9.3/bin/../lib/gcc/arm-none-eabi/4.9.3/armv7-m\libgcc.a(bpabi.o) (__divdi3)
[...]
Memory Configuration

Name             Origin             Length             Attributes
rom              0x00000000         0x00040000         xr
ram              0x1fff8000         0x00010000         xrw
*default*        0x00000000         0xffffffff

Linker script and memory map

LOAD c:/program files (x86)/cypress/psoc creator/3.3/psoc creator/import/gnu/arm/4.9.3/bin/../lib/gcc/arm-none-eabi/4.9.3/armv7-m/crti.o
LOAD c:/program files (x86)/cypress/psoc creator/3.3/psoc creator/import/gnu/arm/4.9.3/bin/../lib/gcc/arm-none-eabi/4.9.3/armv7-m/crtbegin.o
LOAD c:/program files (x86)/cypress/psoc creator/3.3/psoc creator/import/gnu/arm/4.9.3/bin/../lib/gcc/arm-none-eabi/4.9.3/../../../../arm-none-eabi/lib/armv7-m/crt0.o
START GROUP
LOAD .\CortexM3\ARM_GCC_493\Debug\main.o
LOAD .\CortexM3\ARM_GCC_493\Debug\MPU6050.o
LOAD .\CortexM3\ARM_GCC_493\Debug\I2Cdev.o
LOAD .\CortexM3\ARM_GCC_493\Debug\cymetadata.o
LOAD .\CortexM3\ARM_GCC_493\Debug\Cm3Start.o
LOAD .\CortexM3\ARM_GCC_493\Debug\AI_mini_main.a
LOAD C:\Program Files (x86)\Cypress\PSoC Creator\3.3\PSoC Creator\psoc\content\cycomponentlibrary\CyComponentLibrary.cylib\CortexM3\ARM_GCC_493\Debug\CyComponentLibrary.a
END GROUP
START GROUP
LOAD c:/program files (x86)/cypress/psoc creator/3.3/psoc creator/import/gnu/arm/4.9.3/bin/../lib/gcc/arm-none-eabi/4.9.3/armv7-m\libgcc.a
LOAD c:/program files (x86)/cypress/psoc creator/3.3/psoc creator/import/gnu/arm/4.9.3/bin/../lib/gcc/arm-none-eabi/4.9.3/../../../../arm-none-eabi/lib/armv7-m\libg_nano.a
LOAD c:/program files (x86)/cypress/psoc creator/3.3/psoc creator/import/gnu/arm/4.9.3/bin/../lib/gcc/arm-none-eabi/4.9.3/../../../../arm-none-eabi/lib/armv7-m\libc_nano.a
END GROUP
START GROUP
LOAD c:/program files (x86)/cypress/psoc creator/3.3/psoc creator/import/gnu/arm/4.9.3/bin/../lib/gcc/arm-none-eabi/4.9.3/armv7-m\libgcc.a
LOAD c:/program files (x86)/cypress/psoc creator/3.3/psoc creator/import/gnu/arm/4.9.3/bin/../lib/gcc/arm-none-eabi/4.9.3/../../../../arm-none-eabi/lib/armv7-m\libc_nano.a
END GROUP
LOAD c:/program files (x86)/cypress/psoc creator/3.3/psoc creator/import/gnu/arm/4.9.3/bin/../lib/gcc/arm-none-eabi/4.9.3/armv7-m/crtend.o
LOAD c:/program files (x86)/cypress/psoc creator/3.3/psoc creator/import/gnu/arm/4.9.3/bin/../lib/gcc/arm-none-eabi/4.9.3/armv7-m/crtn.o
START GROUP
LOAD c:/program files (x86)/cypress/psoc creator/3.3/psoc creator/import/gnu/arm/4.9.3/bin/../lib/gcc/arm-none-eabi/4.9.3/armv7-m\libgcc.a
LOAD c:/program files (x86)/cypress/psoc creator/3.3/psoc creator/import/gnu/arm/4.9.3/bin/../lib/gcc/arm-none-eabi/4.9.3/../../../../arm-none-eabi/lib/armv7-m\libc.a
LOAD c:/program files (x86)/cypress/psoc creator/3.3/psoc creator/import/gnu/arm/4.9.3/bin/../lib/gcc/arm-none-eabi/4.9.3/../../../../arm-none-eabi/lib/armv7-m\libnosys.a
END GROUP
                0x00000000                CY_APPL_ORIGIN = 0x0
                0x00000100                CY_FLASH_ROW_SIZE = 0x100
                0x00000020                CY_ECC_ROW_SIZE = 0x20
                0x00000000                CY_EE_IN_BTLDR = 0x0
                0x00000000                CY_APPL_LOADABLE = 0x0
                0x00000800                CY_EE_SIZE = 0x800
                0x00000001                CY_APPL_NUM = 0x1
                0x00000001                CY_APPL_MAX = 0x1
                0x00000040                CY_METADATA_SIZE = 0x40
                0x00000000                CY_APPL_LOADABLE = 0x0
                0x00000000                CY_CHECKSUM_EXCLUDE_SIZE = ALIGN (0x0, CY_FLASH_ROW_SIZE)
                0x1fff8278                PROVIDE (__cy_heap_start, _end)
                0x00000001                PROVIDE (__cy_region_num, ((__cy_regions_end - __cy_regions) / 0x10))
                0x20008000                PROVIDE (__cy_stack, (ORIGIN (ram) + 0x10000))
                0x20007800                PROVIDE (__cy_heap_end, (__cy_stack - 0x800))

.cybootloader   0x00000000        0x0
 *(.cybootloader)
                0x00000000                appl1_start = CY_APPL_ORIGIN?CY_APPL_ORIGIN:ALIGN (CY_FLASH_ROW_SIZE)
                0x0001ff00                appl2_start = (appl1_start + ALIGN ((((0x40000 - appl1_start) - (0x2 * CY_FLASH_ROW_SIZE)) / 0x2), CY_FLASH_ROW_SIZE))
                0x00000000                appl_start = (CY_APPL_NUM == 0x1)?appl1_start:appl2_start
                0x00000000                ecc_offset = ((appl_start / CY_FLASH_ROW_SIZE) * CY_ECC_ROW_SIZE)
                0x00000000                ee_offset = (CY_APPL_LOADABLE && ! (CY_EE_IN_BTLDR))?((CY_EE_SIZE / CY_APPL_MAX) * (CY_APPL_NUM - 0x1)):0x0
                0x00000800                ee_size = (CY_APPL_LOADABLE && ! (CY_EE_IN_BTLDR))?(CY_EE_SIZE / CY_APPL_MAX):CY_EE_SIZE
                0x00000000                PROVIDE (CY_ECC_OFFSET, ecc_offset)

.text           0x00000000     0x14d6
 CREATE_OBJECT_SYMBOLS
                0x00000000                PROVIDE (__cy_interrupt_vector, RomVectors)
 *(.romvectors)
 .romvectors    0x00000000       0x10 .\CortexM3\ARM_GCC_493\Debug\Cm3Start.o
                0x00000000                RomVectors
                0x00000001                ASSERT ((. != __cy_interrupt_vector), No interrupt vector)
                0x00000001                ASSERT (CY_APPL_ORIGIN?(SIZEOF (.cybootloader) <= CY_APPL_ORIGIN):0x1, Wrong image location)
                0x00000010                PROVIDE (__cy_reset, Reset)
 *(.text.Reset)
 .text.Reset    0x00000010       0x18 .\CortexM3\ARM_GCC_493\Debug\Cm3Start.o
                0x00000010                Reset
                0x00000001                ASSERT ((. != __cy_reset), No reset code)
 *(.dma_init)
                0x00000001                ASSERT ((((appl_start + .) <= 0x10000) || 0x1), DMA Init must be within the first 64k of flash)
 *(.text .text.* .gnu.linkonce.t.*)
 .text          0x00000028       0x5c c:/program files (x86)/cypress/psoc creator/3.3/psoc creator/import/gnu/arm/4.9.3/bin/../lib/gcc/arm-none-eabi/4.9.3/armv7-m/crtbegin.o
 .text.isr_int  0x00000084        0xc .\CortexM3\ARM_GCC_493\Debug\main.o
                0x00000084                isr_int
 .text.main     0x00000090      0x174 .\CortexM3\ARM_GCC_493\Debug\main.o
                0x00000090                main
 .text.MPU6050  0x00000204        0xc .\CortexM3\ARM_GCC_493\Debug\MPU6050.o
                0x00000204                MPU6050
 .text.MPU6050_setFullScaleGyroRange
                0x00000210       0x20 .\CortexM3\ARM_GCC_493\Debug\MPU6050.o
                0x00000210                MPU6050_setFullScaleGyroRange
 .text.MPU6050_setFullScaleAccelRange
                0x00000230       0x20 .\CortexM3\ARM_GCC_493\Debug\MPU6050.o
                0x00000230                MPU6050_setFullScaleAccelRange
 .text.MPU6050_getMotion6
                0x00000250       0x68 .\CortexM3\ARM_GCC_493\Debug\MPU6050.o
                0x00000250                MPU6050_getMotion6
 .text.MPU6050_setSleepEnabled
                0x000002b8       0x18 .\CortexM3\ARM_GCC_493\Debug\MPU6050.o
                0x000002b8                MPU6050_setSleepEnabled
 .text.MPU6050_setClockSource
                0x000002d0       0x20 .\CortexM3\ARM_GCC_493\Debug\MPU6050.o
                0x000002d0                MPU6050_setClockSource
 .text.MPU6050_initialize
                0x000002f0       0x1c .\CortexM3\ARM_GCC_493\Debug\MPU6050.o
                0x000002f0                MPU6050_initialize
 .text.MPU6050_getXAccelOffset
                0x0000030c       0x24 .\CortexM3\ARM_GCC_493\Debug\MPU6050.o
                0x0000030c                MPU6050_getXAccelOffset
 .text.MPU6050_getYAccelOffset
                0x00000330       0x24 .\CortexM3\ARM_GCC_493\Debug\MPU6050.o
                0x00000330                MPU6050_getYAccelOffset
 .text.MPU6050_getZAccelOffset
                0x00000354       0x24 .\CortexM3\ARM_GCC_493\Debug\MPU6050.o
                0x00000354                MPU6050_getZAccelOffset
 .text.MPU6050_getXGyroOffset
                0x00000378       0x24 .\CortexM3\ARM_GCC_493\Debug\MPU6050.o
                0x00000378                MPU6050_getXGyroOffset
 .text.MPU6050_getYGyroOffset
                0x0000039c       0x24 .\CortexM3\ARM_GCC_493\Debug\MPU6050.o
                0x0000039c                MPU6050_getYGyroOffset
 .text.MPU6050_getZGyroOffset
                0x000003c0       0x24 .\CortexM3\ARM_GCC_493\Debug\MPU6050.o
                0x000003c0                MPU6050_getZGyroOffset
 .text.I2Cdev_readBytes
                0x000003e4       0x40 .\CortexM3\ARM_GCC_493\Debug\I2Cdev.o
                0x000003e4                I2Cdev_readBytes
 .text.I2Cdev_readByte
                0x00000424        0xc .\CortexM3\ARM_GCC_493\Debug\I2Cdev.o
                0x00000424                I2Cdev_readByte
 .text.I2Cdev_writeBytes
                0x00000430       0x3c .\CortexM3\ARM_GCC_493\Debug\I2Cdev.o
                0x00000430                I2Cdev_writeBytes
 .text.I2Cdev_writeByte
                0x0000046c       0x18 .\CortexM3\ARM_GCC_493\Debug\I2Cdev.o
                0x0000046c                I2Cdev_writeByte
 .text.I2Cdev_writeBit
                0x00000484       0x40 .\CortexM3\ARM_GCC_493\Debug\I2Cdev.o
                0x00000484                I2Cdev_writeBit
 .text.I2Cdev_writeBits
                0x000004c4       0x4c .\CortexM3\ARM_GCC_493\Debug\I2Cdev.o
                0x000004c4                I2Cdev_writeBits
 .text.IntDefaultHandler
                0x00000510        0x4 .\CortexM3\ARM_GCC_493\Debug\Cm3Start.o
                0x00000510                IntDefaultHandler
 .text.Start_c  0x00000514       0x4c .\CortexM3\ARM_GCC_493\Debug\Cm3Start.o
                0x00000514                Start_c
 .text.initialize_psoc
                0x00000560       0x74 .\CortexM3\ARM_GCC_493\Debug\Cm3Start.o
                0x00000560                initialize_psoc
 .text.CyClockStartupError
                0x000005d4        0x4 .\CortexM3\ARM_GCC_493\Debug\AI_mini_main.a(cyfitter_cfg.o)
 .text.cfg_write_bytes32
                0x000005d8       0x34 .\CortexM3\ARM_GCC_493\Debug\AI_mini_main.a(cyfitter_cfg.o)
 .text.AnalogSetDefault
                0x0000060c       0x74 .\CortexM3\ARM_GCC_493\Debug\AI_mini_main.a(cyfitter_cfg.o)
 .text.CYMEMZERO
                0x00000680        0xc .\CortexM3\ARM_GCC_493\Debug\AI_mini_main.a(cyfitter_cfg.o)
 .text.ClockSetup
                0x0000068c       0xe8 .\CortexM3\ARM_GCC_493\Debug\AI_mini_main.a(cyfitter_cfg.o)
 .text.CYCONFIGCPY
                0x00000774        0x8 .\CortexM3\ARM_GCC_493\Debug\AI_mini_main.a(cyfitter_cfg.o)
 .text.cyfitter_cfg
                0x0000077c      0x11c .\CortexM3\ARM_GCC_493\Debug\AI_mini_main.a(cyfitter_cfg.o)
                0x0000077c                cyfitter_cfg
 .text.PWM_motor_Enable
                0x00000898       0x10 .\CortexM3\ARM_GCC_493\Debug\AI_mini_main.a(PWM_motor.o)
                0x00000898                PWM_motor_Enable
 .text.PWM_motor_WriteCounter
                0x000008a8        0xc .\CortexM3\ARM_GCC_493\Debug\AI_mini_main.a(PWM_motor.o)
                0x000008a8                PWM_motor_WriteCounter
 .text.PWM_motor_WritePeriod
                0x000008b4        0xc .\CortexM3\ARM_GCC_493\Debug\AI_mini_main.a(PWM_motor.o)
                0x000008b4                PWM_motor_WritePeriod
 .text.PWM_motor_WriteCompare1
                0x000008c0        0xc .\CortexM3\ARM_GCC_493\Debug\AI_mini_main.a(PWM_motor.o)
                0x000008c0                PWM_motor_WriteCompare1
 .text.PWM_motor_WriteCompare2
                0x000008cc        0xc .\CortexM3\ARM_GCC_493\Debug\AI_mini_main.a(PWM_motor.o)
                0x000008cc                PWM_motor_WriteCompare2
 .text.PWM_motor_SetInterruptMode
                0x000008d8        0xc .\CortexM3\ARM_GCC_493\Debug\AI_mini_main.a(PWM_motor.o)
                0x000008d8                PWM_motor_SetInterruptMode
 .text.PWM_motor_ReadStatusRegister
                0x000008e4        0xc .\CortexM3\ARM_GCC_493\Debug\AI_mini_main.a(PWM_motor.o)
                0x000008e4                PWM_motor_ReadStatusRegister
 .text.PWM_motor_ReadCapture
                0x000008f0        0xc .\CortexM3\ARM_GCC_493\Debug\AI_mini_main.a(PWM_motor.o)
                0x000008f0                PWM_motor_ReadCapture
 .text.PWM_motor_ClearFIFO
                0x000008fc       0x14 .\CortexM3\ARM_GCC_493\Debug\AI_mini_main.a(PWM_motor.o)
                0x000008fc                PWM_motor_ClearFIFO
 .text.PWM_motor_Init
                0x00000910       0x64 .\CortexM3\ARM_GCC_493\Debug\AI_mini_main.a(PWM_motor.o)
                0x00000910                PWM_motor_Init
 .text.PWM_motor_Start
                0x00000974       0x1c .\CortexM3\ARM_GCC_493\Debug\AI_mini_main.a(PWM_motor.o)
                0x00000974                PWM_motor_Start
 .text.I2C_Init
                0x00000990       0x68 .\CortexM3\ARM_GCC_493\Debug\AI_mini_main.a(I2C.o)
                0x00000990                I2C_Init
 .text.I2C_Enable
                0x000009f8       0x24 .\CortexM3\ARM_GCC_493\Debug\AI_mini_main.a(I2C.o)
                0x000009f8                I2C_Enable
 .text.I2C_Start
                0x00000a1c       0x28 .\CortexM3\ARM_GCC_493\Debug\AI_mini_main.a(I2C.o)
                0x00000a1c                I2C_Start
 .text.I2C_ISR  0x00000a44      0x2cc .\CortexM3\ARM_GCC_493\Debug\AI_mini_main.a(I2C_INT.o)
                0x00000a44                I2C_ISR
 .text.I2C_MasterWriteBuf
                0x00000d10       0xcc .\CortexM3\ARM_GCC_493\Debug\AI_mini_main.a(I2C_MASTER.o)
                0x00000d10                I2C_MasterWriteBuf
 .text.I2C_MasterReadBuf
                0x00000ddc       0xd0 .\CortexM3\ARM_GCC_493\Debug\AI_mini_main.a(I2C_MASTER.o)
                0x00000ddc                I2C_MasterReadBuf
 .text.I2C_MasterStatus
                0x00000eac       0x38 .\CortexM3\ARM_GCC_493\Debug\AI_mini_main.a(I2C_MASTER.o)
                0x00000eac                I2C_MasterStatus
 .text.ADC_SAR_Seq_CalcGain
                0x00000ee4       0x64 .\CortexM3\ARM_GCC_493\Debug\AI_mini_main.a(ADC_SAR_Seq.o)
 .text.ADC_SAR_Seq_Enable
                0x00000f48       0x94 .\CortexM3\ARM_GCC_493\Debug\AI_mini_main.a(ADC_SAR_Seq.o)
                0x00000f48                ADC_SAR_Seq_Enable
 .text.ADC_SAR_Seq_SetResolution
                0x00000fdc       0x38 .\CortexM3\ARM_GCC_493\Debug\AI_mini_main.a(ADC_SAR_Seq.o)
                0x00000fdc                ADC_SAR_Seq_SetResolution
 .text.ADC_SAR_Seq_Init
                0x00001014       0x3c .\CortexM3\ARM_GCC_493\Debug\AI_mini_main.a(ADC_SAR_Seq.o)
                0x00001014                ADC_SAR_Seq_Init
 .text.ADC_SAR_Seq_Start
                0x00001050       0x1c .\CortexM3\ARM_GCC_493\Debug\AI_mini_main.a(ADC_SAR_Seq.o)
                0x00001050                ADC_SAR_Seq_Start
 .text.ADC_SAR_Seq_StartConvert
                0x0000106c       0x10 .\CortexM3\ARM_GCC_493\Debug\AI_mini_main.a(ADC_SAR_Seq.o)
                0x0000106c                ADC_SAR_Seq_StartConvert
 .text.ADC_SAR_Seq_GetResult16
                0x0000107c       0x18 .\CortexM3\ARM_GCC_493\Debug\AI_mini_main.a(ADC_SAR_Seq.o)
                0x0000107c                ADC_SAR_Seq_GetResult16
 .text.ADC_SAR_Seq_ISR
                0x00001094        0x4 .\CortexM3\ARM_GCC_493\Debug\AI_mini_main.a(ADC_SAR_Seq_INT.o)
                0x00001094                ADC_SAR_Seq_ISR
 .text.QuadDec_1_GetCounter
                0x00001098       0x10 .\CortexM3\ARM_GCC_493\Debug\AI_mini_main.a(QuadDec_1.o)
                0x00001098                QuadDec_1_GetCounter
 .text.QuadDec_1_SetCounter
                0x000010a8       0x1c .\CortexM3\ARM_GCC_493\Debug\AI_mini_main.a(QuadDec_1.o)
                0x000010a8                QuadDec_1_SetCounter
 .text.QuadDec_1_GetEvents
                0x000010c4       0x10 .\CortexM3\ARM_GCC_493\Debug\AI_mini_main.a(QuadDec_1.o)
                0x000010c4                QuadDec_1_GetEvents
 .text.QuadDec_1_SetInterruptMask
                0x000010d4        0xc .\CortexM3\ARM_GCC_493\Debug\AI_mini_main.a(QuadDec_1.o)
                0x000010d4                QuadDec_1_SetInterruptMask
 .text.QuadDec_1_Enable
                0x000010e0       0x24 .\CortexM3\ARM_GCC_493\Debug\AI_mini_main.a(QuadDec_1.o)
                0x000010e0                QuadDec_1_Enable
 .text.QuadDec_1_Start
                0x00001104       0x24 .\CortexM3\ARM_GCC_493\Debug\AI_mini_main.a(QuadDec_1.o)
                0x00001104                QuadDec_1_Start
 .text.isr_flag_Interrupt
                0x00001128        0x4 .\CortexM3\ARM_GCC_493\Debug\AI_mini_main.a(isr_flag.o)
                0x00001128                isr_flag_Interrupt
 .text.isr_flag_SetVector
                0x0000112c        0xc .\CortexM3\ARM_GCC_493\Debug\AI_mini_main.a(isr_flag.o)
                0x0000112c                isr_flag_SetVector
 .text.isr_flag_SetPriority
                0x00001138       0x10 .\CortexM3\ARM_GCC_493\Debug\AI_mini_main.a(isr_flag.o)
                0x00001138                isr_flag_SetPriority
 .text.isr_flag_Enable
                0x00001148        0xc .\CortexM3\ARM_GCC_493\Debug\AI_mini_main.a(isr_flag.o)
                0x00001148                isr_flag_Enable
 .text.isr_flag_Disable
                0x00001154        0xc .\CortexM3\ARM_GCC_493\Debug\AI_mini_main.a(isr_flag.o)
                0x00001154                isr_flag_Disable
 .text.isr_flag_Start
                0x00001160       0x1c .\CortexM3\ARM_GCC_493\Debug\AI_mini_main.a(isr_flag.o)
                0x00001160                isr_flag_Start
 .text.isr_flag_StartEx
                0x0000117c       0x1c .\CortexM3\ARM_GCC_493\Debug\AI_mini_main.a(isr_flag.o)
                0x0000117c                isr_flag_StartEx
 .text.UART_1_Init
                0x00001198       0x30 .\CortexM3\ARM_GCC_493\Debug\AI_mini_main.a(UART_1.o)
                0x00001198                UART_1_Init
 .text.UART_1_Enable
                0x000011c8       0x34 .\CortexM3\ARM_GCC_493\Debug\AI_mini_main.a(UART_1.o)
                0x000011c8                UART_1_Enable
 .text.UART_1_Start
                0x000011fc       0x1c .\CortexM3\ARM_GCC_493\Debug\AI_mini_main.a(UART_1.o)
                0x000011fc                UART_1_Start
 .text.UART_1_TXISR
                0x00001218       0x58 .\CortexM3\ARM_GCC_493\Debug\AI_mini_main.a(UART_1_INT.o)
                0x00001218                UART_1_TXISR
 .text.ADC_SAR_Seq_theACLK_SetModeRegister
                0x00001270       0x14 .\CortexM3\ARM_GCC_493\Debug\AI_mini_main.a(ADC_SAR_Seq_theACLK.o)
                0x00001270                ADC_SAR_Seq_theACLK_SetModeRegister
 .text.QuadDec_1_Cnt16_Enable
                0x00001284       0x10 .\CortexM3\ARM_GCC_493\Debug\AI_mini_main.a(QuadDec_1_Cnt16.o)
                0x00001284                QuadDec_1_Cnt16_Enable
 .text.QuadDec_1_Cnt16_SetInterruptMode
                0x00001294        0xc .\CortexM3\ARM_GCC_493\Debug\AI_mini_main.a(QuadDec_1_Cnt16.o)
                0x00001294                QuadDec_1_Cnt16_SetInterruptMode
 .text.QuadDec_1_Cnt16_ReadStatusRegister
                0x000012a0        0xc .\CortexM3\ARM_GCC_493\Debug\AI_mini_main.a(QuadDec_1_Cnt16.o)
                0x000012a0                QuadDec_1_Cnt16_ReadStatusRegister
 .text.QuadDec_1_Cnt16_WriteCounter
                0x000012ac        0xc .\CortexM3\ARM_GCC_493\Debug\AI_mini_main.a(QuadDec_1_Cnt16.o)
                0x000012ac                QuadDec_1_Cnt16_WriteCounter
 .text.QuadDec_1_Cnt16_ReadCounter
                0x000012b8       0x14 .\CortexM3\ARM_GCC_493\Debug\AI_mini_main.a(QuadDec_1_Cnt16.o)
                0x000012b8                QuadDec_1_Cnt16_ReadCounter
 .text.QuadDec_1_Cnt16_ReadCapture
                0x000012cc        0xc .\CortexM3\ARM_GCC_493\Debug\AI_mini_main.a(QuadDec_1_Cnt16.o)
                0x000012cc                QuadDec_1_Cnt16_ReadCapture
 .text.QuadDec_1_Cnt16_WritePeriod
                0x000012d8        0xc .\CortexM3\ARM_GCC_493\Debug\AI_mini_main.a(QuadDec_1_Cnt16.o)
                0x000012d8                QuadDec_1_Cnt16_WritePeriod
 .text.QuadDec_1_Cnt16_WriteCompare
                0x000012e4        0xc .\CortexM3\ARM_GCC_493\Debug\AI_mini_main.a(QuadDec_1_Cnt16.o)
                0x000012e4                QuadDec_1_Cnt16_WriteCompare
 .text.QuadDec_1_Cnt16_ClearFIFO
                0x000012f0       0x14 .\CortexM3\ARM_GCC_493\Debug\AI_mini_main.a(QuadDec_1_Cnt16.o)
                0x000012f0                QuadDec_1_Cnt16_ClearFIFO
 .text.QuadDec_1_Cnt16_Init
                0x00001304       0x58 .\CortexM3\ARM_GCC_493\Debug\AI_mini_main.a(QuadDec_1_Cnt16.o)
                0x00001304                QuadDec_1_Cnt16_Init
 .text.QuadDec_1_Cnt16_Start
                0x0000135c       0x1c .\CortexM3\ARM_GCC_493\Debug\AI_mini_main.a(QuadDec_1_Cnt16.o)
                0x0000135c                QuadDec_1_Cnt16_Start
 .text.UART_1_IntClock_Start
                0x00001378       0x1c .\CortexM3\ARM_GCC_493\Debug\AI_mini_main.a(UART_1_IntClock.o)
                0x00001378                UART_1_IntClock_Start
 *fill*         0x00001394        0x4 
 .text          0x00001398       0x20 .\CortexM3\ARM_GCC_493\Debug\AI_mini_main.a(CyBootAsmGnu.o)
                0x00001398                CyDelayCycles
                0x000013a8                CyEnterCriticalSection
                0x000013b0                CyExitCriticalSection
 .text.CyHalt   0x000013b8        0x4 .\CortexM3\ARM_GCC_493\Debug\AI_mini_main.a(CyLib.o)
                0x000013b8                CyHalt
 .text.CyDelay  0x000013bc       0x2c .\CortexM3\ARM_GCC_493\Debug\AI_mini_main.a(CyLib.o)
                0x000013bc                CyDelay
 .text.CyDelayUs
                0x000013e8       0x14 .\CortexM3\ARM_GCC_493\Debug\AI_mini_main.a(CyLib.o)
                0x000013e8                CyDelayUs
 .text.CyIntSetVector
                0x000013fc       0x28 .\CortexM3\ARM_GCC_493\Debug\AI_mini_main.a(CyLib.o)
                0x000013fc                CyIntSetVector
 .text.CyIntSetPriority
                0x00001424       0x30 .\CortexM3\ARM_GCC_493\Debug\AI_mini_main.a(CyLib.o)
                0x00001424                CyIntSetPriority
 .text.__libc_init_array
                0x00001454       0x4c c:/program files (x86)/cypress/psoc creator/3.3/psoc creator/import/gnu/arm/4.9.3/bin/../lib/gcc/arm-none-eabi/4.9.3/../../../../arm-none-eabi/lib/armv7-m\libg_nano.a(lib_a-init.o)
                0x00001454                __libc_init_array
 .text.memcpy   0x000014a0       0x16 c:/program files (x86)/cypress/psoc creator/3.3/psoc creator/import/gnu/arm/4.9.3/bin/../lib/gcc/arm-none-eabi/4.9.3/../../../../arm-none-eabi/lib/armv7-m\libg_nano.a(lib_a-memcpy.o)
                0x000014a0                memcpy
 .text.memset   0x000014b6       0x10 c:/program files (x86)/cypress/psoc creator/3.3/psoc creator/import/gnu/arm/4.9.3/bin/../lib/gcc/arm-none-eabi/4.9.3/../../../../arm-none-eabi/lib/armv7-m\libg_nano.a(lib_a-memset.o)
                0x000014b6                memset
 .text.strcpy   0x000014c6       0x10 c:/program files (x86)/cypress/psoc creator/3.3/psoc creator/import/gnu/arm/4.9.3/bin/../lib/gcc/arm-none-eabi/4.9.3/../../../../arm-none-eabi/lib/armv7-m\libg_nano.a(lib_a-strcpy.o)
                0x000014c6                strcpy
 *(.plt)
 *(.gnu.warning)
 *(.glue_7t)
 .glue_7t       0x00000000        0x0 linker stubs
 *(.glue_7)
 .glue_7        0x00000000        0x0 linker stubs
 *(.vfp11_veneer)
 .vfp11_veneer  0x00000000        0x0 linker stubs
 *(.bootloader)
 *(.ARM.extab* .gnu.linkonce.armextab.*)
 *(.gcc_except_table)

.v4_bx          0x000014d8        0x0
 .v4_bx         0x00000000        0x0 linker stubs

.iplt           0x000014d8        0x0
 .iplt          0x00000000        0x0 c:/program files (x86)/cypress/psoc creator/3.3/psoc creator/import/gnu/arm/4.9.3/bin/../lib/gcc/arm-none-eabi/4.9.3/armv7-m/crtbegin.o

.eh_frame_hdr
 *(.eh_frame_hdr)

.eh_frame       0x000014d8        0x4
 *(.eh_frame)
 .eh_frame      0x000014d8        0x0 c:/program files (x86)/cypress/psoc creator/3.3/psoc creator/import/gnu/arm/4.9.3/bin/../lib/gcc/arm-none-eabi/4.9.3/armv7-m/crtbegin.o
 .eh_frame      0x000014d8        0x4 c:/program files (x86)/cypress/psoc creator/3.3/psoc creator/import/gnu/arm/4.9.3/bin/../lib/gcc/arm-none-eabi/4.9.3/armv7-m/crtend.o
                0x000014dc                PROVIDE (__exidx_start, .)

.ARM.exidx
 *(.ARM.exidx* .gnu.linkonce.armexidx.*)
                0x000014dc                __exidx_end = .

.rodata         0x000014dc       0x64
 *(.rodata .rodata.* .gnu.linkonce.r.*)
 .rodata        0x000014dc       0x30 .\CortexM3\ARM_GCC_493\Debug\AI_mini_main.a(cyfitter_cfg.o)
                0x0000150c                . = ALIGN (0x4)
 *(.init)
 .init          0x0000150c        0x4 c:/program files (x86)/cypress/psoc creator/3.3/psoc creator/import/gnu/arm/4.9.3/bin/../lib/gcc/arm-none-eabi/4.9.3/armv7-m/crti.o
                0x0000150c                _init
 .init          0x00001510        0x8 c:/program files (x86)/cypress/psoc creator/3.3/psoc creator/import/gnu/arm/4.9.3/bin/../lib/gcc/arm-none-eabi/4.9.3/armv7-m/crtn.o
                0x00001518                . = ALIGN (0x4)
                0x00001518                __preinit_array_start = .
 *(.preinit_array)
                0x00001518                __preinit_array_end = .
                0x00001518                . = ALIGN (0x4)
                0x00001518                __init_array_start = .
 *(SORT(.init_array.*))
 *(.init_array)
 .init_array    0x00001518        0x4 c:/program files (x86)/cypress/psoc creator/3.3/psoc creator/import/gnu/arm/4.9.3/bin/../lib/gcc/arm-none-eabi/4.9.3/armv7-m/crtbegin.o
 .init_array    0x0000151c        0x4 .\CortexM3\ARM_GCC_493\Debug\Cm3Start.o
                0x00001520                __init_array_end = .
                0x00001520                . = ALIGN (0x4)
 *(.fini)
 .fini          0x00001520        0x4 c:/program files (x86)/cypress/psoc creator/3.3/psoc creator/import/gnu/arm/4.9.3/bin/../lib/gcc/arm-none-eabi/4.9.3/armv7-m/crti.o
                0x00001520                _fini
 .fini          0x00001524        0x8 c:/program files (x86)/cypress/psoc creator/3.3/psoc creator/import/gnu/arm/4.9.3/bin/../lib/gcc/arm-none-eabi/4.9.3/armv7-m/crtn.o
                0x0000152c                . = ALIGN (0x4)
                0x0000152c                __fini_array_start = .
 *(.fini_array)
 .fini_array    0x0000152c        0x4 c:/program files (x86)/cypress/psoc creator/3.3/psoc creator/import/gnu/arm/4.9.3/bin/../lib/gcc/arm-none-eabi/4.9.3/armv7-m/crtbegin.o
 *(SORT(.fini_array.*))
                0x00001530                __fini_array_end = .
                0x00001530                . = ALIGN (0x4)
 *crtbegin.o(.ctors)
 *(EXCLUDE_FILE(*crtend.o) .ctors)
 *(SORT(.ctors.*))
 *crtend.o(.ctors)
                0x00001530                . = ALIGN (0x4)
 *crtbegin.o(.dtors)
 *(EXCLUDE_FILE(*crtend.o) .dtors)
 *(SORT(.dtors.*))
 *crtend.o(.dtors)
                0x00001530                . = ALIGN (0x4)
                0x00001530                __cy_regions = .
                0x00001530        0x4 LONG 0x1540 __cy_region_init_ram
                0x00001534        0x4 LONG 0x1fff8108 __cy_region_start_data
                0x00001538        0x4 LONG 0x18 __cy_region_init_size_ram
                0x0000153c        0x4 LONG 0x158 __cy_region_zero_size_ram
                0x00001540                __cy_regions_end = .
                0x00001540                . = ALIGN (0x8)
                0x00001540                _etext = .

.cy_checksum_exclude
                0x00001540        0x0
 *(.cy_checksum_exclude)

.ramvectors     0x1fff8000      0x100
                0x1fff8000                __cy_region_start_ram = .
 *(.ramvectors)
 .ramvectors    0x1fff8000      0x100 .\CortexM3\ARM_GCC_493\Debug\Cm3Start.o
                0x1fff8000                CyRamVectors

.noinit         0x1fff8100        0x5
 *(.noinit)
 .noinit        0x1fff8100        0x4 .\CortexM3\ARM_GCC_493\Debug\Cm3Start.o
 .noinit        0x1fff8104        0x1 .\CortexM3\ARM_GCC_493\Debug\AI_mini_main.a(CyLib.o)
                0x1fff8104                CyResetStatus

.data           0x1fff8108       0x18 load address 0x00001540
                0x1fff8108                __cy_region_start_data = .
 *(.jcr)
 .jcr           0x1fff8108        0x0 c:/program files (x86)/cypress/psoc creator/3.3/psoc creator/import/gnu/arm/4.9.3/bin/../lib/gcc/arm-none-eabi/4.9.3/armv7-m/crtbegin.o
 .jcr           0x1fff8108        0x4 c:/program files (x86)/cypress/psoc creator/3.3/psoc creator/import/gnu/arm/4.9.3/bin/../lib/gcc/arm-none-eabi/4.9.3/armv7-m/crtend.o
 *(.got.plt)
 *(.got)
 *(.shdata)
 *(.data .data.* .gnu.linkonce.d.*)
 .data          0x1fff810c       0x10 .\CortexM3\ARM_GCC_493\Debug\AI_mini_main.a(CyLib.o)
                0x1fff810c                cydelay_32k_ms
                0x1fff8110                cydelay_freq_khz
                0x1fff8114                cydelay_freq_mhz
                0x1fff8118                cydelay_freq_hz
                0x1fff8120                . = ALIGN (0x8)
 *fill*         0x1fff811c        0x4 
 *(.ram)
                0x1fff8120                _edata = .

.igot.plt       0x1fff8120        0x0 load address 0x00001558
 .igot.plt      0x00000000        0x0 c:/program files (x86)/cypress/psoc creator/3.3/psoc creator/import/gnu/arm/4.9.3/bin/../lib/gcc/arm-none-eabi/4.9.3/armv7-m/crtbegin.o

.bss            0x1fff8120      0x158 load address 0x00001558
                0x1fff8120                PROVIDE (__bss_start__, .)
 *(.shbss)
 *(.bss .bss.* .gnu.linkonce.b.*)
 .bss           0x1fff8120       0x1c c:/program files (x86)/cypress/psoc creator/3.3/psoc creator/import/gnu/arm/4.9.3/bin/../lib/gcc/arm-none-eabi/4.9.3/armv7-m/crtbegin.o
 .bss           0x1fff813c        0x4 .\CortexM3\ARM_GCC_493\Debug\main.o
                0x1fff813c                isr_flag
 .bss           0x1fff8140        0x1 .\CortexM3\ARM_GCC_493\Debug\AI_mini_main.a(PWM_motor.o)
                0x1fff8140                PWM_motor_initVar
 .bss           0x1fff8141        0x1 .\CortexM3\ARM_GCC_493\Debug\AI_mini_main.a(I2C.o)
                0x1fff8141                I2C_initVar
 .bss           0x1fff8142        0x1 .\CortexM3\ARM_GCC_493\Debug\AI_mini_main.a(ADC_SAR_Seq.o)
                0x1fff8142                ADC_SAR_Seq_initVar
 .bss           0x1fff8143        0x1 .\CortexM3\ARM_GCC_493\Debug\AI_mini_main.a(QuadDec_1.o)
                0x1fff8143                QuadDec_1_initVar
 .bss           0x1fff8144        0x4 .\CortexM3\ARM_GCC_493\Debug\AI_mini_main.a(UART_1.o)
                0x1fff8144                UART_1_initVar
                0x1fff8145                UART_1_txBufferRead
                0x1fff8146                UART_1_txBufferWrite
 .bss           0x1fff8148        0x1 .\CortexM3\ARM_GCC_493\Debug\AI_mini_main.a(QuadDec_1_Cnt16.o)
                0x1fff8148                QuadDec_1_Cnt16_initVar
 *(COMMON)
 *fill*         0x1fff8149        0x3 
 COMMON         0x1fff814c        0xf .\CortexM3\ARM_GCC_493\Debug\MPU6050.o
                0x1fff814c                mpu6050
 COMMON         0x1fff815b        0x1 .\CortexM3\ARM_GCC_493\Debug\AI_mini_main.a(I2C.o)
                0x1fff815b                I2C_state
 COMMON         0x1fff815c       0x10 .\CortexM3\ARM_GCC_493\Debug\AI_mini_main.a(I2C_MASTER.o)
                0x1fff815c                I2C_mstrWrBufIndex
                0x1fff815d                I2C_mstrWrBufSize
                0x1fff815e                I2C_mstrStatus
                0x1fff8160                I2C_mstrRdBufPtr
                0x1fff8164                I2C_mstrControl
                0x1fff8165                I2C_mstrRdBufSize
                0x1fff8166                I2C_mstrRdBufIndex
                0x1fff8168                I2C_mstrWrBufPtr
 COMMON         0x1fff816c        0xc .\CortexM3\ARM_GCC_493\Debug\AI_mini_main.a(ADC_SAR_Seq.o)
                0x1fff816c                ADC_SAR_Seq_shift
                0x1fff8170                ADC_SAR_Seq_countsPer10Volt
                0x1fff8174                ADC_SAR_Seq_offset
                0x1fff8176                ADC_SAR_Seq_countsPerVolt
 COMMON         0x1fff8178       0xff .\CortexM3\ARM_GCC_493\Debug\AI_mini_main.a(UART_1.o)
                0x1fff8178                UART_1_txBuffer
                0x1fff8278                . = ALIGN (0x8)
 *fill*         0x1fff8277        0x1 
 *(.ram.b)
                0x1fff8278                _end = .
                0x1fff8278                __end = .
                0x1fff8278                PROVIDE (end, .)
                0x1fff8278                PROVIDE (__bss_end__, .)
                0x00001540                __cy_region_init_ram = LOADADDR (.data)
                0x00000018                __cy_region_init_size_ram = (_edata - ADDR (.data))
                0x00000158                __cy_region_zero_size_ram = (_end - _edata)

.heap           0x1fff8278       0x80 load address 0x00001558
                0x1fff8278                . = _end
                0x1fff82f8                . = (. + 0x80)
 *fill*         0x1fff8278       0x80 
                0x1fff82f8                __cy_heap_limit = .

.stack          0x20007800      0x800
                0x20007800                __cy_stack_limit = .
                0x20008000                . = (. + 0x800)
 *fill*         0x20007800      0x800 
                0x00000001                ASSERT ((__cy_stack_limit >= __cy_heap_limit), region RAM overflowed with stack)
                0x00000000                cy_checksum_exclude_size = (CY_APPL_LOADABLE == 0x1)?SIZEOF (.cy_checksum_exclude):0x0
                0x00000001                ASSERT ((cy_checksum_exclude_size <= CY_CHECKSUM_EXCLUDE_SIZE), CY_BOOT: Section .cy_checksum_exclude size exceedes specified limit.)

.cyloadermeta
 *(.cyloadermeta)

.cyloadablemeta
 *(.cyloadablemeta)

.cyconfigecc    0x80000000      0x744
 *(.cyconfigecc)
 .cyconfigecc   0x80000000      0x744 .\CortexM3\ARM_GCC_493\Debug\cymetadata.o
                0x80000000                cy_meta_configecc

.cycustnvl      0x90000000        0x4
 *(.cycustnvl)
 .cycustnvl     0x90000000        0x4 .\CortexM3\ARM_GCC_493\Debug\cymetadata.o
                0x90000000                cy_meta_custnvl

.cywolatch      0x90100000        0x4
 *(.cywolatch)
 .cywolatch     0x90100000        0x4 .\CortexM3\ARM_GCC_493\Debug\cymetadata.o
                0x90100000                cy_meta_wonvl

.cyeeprom       0x90200000        0x0
 *(.cyeeprom)
                0x00000001                ASSERT ((. <= ((0x90200000 + ee_offset) + ee_size)), .cyeeprom data will not fit in EEPROM)

.cyflashprotect
                0x90400000      0x100
 *(.cyflashprotect)
 .cyflashprotect
                0x90400000      0x100 .\CortexM3\ARM_GCC_493\Debug\cymetadata.o
                0x90400000                cy_meta_flashprotect

.cymeta         0x90500000        0xc
 *(.cymeta)
 .cymeta        0x90500000        0xc .\CortexM3\ARM_GCC_493\Debug\cymetadata.o
                0x90500000                cy_metadata

.rel.dyn        0x00001558        0x0 load address 0x9050000c
 .rel.iplt      0x00000000        0x0 c:/program files (x86)/cypress/psoc creator/3.3/psoc creator/import/gnu/arm/4.9.3/bin/../lib/gcc/arm-none-eabi/4.9.3/armv7-m/crtbegin.o

.stab
 *(.stab)

.stabstr
 *(.stabstr)

.debug
 *(.debug)

.line
 *(.line)

.debug_srcinfo
 *(.debug_srcinfo)

.debug_sfnames
 *(.debug_sfnames)

.debug_aranges  0x00000000     0x1370
 *(.debug_aranges)
 .debug_aranges
                0x00000000       0x28 .\CortexM3\ARM_GCC_493\Debug\main.o
 .debug_aranges
                0x00000028      0x818 .\CortexM3\ARM_GCC_493\Debug\MPU6050.o
 .debug_aranges
                0x00000840       0x98 .\CortexM3\ARM_GCC_493\Debug\I2Cdev.o
 .debug_aranges
                0x000008d8       0x18 .\CortexM3\ARM_GCC_493\Debug\cymetadata.o
 .debug_aranges
                0x000008f0       0x48 .\CortexM3\ARM_GCC_493\Debug\Cm3Start.o
 .debug_aranges
                0x00000938       0x58 .\CortexM3\ARM_GCC_493\Debug\AI_mini_main.a(cyfitter_cfg.o)
 .debug_aranges
                0x00000990       0xa8 .\CortexM3\ARM_GCC_493\Debug\AI_mini_main.a(PWM_motor.o)
 .debug_aranges
                0x00000a38       0x38 .\CortexM3\ARM_GCC_493\Debug\AI_mini_main.a(I2C.o)
 .debug_aranges
                0x00000a70       0x20 .\CortexM3\ARM_GCC_493\Debug\AI_mini_main.a(I2C_INT.o)
 .debug_aranges
                0x00000a90       0x38 .\CortexM3\ARM_GCC_493\Debug\AI_mini_main.a(I2C_PM.o)
 .debug_aranges
                0x00000ac8       0x80 .\CortexM3\ARM_GCC_493\Debug\AI_mini_main.a(I2C_MASTER.o)
 .debug_aranges
                0x00000b48       0xa8 .\CortexM3\ARM_GCC_493\Debug\AI_mini_main.a(ADC_SAR_Seq.o)
 .debug_aranges
                0x00000bf0       0x20 .\CortexM3\ARM_GCC_493\Debug\AI_mini_main.a(ADC_SAR_Seq_INT.o)
 .debug_aranges
                0x00000c10       0x60 .\CortexM3\ARM_GCC_493\Debug\AI_mini_main.a(QuadDec_1.o)
 .debug_aranges
                0x00000c70       0x80 .\CortexM3\ARM_GCC_493\Debug\AI_mini_main.a(isr_flag.o)
 .debug_aranges
                0x00000cf0       0xa0 .\CortexM3\ARM_GCC_493\Debug\AI_mini_main.a(UART_1.o)
 .debug_aranges
                0x00000d90       0x20 .\CortexM3\ARM_GCC_493\Debug\AI_mini_main.a(UART_1_INT.o)
 .debug_aranges
                0x00000db0       0x70 .\CortexM3\ARM_GCC_493\Debug\AI_mini_main.a(ADC_SAR_Seq_theACLK.o)
 .debug_aranges
                0x00000e20       0x98 .\CortexM3\ARM_GCC_493\Debug\AI_mini_main.a(QuadDec_1_Cnt16.o)
 .debug_aranges
                0x00000eb8       0x70 .\CortexM3\ARM_GCC_493\Debug\AI_mini_main.a(UART_1_IntClock.o)
 .debug_aranges
                0x00000f28       0x20 .\CortexM3\ARM_GCC_493\Debug\AI_mini_main.a(CyBootAsmGnu.o)
 .debug_aranges
                0x00000f48      0x298 .\CortexM3\ARM_GCC_493\Debug\AI_mini_main.a(CyLib.o)
 .debug_aranges
                0x000011e0       0x98 .\CortexM3\ARM_GCC_493\Debug\AI_mini_main.a(cyPm.o)
 .debug_aranges
                0x00001278       0x80 .\CortexM3\ARM_GCC_493\Debug\AI_mini_main.a(CyFlash.o)
 .debug_aranges
                0x000012f8       0x78 .\CortexM3\ARM_GCC_493\Debug\AI_mini_main.a(CySpc.o)

.debug_pubnames
 *(.debug_pubnames)

.debug_info     0x00000000     0xab46
 *(.debug_info .gnu.linkonce.wi.*)
 .debug_info    0x00000000      0x5f7 .\CortexM3\ARM_GCC_493\Debug\main.o
 .debug_info    0x000005f7     0x3dc3 .\CortexM3\ARM_GCC_493\Debug\MPU6050.o
 .debug_info    0x000043ba      0xb7a .\CortexM3\ARM_GCC_493\Debug\I2Cdev.o
 .debug_info    0x00004f34      0x13f .\CortexM3\ARM_GCC_493\Debug\cymetadata.o
 .debug_info    0x00005073      0x3a5 .\CortexM3\ARM_GCC_493\Debug\Cm3Start.o
 .debug_info    0x00005418      0x53b .\CortexM3\ARM_GCC_493\Debug\AI_mini_main.a(cyfitter_cfg.o)
 .debug_info    0x00005953      0x39b .\CortexM3\ARM_GCC_493\Debug\AI_mini_main.a(PWM_motor.o)
 .debug_info    0x00005cee      0x2d9 .\CortexM3\ARM_GCC_493\Debug\AI_mini_main.a(I2C.o)
 .debug_info    0x00005fc7      0x17f .\CortexM3\ARM_GCC_493\Debug\AI_mini_main.a(I2C_INT.o)
 .debug_info    0x00006146      0x1fe .\CortexM3\ARM_GCC_493\Debug\AI_mini_main.a(I2C_PM.o)
 .debug_info    0x00006344      0x400 .\CortexM3\ARM_GCC_493\Debug\AI_mini_main.a(I2C_MASTER.o)
 .debug_info    0x00006744      0x5f8 .\CortexM3\ARM_GCC_493\Debug\AI_mini_main.a(ADC_SAR_Seq.o)
 .debug_info    0x00006d3c       0x92 .\CortexM3\ARM_GCC_493\Debug\AI_mini_main.a(ADC_SAR_Seq_INT.o)
 .debug_info    0x00006dce      0x2d1 .\CortexM3\ARM_GCC_493\Debug\AI_mini_main.a(QuadDec_1.o)
 .debug_info    0x0000709f      0x2cb .\CortexM3\ARM_GCC_493\Debug\AI_mini_main.a(isr_flag.o)
 .debug_info    0x0000736a      0x545 .\CortexM3\ARM_GCC_493\Debug\AI_mini_main.a(UART_1.o)
 .debug_info    0x000078af       0xef .\CortexM3\ARM_GCC_493\Debug\AI_mini_main.a(UART_1_INT.o)
 .debug_info    0x0000799e      0x283 .\CortexM3\ARM_GCC_493\Debug\AI_mini_main.a(ADC_SAR_Seq_theACLK.o)
 .debug_info    0x00007c21      0x343 .\CortexM3\ARM_GCC_493\Debug\AI_mini_main.a(QuadDec_1_Cnt16.o)
 .debug_info    0x00007f64      0x283 .\CortexM3\ARM_GCC_493\Debug\AI_mini_main.a(UART_1_IntClock.o)
 .debug_info    0x000081e7       0x9c .\CortexM3\ARM_GCC_493\Debug\AI_mini_main.a(CyBootAsmGnu.o)
 .debug_info    0x00008283     0x1371 .\CortexM3\ARM_GCC_493\Debug\AI_mini_main.a(CyLib.o)
 .debug_info    0x000095f4      0xa58 .\CortexM3\ARM_GCC_493\Debug\AI_mini_main.a(cyPm.o)
 .debug_info    0x0000a04c      0x60a .\CortexM3\ARM_GCC_493\Debug\AI_mini_main.a(CyFlash.o)
 .debug_info    0x0000a656      0x4f0 .\CortexM3\ARM_GCC_493\Debug\AI_mini_main.a(CySpc.o)

.debug_abbrev   0x00000000     0x2377
 *(.debug_abbrev)
 .debug_abbrev  0x00000000      0x1e9 .\CortexM3\ARM_GCC_493\Debug\main.o
 .debug_abbrev  0x000001e9      0x22c .\CortexM3\ARM_GCC_493\Debug\MPU6050.o
 .debug_abbrev  0x00000415      0x1e2 .\CortexM3\ARM_GCC_493\Debug\I2Cdev.o
 .debug_abbrev  0x000005f7       0x77 .\CortexM3\ARM_GCC_493\Debug\cymetadata.o
 .debug_abbrev  0x0000066e      0x20f .\CortexM3\ARM_GCC_493\Debug\Cm3Start.o
 .debug_abbrev  0x0000087d      0x212 .\CortexM3\ARM_GCC_493\Debug\AI_mini_main.a(cyfitter_cfg.o)
 .debug_abbrev  0x00000a8f      0x14d .\CortexM3\ARM_GCC_493\Debug\AI_mini_main.a(PWM_motor.o)
 .debug_abbrev  0x00000bdc      0x15c .\CortexM3\ARM_GCC_493\Debug\AI_mini_main.a(I2C.o)
 .debug_abbrev  0x00000d38       0xbd .\CortexM3\ARM_GCC_493\Debug\AI_mini_main.a(I2C_INT.o)
 .debug_abbrev  0x00000df5      0x12b .\CortexM3\ARM_GCC_493\Debug\AI_mini_main.a(I2C_PM.o)
 .debug_abbrev  0x00000f20      0x13c .\CortexM3\ARM_GCC_493\Debug\AI_mini_main.a(I2C_MASTER.o)
 .debug_abbrev  0x0000105c      0x1eb .\CortexM3\ARM_GCC_493\Debug\AI_mini_main.a(ADC_SAR_Seq.o)
 .debug_abbrev  0x00001247       0x42 .\CortexM3\ARM_GCC_493\Debug\AI_mini_main.a(ADC_SAR_Seq_INT.o)
 .debug_abbrev  0x00001289      0x17e .\CortexM3\ARM_GCC_493\Debug\AI_mini_main.a(QuadDec_1.o)
 .debug_abbrev  0x00001407      0x173 .\CortexM3\ARM_GCC_493\Debug\AI_mini_main.a(isr_flag.o)
 .debug_abbrev  0x0000157a      0x1b8 .\CortexM3\ARM_GCC_493\Debug\AI_mini_main.a(UART_1.o)
 .debug_abbrev  0x00001732       0x79 .\CortexM3\ARM_GCC_493\Debug\AI_mini_main.a(UART_1_INT.o)
 .debug_abbrev  0x000017ab      0x139 .\CortexM3\ARM_GCC_493\Debug\AI_mini_main.a(ADC_SAR_Seq_theACLK.o)
 .debug_abbrev  0x000018e4      0x131 .\CortexM3\ARM_GCC_493\Debug\AI_mini_main.a(QuadDec_1_Cnt16.o)
 .debug_abbrev  0x00001a15      0x139 .\CortexM3\ARM_GCC_493\Debug\AI_mini_main.a(UART_1_IntClock.o)
 .debug_abbrev  0x00001b4e       0x14 .\CortexM3\ARM_GCC_493\Debug\AI_mini_main.a(CyBootAsmGnu.o)
 .debug_abbrev  0x00001b62      0x296 .\CortexM3\ARM_GCC_493\Debug\AI_mini_main.a(CyLib.o)
 .debug_abbrev  0x00001df8      0x1ed .\CortexM3\ARM_GCC_493\Debug\AI_mini_main.a(cyPm.o)
 .debug_abbrev  0x00001fe5      0x1d1 .\CortexM3\ARM_GCC_493\Debug\AI_mini_main.a(CyFlash.o)
 .debug_abbrev  0x000021b6      0x1c1 .\CortexM3\ARM_GCC_493\Debug\AI_mini_main.a(CySpc.o)

.debug_line     0x00000000     0x40ae
 *(.debug_line)
 .debug_line    0x00000000      0x23a .\CortexM3\ARM_GCC_493\Debug\main.o
 .debug_line    0x0000023a     0x13e9 .\CortexM3\ARM_GCC_493\Debug\MPU6050.o
 .debug_line    0x00001623      0x338 .\CortexM3\ARM_GCC_493\Debug\I2Cdev.o
 .debug_line    0x0000195b       0x53 .\CortexM3\ARM_GCC_493\Debug\cymetadata.o
 .debug_line    0x000019ae      0x249 .\CortexM3\ARM_GCC_493\Debug\Cm3Start.o
 .debug_line    0x00001bf7      0x1f6 .\CortexM3\ARM_GCC_493\Debug\AI_mini_main.a(cyfitter_cfg.o)
 .debug_line    0x00001ded      0x1b2 .\CortexM3\ARM_GCC_493\Debug\AI_mini_main.a(PWM_motor.o)
 .debug_line    0x00001f9f       0xdb .\CortexM3\ARM_GCC_493\Debug\AI_mini_main.a(I2C.o)
 .debug_line    0x0000207a      0x116 .\CortexM3\ARM_GCC_493\Debug\AI_mini_main.a(I2C_INT.o)
 .debug_line    0x00002190       0xbd .\CortexM3\ARM_GCC_493\Debug\AI_mini_main.a(I2C_PM.o)
 .debug_line    0x0000224d      0x1ff .\CortexM3\ARM_GCC_493\Debug\AI_mini_main.a(I2C_MASTER.o)
 .debug_line    0x0000244c      0x225 .\CortexM3\ARM_GCC_493\Debug\AI_mini_main.a(ADC_SAR_Seq.o)
 .debug_line    0x00002671       0x5a .\CortexM3\ARM_GCC_493\Debug\AI_mini_main.a(ADC_SAR_Seq_INT.o)
 .debug_line    0x000026cb      0x120 .\CortexM3\ARM_GCC_493\Debug\AI_mini_main.a(QuadDec_1.o)
 .debug_line    0x000027eb      0x14e .\CortexM3\ARM_GCC_493\Debug\AI_mini_main.a(isr_flag.o)
 .debug_line    0x00002939      0x231 .\CortexM3\ARM_GCC_493\Debug\AI_mini_main.a(UART_1.o)
 .debug_line    0x00002b6a       0x83 .\CortexM3\ARM_GCC_493\Debug\AI_mini_main.a(UART_1_INT.o)
 .debug_line    0x00002bed      0x19b .\CortexM3\ARM_GCC_493\Debug\AI_mini_main.a(ADC_SAR_Seq_theACLK.o)
 .debug_line    0x00002d88      0x191 .\CortexM3\ARM_GCC_493\Debug\AI_mini_main.a(QuadDec_1_Cnt16.o)
 .debug_line    0x00002f19      0x197 .\CortexM3\ARM_GCC_493\Debug\AI_mini_main.a(UART_1_IntClock.o)
 .debug_line    0x000030b0       0x68 .\CortexM3\ARM_GCC_493\Debug\AI_mini_main.a(CyBootAsmGnu.o)
 .debug_line    0x00003118      0x806 .\CortexM3\ARM_GCC_493\Debug\AI_mini_main.a(CyLib.o)
 .debug_line    0x0000391e      0x366 .\CortexM3\ARM_GCC_493\Debug\AI_mini_main.a(cyPm.o)
 .debug_line    0x00003c84      0x1ec .\CortexM3\ARM_GCC_493\Debug\AI_mini_main.a(CyFlash.o)
 .debug_line    0x00003e70      0x23e .\CortexM3\ARM_GCC_493\Debug\AI_mini_main.a(CySpc.o)

.debug_frame    0x00000000     0x3af0
 *(.debug_frame)
 .debug_frame   0x00000000       0x48 .\CortexM3\ARM_GCC_493\Debug\main.o
 .debug_frame   0x00000048     0x1cd0 .\CortexM3\ARM_GCC_493\Debug\MPU6050.o
 .debug_frame   0x00001d18      0x260 .\CortexM3\ARM_GCC_493\Debug\I2Cdev.o
 .debug_frame   0x00001f78       0xac .\CortexM3\ARM_GCC_493\Debug\Cm3Start.o
 .debug_frame   0x00002024       0xfc .\CortexM3\ARM_GCC_493\Debug\AI_mini_main.a(cyfitter_cfg.o)
 .debug_frame   0x00002120      0x154 .\CortexM3\ARM_GCC_493\Debug\AI_mini_main.a(PWM_motor.o)
 .debug_frame   0x00002274       0x90 .\CortexM3\ARM_GCC_493\Debug\AI_mini_main.a(I2C.o)
 .debug_frame   0x00002304       0x30 .\CortexM3\ARM_GCC_493\Debug\AI_mini_main.a(I2C_INT.o)
 .debug_frame   0x00002334       0x74 .\CortexM3\ARM_GCC_493\Debug\AI_mini_main.a(I2C_PM.o)
 .debug_frame   0x000023a8      0x138 .\CortexM3\ARM_GCC_493\Debug\AI_mini_main.a(I2C_MASTER.o)
 .debug_frame   0x000024e0      0x1a4 .\CortexM3\ARM_GCC_493\Debug\AI_mini_main.a(ADC_SAR_Seq.o)
 .debug_frame   0x00002684       0x20 .\CortexM3\ARM_GCC_493\Debug\AI_mini_main.a(ADC_SAR_Seq_INT.o)
 .debug_frame   0x000026a4       0xdc .\CortexM3\ARM_GCC_493\Debug\AI_mini_main.a(QuadDec_1.o)
 .debug_frame   0x00002780      0x104 .\CortexM3\ARM_GCC_493\Debug\AI_mini_main.a(isr_flag.o)
 .debug_frame   0x00002884      0x1a4 .\CortexM3\ARM_GCC_493\Debug\AI_mini_main.a(UART_1.o)
 .debug_frame   0x00002a28       0x20 .\CortexM3\ARM_GCC_493\Debug\AI_mini_main.a(UART_1_INT.o)
 .debug_frame   0x00002a48       0xe0 .\CortexM3\ARM_GCC_493\Debug\AI_mini_main.a(ADC_SAR_Seq_theACLK.o)
 .debug_frame   0x00002b28      0x134 .\CortexM3\ARM_GCC_493\Debug\AI_mini_main.a(QuadDec_1_Cnt16.o)
 .debug_frame   0x00002c5c       0xe0 .\CortexM3\ARM_GCC_493\Debug\AI_mini_main.a(UART_1_IntClock.o)
 .debug_frame   0x00002d3c      0x728 .\CortexM3\ARM_GCC_493\Debug\AI_mini_main.a(CyLib.o)
 .debug_frame   0x00003464      0x1f8 .\CortexM3\ARM_GCC_493\Debug\AI_mini_main.a(cyPm.o)
 .debug_frame   0x0000365c      0x174 .\CortexM3\ARM_GCC_493\Debug\AI_mini_main.a(CyFlash.o)
 .debug_frame   0x000037d0      0x160 .\CortexM3\ARM_GCC_493\Debug\AI_mini_main.a(CySpc.o)
 .debug_frame   0x00003930       0x28 c:/program files (x86)/cypress/psoc creator/3.3/psoc creator/import/gnu/arm/4.9.3/bin/../lib/gcc/arm-none-eabi/4.9.3/armv7-m\libgcc.a(_aeabi_ldivmod.o)
 .debug_frame   0x00003958       0x54 c:/program files (x86)/cypress/psoc creator/3.3/psoc creator/import/gnu/arm/4.9.3/bin/../lib/gcc/arm-none-eabi/4.9.3/armv7-m\libgcc.a(bpabi.o)
 .debug_frame   0x000039ac       0x34 c:/program files (x86)/cypress/psoc creator/3.3/psoc creator/import/gnu/arm/4.9.3/bin/../lib/gcc/arm-none-eabi/4.9.3/armv7-m\libgcc.a(_divdi3.o)
 .debug_frame   0x000039e0       0x34 c:/program files (x86)/cypress/psoc creator/3.3/psoc creator/import/gnu/arm/4.9.3/bin/../lib/gcc/arm-none-eabi/4.9.3/armv7-m\libgcc.a(_udivdi3.o)
 .debug_frame   0x00003a14       0x20 c:/program files (x86)/cypress/psoc creator/3.3/psoc creator/import/gnu/arm/4.9.3/bin/../lib/gcc/arm-none-eabi/4.9.3/../../../../arm-none-eabi/lib/armv7-m\libg_nano.a(lib_a-errno.o)
 .debug_frame   0x00003a34       0x28 c:/program files (x86)/cypress/psoc creator/3.3/psoc creator/import/gnu/arm/4.9.3/bin/../lib/gcc/arm-none-eabi/4.9.3/../../../../arm-none-eabi/lib/armv7-m\libg_nano.a(lib_a-exit.o)
 .debug_frame   0x00003a5c       0x2c c:/program files (x86)/cypress/psoc creator/3.3/psoc creator/import/gnu/arm/4.9.3/bin/../lib/gcc/arm-none-eabi/4.9.3/../../../../arm-none-eabi/lib/armv7-m\libg_nano.a(lib_a-init.o)
 .debug_frame   0x00003a88       0x28 c:/program files (x86)/cypress/psoc creator/3.3/psoc creator/import/gnu/arm/4.9.3/bin/../lib/gcc/arm-none-eabi/4.9.3/../../../../arm-none-eabi/lib/armv7-m\libg_nano.a(lib_a-memcpy.o)
 .debug_frame   0x00003ab0       0x20 c:/program files (x86)/cypress/psoc creator/3.3/psoc creator/import/gnu/arm/4.9.3/bin/../lib/gcc/arm-none-eabi/4.9.3/../../../../arm-none-eabi/lib/armv7-m\libg_nano.a(lib_a-memset.o)
 .debug_frame   0x00003ad0       0x20 c:/program files (x86)/cypress/psoc creator/3.3/psoc creator/import/gnu/arm/4.9.3/bin/../lib/gcc/arm-none-eabi/4.9.3/../../../../arm-none-eabi/lib/armv7-m\libg_nano.a(lib_a-strcpy.o)

.debug_str      0x00000000     0x4300
 *(.debug_str)
 .debug_str     0x00000000      0x438 .\CortexM3\ARM_GCC_493\Debug\main.o
                                0x4b9 (size before relaxing)
 .debug_str     0x00000438     0x1c1e .\CortexM3\ARM_GCC_493\Debug\MPU6050.o
                               0x1f15 (size before relaxing)
 .debug_str     0x00002056       0xfb .\CortexM3\ARM_GCC_493\Debug\I2Cdev.o
                                0x37d (size before relaxing)
 .debug_str     0x00002151       0x77 .\CortexM3\ARM_GCC_493\Debug\cymetadata.o
                                0x201 (size before relaxing)
 .debug_str     0x000021c8      0x152 .\CortexM3\ARM_GCC_493\Debug\Cm3Start.o
                                0x315 (size before relaxing)
 .debug_str     0x0000231a      0x147 .\CortexM3\ARM_GCC_493\Debug\AI_mini_main.a(cyfitter_cfg.o)
                                0x31a (size before relaxing)
 .debug_str     0x00002461      0x222 .\CortexM3\ARM_GCC_493\Debug\AI_mini_main.a(PWM_motor.o)
                                0x3e6 (size before relaxing)
 .debug_str     0x00002683      0x104 .\CortexM3\ARM_GCC_493\Debug\AI_mini_main.a(I2C.o)
                                0x2f9 (size before relaxing)
 .debug_str     0x00002787       0x88 .\CortexM3\ARM_GCC_493\Debug\AI_mini_main.a(I2C_INT.o)
                                0x26a (size before relaxing)
 .debug_str     0x0000280f       0x58 .\CortexM3\ARM_GCC_493\Debug\AI_mini_main.a(I2C_PM.o)
                                0x288 (size before relaxing)
 .debug_str     0x00002867      0x13c .\CortexM3\ARM_GCC_493\Debug\AI_mini_main.a(I2C_MASTER.o)
                                0x3af (size before relaxing)
 .debug_str     0x000029a3      0x27d .\CortexM3\ARM_GCC_493\Debug\AI_mini_main.a(ADC_SAR_Seq.o)
                                0x507 (size before relaxing)
 .debug_str     0x00002c20       0x3b .\CortexM3\ARM_GCC_493\Debug\AI_mini_main.a(ADC_SAR_Seq_INT.o)
                                0x1b6 (size before relaxing)
 .debug_str     0x00002c5b      0x11b .\CortexM3\ARM_GCC_493\Debug\AI_mini_main.a(QuadDec_1.o)
                                0x346 (size before relaxing)
 .debug_str     0x00002d76      0x10a .\CortexM3\ARM_GCC_493\Debug\AI_mini_main.a(isr_flag.o)
                                0x2db (size before relaxing)
 .debug_str     0x00002e80      0x237 .\CortexM3\ARM_GCC_493\Debug\AI_mini_main.a(UART_1.o)
                                0x467 (size before relaxing)
 .debug_str     0x000030b7       0x33 .\CortexM3\ARM_GCC_493\Debug\AI_mini_main.a(UART_1_INT.o)
                                0x1fb (size before relaxing)
 .debug_str     0x000030ea      0x1d0 .\CortexM3\ARM_GCC_493\Debug\AI_mini_main.a(ADC_SAR_Seq_theACLK.o)
                                0x395 (size before relaxing)
 .debug_str     0x000032ba      0x1d0 .\CortexM3\ARM_GCC_493\Debug\AI_mini_main.a(QuadDec_1_Cnt16.o)
                                0x421 (size before relaxing)
 .debug_str     0x0000348a      0x14e .\CortexM3\ARM_GCC_493\Debug\AI_mini_main.a(UART_1_IntClock.o)
                                0x365 (size before relaxing)
 .debug_str     0x000035d8      0x788 .\CortexM3\ARM_GCC_493\Debug\AI_mini_main.a(CyLib.o)
                                0xa3a (size before relaxing)
 .debug_str     0x00003d60      0x35b .\CortexM3\ARM_GCC_493\Debug\AI_mini_main.a(cyPm.o)
                                0x732 (size before relaxing)
 .debug_str     0x000040bb      0x197 .\CortexM3\ARM_GCC_493\Debug\AI_mini_main.a(CyFlash.o)
                                0x3ac (size before relaxing)
 .debug_str     0x00004252       0xae .\CortexM3\ARM_GCC_493\Debug\AI_mini_main.a(CySpc.o)
                                0x335 (size before relaxing)

.debug_loc      0x00000000     0x4754
 *(.debug_loc)
 .debug_loc     0x00000000       0xd0 .\CortexM3\ARM_GCC_493\Debug\main.o
 .debug_loc     0x000000d0     0x15e5 .\CortexM3\ARM_GCC_493\Debug\MPU6050.o
 .debug_loc     0x000016b5      0xa76 .\CortexM3\ARM_GCC_493\Debug\I2Cdev.o
 .debug_loc     0x0000212b      0x144 .\CortexM3\ARM_GCC_493\Debug\Cm3Start.o
 .debug_loc     0x0000226f      0x1f6 .\CortexM3\ARM_GCC_493\Debug\AI_mini_main.a(cyfitter_cfg.o)
 .debug_loc     0x00002465       0x26 .\CortexM3\ARM_GCC_493\Debug\AI_mini_main.a(PWM_motor.o)
 .debug_loc     0x0000248b       0x39 .\CortexM3\ARM_GCC_493\Debug\AI_mini_main.a(I2C.o)
 .debug_loc     0x000024c4       0x29 .\CortexM3\ARM_GCC_493\Debug\AI_mini_main.a(I2C_INT.o)
 .debug_loc     0x000024ed       0x13 .\CortexM3\ARM_GCC_493\Debug\AI_mini_main.a(I2C_PM.o)
 .debug_loc     0x00002500      0x52f .\CortexM3\ARM_GCC_493\Debug\AI_mini_main.a(I2C_MASTER.o)
 .debug_loc     0x00002a2f      0x273 .\CortexM3\ARM_GCC_493\Debug\AI_mini_main.a(ADC_SAR_Seq.o)
 .debug_loc     0x00002ca2       0x78 .\CortexM3\ARM_GCC_493\Debug\AI_mini_main.a(QuadDec_1.o)
 .debug_loc     0x00002d1a       0x56 .\CortexM3\ARM_GCC_493\Debug\AI_mini_main.a(isr_flag.o)
 .debug_loc     0x00002d70      0x215 .\CortexM3\ARM_GCC_493\Debug\AI_mini_main.a(UART_1.o)
 .debug_loc     0x00002f85      0x128 .\CortexM3\ARM_GCC_493\Debug\AI_mini_main.a(ADC_SAR_Seq_theACLK.o)
 .debug_loc     0x000030ad       0x3d .\CortexM3\ARM_GCC_493\Debug\AI_mini_main.a(QuadDec_1_Cnt16.o)
 .debug_loc     0x000030ea      0x128 .\CortexM3\ARM_GCC_493\Debug\AI_mini_main.a(UART_1_IntClock.o)
 .debug_loc     0x00003212      0xa11 .\CortexM3\ARM_GCC_493\Debug\AI_mini_main.a(CyLib.o)
 .debug_loc     0x00003c23      0x1e4 .\CortexM3\ARM_GCC_493\Debug\AI_mini_main.a(cyPm.o)
 .debug_loc     0x00003e07      0x300 .\CortexM3\ARM_GCC_493\Debug\AI_mini_main.a(CyFlash.o)
 .debug_loc     0x00004107      0x64d .\CortexM3\ARM_GCC_493\Debug\AI_mini_main.a(CySpc.o)

.debug_macinfo
 *(.debug_macinfo)

.debug_ranges   0x00000000     0x11c8
 *(.debug_ranges)
 .debug_ranges  0x00000000       0x18 .\CortexM3\ARM_GCC_493\Debug\main.o
 .debug_ranges  0x00000018      0x808 .\CortexM3\ARM_GCC_493\Debug\MPU6050.o
 .debug_ranges  0x00000820       0x88 .\CortexM3\ARM_GCC_493\Debug\I2Cdev.o
 .debug_ranges  0x000008a8       0x38 .\CortexM3\ARM_GCC_493\Debug\Cm3Start.o
 .debug_ranges  0x000008e0       0x48 .\CortexM3\ARM_GCC_493\Debug\AI_mini_main.a(cyfitter_cfg.o)
 .debug_ranges  0x00000928       0x98 .\CortexM3\ARM_GCC_493\Debug\AI_mini_main.a(PWM_motor.o)
 .debug_ranges  0x000009c0       0x28 .\CortexM3\ARM_GCC_493\Debug\AI_mini_main.a(I2C.o)
 .debug_ranges  0x000009e8       0x10 .\CortexM3\ARM_GCC_493\Debug\AI_mini_main.a(I2C_INT.o)
 .debug_ranges  0x000009f8       0x28 .\CortexM3\ARM_GCC_493\Debug\AI_mini_main.a(I2C_PM.o)
 .debug_ranges  0x00000a20       0x70 .\CortexM3\ARM_GCC_493\Debug\AI_mini_main.a(I2C_MASTER.o)
 .debug_ranges  0x00000a90       0x98 .\CortexM3\ARM_GCC_493\Debug\AI_mini_main.a(ADC_SAR_Seq.o)
 .debug_ranges  0x00000b28       0x10 .\CortexM3\ARM_GCC_493\Debug\AI_mini_main.a(ADC_SAR_Seq_INT.o)
 .debug_ranges  0x00000b38       0x50 .\CortexM3\ARM_GCC_493\Debug\AI_mini_main.a(QuadDec_1.o)
 .debug_ranges  0x00000b88       0x70 .\CortexM3\ARM_GCC_493\Debug\AI_mini_main.a(isr_flag.o)
 .debug_ranges  0x00000bf8       0x90 .\CortexM3\ARM_GCC_493\Debug\AI_mini_main.a(UART_1.o)
 .debug_ranges  0x00000c88       0x10 .\CortexM3\ARM_GCC_493\Debug\AI_mini_main.a(UART_1_INT.o)
 .debug_ranges  0x00000c98       0x60 .\CortexM3\ARM_GCC_493\Debug\AI_mini_main.a(ADC_SAR_Seq_theACLK.o)
 .debug_ranges  0x00000cf8       0x88 .\CortexM3\ARM_GCC_493\Debug\AI_mini_main.a(QuadDec_1_Cnt16.o)
 .debug_ranges  0x00000d80       0x60 .\CortexM3\ARM_GCC_493\Debug\AI_mini_main.a(UART_1_IntClock.o)
 .debug_ranges  0x00000de0      0x288 .\CortexM3\ARM_GCC_493\Debug\AI_mini_main.a(CyLib.o)
 .debug_ranges  0x00001068       0x88 .\CortexM3\ARM_GCC_493\Debug\AI_mini_main.a(cyPm.o)
 .debug_ranges  0x000010f0       0x70 .\CortexM3\ARM_GCC_493\Debug\AI_mini_main.a(CyFlash.o)
 .debug_ranges  0x00001160       0x68 .\CortexM3\ARM_GCC_493\Debug\AI_mini_main.a(CySpc.o)

.comment        0x00000000       0x70
 .comment       0x00000000       0x70 .\CortexM3\ARM_GCC_493\Debug\main.o
                                 0x71 (size before relaxing)
 .comment       0x00000000       0x71 .\CortexM3\ARM_GCC_493\Debug\MPU6050.o
 .comment       0x00000000       0x71 .\CortexM3\ARM_GCC_493\Debug\I2Cdev.o
 .comment       0x00000000       0x71 .\CortexM3\ARM_GCC_493\Debug\cymetadata.o
 .comment       0x00000000       0x71 .\CortexM3\ARM_GCC_493\Debug\Cm3Start.o
 .comment       0x00000000       0x71 .\CortexM3\ARM_GCC_493\Debug\AI_mini_main.a(cyfitter_cfg.o)
 .comment       0x00000000       0x71 .\CortexM3\ARM_GCC_493\Debug\AI_mini_main.a(PWM_motor.o)
 .comment       0x00000000       0x71 .\CortexM3\ARM_GCC_493\Debug\AI_mini_main.a(I2C.o)
 .comment       0x00000000       0x71 .\CortexM3\ARM_GCC_493\Debug\AI_mini_main.a(I2C_INT.o)
 .comment       0x00000000       0x71 .\CortexM3\ARM_GCC_493\Debug\AI_mini_main.a(I2C_PM.o)
 .comment       0x00000000       0x71 .\CortexM3\ARM_GCC_493\Debug\AI_mini_main.a(I2C_MASTER.o)
 .comment       0x00000000       0x71 .\CortexM3\ARM_GCC_493\Debug\AI_mini_main.a(ADC_SAR_Seq.o)
 .comment       0x00000000       0x71 .\CortexM3\ARM_GCC_493\Debug\AI_mini_main.a(ADC_SAR_Seq_INT.o)
 .comment       0x00000000       0x71 .\CortexM3\ARM_GCC_493\Debug\AI_mini_main.a(QuadDec_1.o)
 .comment       0x00000000       0x71 .\CortexM3\ARM_GCC_493\Debug\AI_mini_main.a(isr_flag.o)
 .comment       0x00000000       0x71 .\CortexM3\ARM_GCC_493\Debug\AI_mini_main.a(UART_1.o)
 .comment       0x00000000       0x71 .\CortexM3\ARM_GCC_493\Debug\AI_mini_main.a(UART_1_INT.o)
 .comment       0x00000000       0x71 .\CortexM3\ARM_GCC_493\Debug\AI_mini_main.a(ADC_SAR_Seq_theACLK.o)
 .comment       0x00000000       0x71 .\CortexM3\ARM_GCC_493\Debug\AI_mini_main.a(QuadDec_1_Cnt16.o)
 .comment       0x00000000       0x71 .\CortexM3\ARM_GCC_493\Debug\AI_mini_main.a(UART_1_IntClock.o)
 .comment       0x00000000       0x71 .\CortexM3\ARM_GCC_493\Debug\AI_mini_main.a(CyLib.o)
 .comment       0x00000000       0x71 .\CortexM3\ARM_GCC_493\Debug\AI_mini_main.a(cyPm.o)
 .comment       0x00000000       0x71 .\CortexM3\ARM_GCC_493\Debug\AI_mini_main.a(CyFlash.o)
 .comment       0x00000000       0x71 .\CortexM3\ARM_GCC_493\Debug\AI_mini_main.a(CySpc.o)

.debug_weaknames
 *(.debug_weaknames)

.debug_funcnames
 *(.debug_funcnames)

.debug_typenames
 *(.debug_typenames)

.debug_varnames
 *(.debug_varnames)

.note.gnu.arm.ident
 *(.note.gnu.arm.ident)

.ARM.attributes
                0x00000000       0x29
 *(.ARM.attributes)
 .ARM.attributes
                0x00000000       0x1d c:/program files (x86)/cypress/psoc creator/3.3/psoc creator/import/gnu/arm/4.9.3/bin/../lib/gcc/arm-none-eabi/4.9.3/armv7-m/crti.o
 .ARM.attributes
                0x0000001d       0x2d c:/program files (x86)/cypress/psoc creator/3.3/psoc creator/import/gnu/arm/4.9.3/bin/../lib/gcc/arm-none-eabi/4.9.3/armv7-m/crtbegin.o
 .ARM.attributes
                0x0000004a       0x1b c:/program files (x86)/cypress/psoc creator/3.3/psoc creator/import/gnu/arm/4.9.3/bin/../lib/gcc/arm-none-eabi/4.9.3/../../../../arm-none-eabi/lib/armv7-m/crt0.o
 .ARM.attributes
                0x00000065       0x33 .\CortexM3\ARM_GCC_493\Debug\main.o
 .ARM.attributes
                0x00000098       0x33 .\CortexM3\ARM_GCC_493\Debug\MPU6050.o
 .ARM.attributes
                0x000000cb       0x33 .\CortexM3\ARM_GCC_493\Debug\I2Cdev.o
 .ARM.attributes
                0x000000fe       0x33 .\CortexM3\ARM_GCC_493\Debug\cymetadata.o
 .ARM.attributes
                0x00000131       0x33 .\CortexM3\ARM_GCC_493\Debug\Cm3Start.o
 .ARM.attributes
                0x00000164       0x33 .\CortexM3\ARM_GCC_493\Debug\AI_mini_main.a(cyfitter_cfg.o)
 .ARM.attributes
                0x00000197       0x33 .\CortexM3\ARM_GCC_493\Debug\AI_mini_main.a(PWM_motor.o)
 .ARM.attributes
                0x000001ca       0x33 .\CortexM3\ARM_GCC_493\Debug\AI_mini_main.a(I2C.o)
 .ARM.attributes
                0x000001fd       0x33 .\CortexM3\ARM_GCC_493\Debug\AI_mini_main.a(I2C_INT.o)
 .ARM.attributes
                0x00000230       0x33 .\CortexM3\ARM_GCC_493\Debug\AI_mini_main.a(I2C_PM.o)
 .ARM.attributes
                0x00000263       0x33 .\CortexM3\ARM_GCC_493\Debug\AI_mini_main.a(I2C_MASTER.o)
 .ARM.attributes
                0x00000296       0x33 .\CortexM3\ARM_GCC_493\Debug\AI_mini_main.a(ADC_SAR_Seq.o)
 .ARM.attributes
                0x000002c9       0x33 .\CortexM3\ARM_GCC_493\Debug\AI_mini_main.a(ADC_SAR_Seq_INT.o)
 .ARM.attributes
                0x000002fc       0x33 .\CortexM3\ARM_GCC_493\Debug\AI_mini_main.a(QuadDec_1.o)
 .ARM.attributes
                0x0000032f       0x33 .\CortexM3\ARM_GCC_493\Debug\AI_mini_main.a(isr_flag.o)
 .ARM.attributes
                0x00000362       0x33 .\CortexM3\ARM_GCC_493\Debug\AI_mini_main.a(UART_1.o)
 .ARM.attributes
                0x00000395       0x33 .\CortexM3\ARM_GCC_493\Debug\AI_mini_main.a(UART_1_INT.o)
 .ARM.attributes
                0x000003c8       0x33 .\CortexM3\ARM_GCC_493\Debug\AI_mini_main.a(ADC_SAR_Seq_theACLK.o)
 .ARM.attributes
                0x000003fb       0x33 .\CortexM3\ARM_GCC_493\Debug\AI_mini_main.a(QuadDec_1_Cnt16.o)
 .ARM.attributes
                0x0000042e       0x33 .\CortexM3\ARM_GCC_493\Debug\AI_mini_main.a(UART_1_IntClock.o)
 .ARM.attributes
                0x00000461       0x21 .\CortexM3\ARM_GCC_493\Debug\AI_mini_main.a(CyBootAsmGnu.o)
 .ARM.attributes
                0x00000482       0x33 .\CortexM3\ARM_GCC_493\Debug\AI_mini_main.a(CyLib.o)
 .ARM.attributes
                0x000004b5       0x33 .\CortexM3\ARM_GCC_493\Debug\AI_mini_main.a(cyPm.o)
 .ARM.attributes
                0x000004e8       0x33 .\CortexM3\ARM_GCC_493\Debug\AI_mini_main.a(CyFlash.o)
 .ARM.attributes
                0x0000051b       0x33 .\CortexM3\ARM_GCC_493\Debug\AI_mini_main.a(CySpc.o)
 .ARM.attributes
                0x0000054e       0x1d c:/program files (x86)/cypress/psoc creator/3.3/psoc creator/import/gnu/arm/4.9.3/bin/../lib/gcc/arm-none-eabi/4.9.3/armv7-m\libgcc.a(_arm_addsubsf3.o)
 .ARM.attributes
                0x0000056b       0x1d c:/program files (x86)/cypress/psoc creator/3.3/psoc creator/import/gnu/arm/4.9.3/bin/../lib/gcc/arm-none-eabi/4.9.3/armv7-m\libgcc.a(_arm_muldivsf3.o)
 .ARM.attributes
                0x00000588       0x1d c:/program files (x86)/cypress/psoc creator/3.3/psoc creator/import/gnu/arm/4.9.3/bin/../lib/gcc/arm-none-eabi/4.9.3/armv7-m\libgcc.a(_aeabi_ldivmod.o)
 .ARM.attributes
                0x000005a5       0x2d c:/program files (x86)/cypress/psoc creator/3.3/psoc creator/import/gnu/arm/4.9.3/bin/../lib/gcc/arm-none-eabi/4.9.3/armv7-m\libgcc.a(bpabi.o)
 .ARM.attributes
                0x000005d2       0x1d c:/program files (x86)/cypress/psoc creator/3.3/psoc creator/import/gnu/arm/4.9.3/bin/../lib/gcc/arm-none-eabi/4.9.3/armv7-m\libgcc.a(_dvmd_tls.o)
 .ARM.attributes
                0x000005ef       0x2d c:/program files (x86)/cypress/psoc creator/3.3/psoc creator/import/gnu/arm/4.9.3/bin/../lib/gcc/arm-none-eabi/4.9.3/armv7-m\libgcc.a(_divdi3.o)
 .ARM.attributes
                0x0000061c       0x2d c:/program files (x86)/cypress/psoc creator/3.3/psoc creator/import/gnu/arm/4.9.3/bin/../lib/gcc/arm-none-eabi/4.9.3/armv7-m\libgcc.a(_udivdi3.o)
 .ARM.attributes
                0x00000649       0x2d c:/program files (x86)/cypress/psoc creator/3.3/psoc creator/import/gnu/arm/4.9.3/bin/../lib/gcc/arm-none-eabi/4.9.3/../../../../arm-none-eabi/lib/armv7-m\libg_nano.a(lib_a-errno.o)
 .ARM.attributes
                0x00000676       0x2d c:/program files (x86)/cypress/psoc creator/3.3/psoc creator/import/gnu/arm/4.9.3/bin/../lib/gcc/arm-none-eabi/4.9.3/../../../../arm-none-eabi/lib/armv7-m\libg_nano.a(lib_a-exit.o)
 .ARM.attributes
                0x000006a3       0x2d c:/program files (x86)/cypress/psoc creator/3.3/psoc creator/import/gnu/arm/4.9.3/bin/../lib/gcc/arm-none-eabi/4.9.3/../../../../arm-none-eabi/lib/armv7-m\libg_nano.a(lib_a-impure.o)
 .ARM.attributes
                0x000006d0       0x2d c:/program files (x86)/cypress/psoc creator/3.3/psoc creator/import/gnu/arm/4.9.3/bin/../lib/gcc/arm-none-eabi/4.9.3/../../../../arm-none-eabi/lib/armv7-m\libg_nano.a(lib_a-init.o)
 .ARM.attributes
                0x000006fd       0x2d c:/program files (x86)/cypress/psoc creator/3.3/psoc creator/import/gnu/arm/4.9.3/bin/../lib/gcc/arm-none-eabi/4.9.3/../../../../arm-none-eabi/lib/armv7-m\libg_nano.a(lib_a-memcpy.o)
 .ARM.attributes
                0x0000072a       0x2d c:/program files (x86)/cypress/psoc creator/3.3/psoc creator/import/gnu/arm/4.9.3/bin/../lib/gcc/arm-none-eabi/4.9.3/../../../../arm-none-eabi/lib/armv7-m\libg_nano.a(lib_a-memset.o)
 .ARM.attributes
                0x00000757       0x2d c:/program files (x86)/cypress/psoc creator/3.3/psoc creator/import/gnu/arm/4.9.3/bin/../lib/gcc/arm-none-eabi/4.9.3/../../../../arm-none-eabi/lib/armv7-m\libg_nano.a(lib_a-strcpy.o)
 .ARM.attributes
                0x00000784       0x2d c:/program files (x86)/cypress/psoc creator/3.3/psoc creator/import/gnu/arm/4.9.3/bin/../lib/gcc/arm-none-eabi/4.9.3/armv7-m/crtend.o
 .ARM.attributes
                0x000007b1       0x1d c:/program files (x86)/cypress/psoc creator/3.3/psoc creator/import/gnu/arm/4.9.3/bin/../lib/gcc/arm-none-eabi/4.9.3/armv7-m/crtn.o

/DISCARD/
 *(.note.GNU-stack)
OUTPUT(.\CortexM3\ARM_GCC_493\Debug\AI_mini_main.elf elf32-littlearm)
