Archive member included because of file (symbol)

.\CortexM3\ARM_GCC_493\Debug\AI_mini_bace.a(cyfitter_cfg.o)
                              .\CortexM3\ARM_GCC_493\Debug\Cm3Start.o (cyfitter_cfg)
.\CortexM3\ARM_GCC_493\Debug\AI_mini_bace.a(PWM_motor.o)
                              .\CortexM3\ARM_GCC_493\Debug\main.o (PWM_motor_WriteCompare1)
.\CortexM3\ARM_GCC_493\Debug\AI_mini_bace.a(I2C.o)
                              .\CortexM3\ARM_GCC_493\Debug\main.o (I2C_Start)
.\CortexM3\ARM_GCC_493\Debug\AI_mini_bace.a(I2C_INT.o)
                              .\CortexM3\ARM_GCC_493\Debug\AI_mini_bace.a(I2C.o) (I2C_ISR)
.\CortexM3\ARM_GCC_493\Debug\AI_mini_bace.a(I2C_PM.o)
                              .\CortexM3\ARM_GCC_493\Debug\AI_mini_bace.a(I2C.o) (I2C_backup)
.\CortexM3\ARM_GCC_493\Debug\AI_mini_bace.a(I2C_MASTER.o)
                              .\CortexM3\ARM_GCC_493\Debug\I2Cdev.o (I2C_MasterWriteBuf)
.\CortexM3\ARM_GCC_493\Debug\AI_mini_bace.a(ADC_SAR_Seq.o)
                              .\CortexM3\ARM_GCC_493\Debug\main.o (ADC_SAR_Seq_Start)
.\CortexM3\ARM_GCC_493\Debug\AI_mini_bace.a(ADC_SAR_Seq_INT.o)
                              .\CortexM3\ARM_GCC_493\Debug\AI_mini_bace.a(ADC_SAR_Seq.o) (ADC_SAR_Seq_ISR)
.\CortexM3\ARM_GCC_493\Debug\AI_mini_bace.a(in_A.o)
                              .\CortexM3\ARM_GCC_493\Debug\main.o (in_A_Read)
.\CortexM3\ARM_GCC_493\Debug\AI_mini_bace.a(in_B.o)
                              .\CortexM3\ARM_GCC_493\Debug\main.o (in_B_Read)
.\CortexM3\ARM_GCC_493\Debug\AI_mini_bace.a(QuadDec_1.o)
                              .\CortexM3\ARM_GCC_493\Debug\main.o (QuadDec_1_GetCounter)
.\CortexM3\ARM_GCC_493\Debug\AI_mini_bace.a(isr_flag.o)
                              .\CortexM3\ARM_GCC_493\Debug\main.o (isr_flag_Start)
.\CortexM3\ARM_GCC_493\Debug\AI_mini_bace.a(UART_1.o)
                              .\CortexM3\ARM_GCC_493\Debug\main.o (UART_1_Start)
.\CortexM3\ARM_GCC_493\Debug\AI_mini_bace.a(UART_1_INT.o)
                              .\CortexM3\ARM_GCC_493\Debug\AI_mini_bace.a(UART_1.o) (UART_1_TXISR)
.\CortexM3\ARM_GCC_493\Debug\AI_mini_bace.a(ADC_SAR_Seq_theACLK.o)
                              .\CortexM3\ARM_GCC_493\Debug\AI_mini_bace.a(ADC_SAR_Seq.o) (ADC_SAR_Seq_theACLK_SetModeRegister)
.\CortexM3\ARM_GCC_493\Debug\AI_mini_bace.a(QuadDec_1_Cnt16.o)
                              .\CortexM3\ARM_GCC_493\Debug\AI_mini_bace.a(QuadDec_1.o) (QuadDec_1_Cnt16_Stop)
.\CortexM3\ARM_GCC_493\Debug\AI_mini_bace.a(UART_1_IntClock.o)
                              .\CortexM3\ARM_GCC_493\Debug\AI_mini_bace.a(UART_1.o) (UART_1_IntClock_Start)
.\CortexM3\ARM_GCC_493\Debug\AI_mini_bace.a(CyBootAsmGnu.o)
                              .\CortexM3\ARM_GCC_493\Debug\AI_mini_bace.a(cyfitter_cfg.o) (CyDelayCycles)
.\CortexM3\ARM_GCC_493\Debug\AI_mini_bace.a(CyLib.o)
                              .\CortexM3\ARM_GCC_493\Debug\Cm3Start.o (CyHalt)
.\CortexM3\ARM_GCC_493\Debug\AI_mini_bace.a(cyPm.o)
                              .\CortexM3\ARM_GCC_493\Debug\AI_mini_bace.a(CyLib.o) (CyPmReadStatus)
.\CortexM3\ARM_GCC_493\Debug\AI_mini_bace.a(CyFlash.o)
                              .\CortexM3\ARM_GCC_493\Debug\AI_mini_bace.a(cyPm.o) (CyFlash_SetWaitCycles)
.\CortexM3\ARM_GCC_493\Debug\AI_mini_bace.a(CySpc.o)
                              .\CortexM3\ARM_GCC_493\Debug\AI_mini_bace.a(CyFlash.o) (CySpcStart)
c:/program files (x86)/cypress/psoc creator/3.3/psoc creator/import/gnu/arm/4.9.3/bin/../lib/gcc/arm-none-eabi/4.9.3/armv7-m\libgcc.a(_arm_addsubsf3.o)
                              .\CortexM3\ARM_GCC_493\Debug\AI_mini_bace.a(ADC_SAR_Seq.o) (__aeabi_i2f)
c:/program files (x86)/cypress/psoc creator/3.3/psoc creator/import/gnu/arm/4.9.3/bin/../lib/gcc/arm-none-eabi/4.9.3/armv7-m\libgcc.a(_arm_muldivsf3.o)
                              .\CortexM3\ARM_GCC_493\Debug\AI_mini_bace.a(ADC_SAR_Seq.o) (__aeabi_fmul)
c:/program files (x86)/cypress/psoc creator/3.3/psoc creator/import/gnu/arm/4.9.3/bin/../lib/gcc/arm-none-eabi/4.9.3/armv7-m\libgcc.a(_aeabi_ldivmod.o)
                              .\CortexM3\ARM_GCC_493\Debug\AI_mini_bace.a(ADC_SAR_Seq.o) (__aeabi_ldivmod)
c:/program files (x86)/cypress/psoc creator/3.3/psoc creator/import/gnu/arm/4.9.3/bin/../lib/gcc/arm-none-eabi/4.9.3/armv7-m\libgcc.a(bpabi.o)
                              c:/program files (x86)/cypress/psoc creator/3.3/psoc creator/import/gnu/arm/4.9.3/bin/../lib/gcc/arm-none-eabi/4.9.3/armv7-m\libgcc.a(_aeabi_ldivmod.o) (__gnu_ldivmod_helper)
c:/program files (x86)/cypress/psoc creator/3.3/psoc creator/import/gnu/arm/4.9.3/bin/../lib/gcc/arm-none-eabi/4.9.3/armv7-m\libgcc.a(_dvmd_tls.o)
                              c:/program files (x86)/cypress/psoc creator/3.3/psoc creator/import/gnu/arm/4.9.3/bin/../lib/gcc/arm-none-eabi/4.9.3/armv7-m\libgcc.a(_aeabi_ldivmod.o) (__aeabi_ldiv0)
[...]
Memory Configuration

Name             Origin             Length             Attributes
rom              0x00000000         0x00040000         xr
ram              0x1fff8000         0x00010000         xrw
*default*        0x00000000         0xffffffff

Linker script and memory map

LOAD c:/program files (x86)/cypress/psoc creator/3.3/psoc creator/import/gnu/arm/4.9.3/bin/../lib/gcc/arm-none-eabi/4.9.3/armv7-m/crti.o
LOAD c:/program files (x86)/cypress/psoc creator/3.3/psoc creator/import/gnu/arm/4.9.3/bin/../lib/gcc/arm-none-eabi/4.9.3/armv7-m/crtbegin.o
LOAD c:/program files (x86)/cypress/psoc creator/3.3/psoc creator/import/gnu/arm/4.9.3/bin/../lib/gcc/arm-none-eabi/4.9.3/../../../../arm-none-eabi/lib/armv7-m/crt0.o
START GROUP
LOAD .\CortexM3\ARM_GCC_493\Debug\main.o
LOAD .\CortexM3\ARM_GCC_493\Debug\MPU6050.o
LOAD .\CortexM3\ARM_GCC_493\Debug\I2Cdev.o
LOAD .\CortexM3\ARM_GCC_493\Debug\cymetadata.o
LOAD .\CortexM3\ARM_GCC_493\Debug\Cm3Start.o
LOAD .\CortexM3\ARM_GCC_493\Debug\AI_mini_bace.a
LOAD C:\Program Files (x86)\Cypress\PSoC Creator\3.3\PSoC Creator\psoc\content\cycomponentlibrary\CyComponentLibrary.cylib\CortexM3\ARM_GCC_493\Debug\CyComponentLibrary.a
END GROUP
START GROUP
LOAD c:/program files (x86)/cypress/psoc creator/3.3/psoc creator/import/gnu/arm/4.9.3/bin/../lib/gcc/arm-none-eabi/4.9.3/armv7-m\libgcc.a
LOAD c:/program files (x86)/cypress/psoc creator/3.3/psoc creator/import/gnu/arm/4.9.3/bin/../lib/gcc/arm-none-eabi/4.9.3/../../../../arm-none-eabi/lib/armv7-m\libg_nano.a
LOAD c:/program files (x86)/cypress/psoc creator/3.3/psoc creator/import/gnu/arm/4.9.3/bin/../lib/gcc/arm-none-eabi/4.9.3/../../../../arm-none-eabi/lib/armv7-m\libc_nano.a
END GROUP
START GROUP
LOAD c:/program files (x86)/cypress/psoc creator/3.3/psoc creator/import/gnu/arm/4.9.3/bin/../lib/gcc/arm-none-eabi/4.9.3/armv7-m\libgcc.a
LOAD c:/program files (x86)/cypress/psoc creator/3.3/psoc creator/import/gnu/arm/4.9.3/bin/../lib/gcc/arm-none-eabi/4.9.3/../../../../arm-none-eabi/lib/armv7-m\libc_nano.a
END GROUP
LOAD c:/program files (x86)/cypress/psoc creator/3.3/psoc creator/import/gnu/arm/4.9.3/bin/../lib/gcc/arm-none-eabi/4.9.3/armv7-m/crtend.o
LOAD c:/program files (x86)/cypress/psoc creator/3.3/psoc creator/import/gnu/arm/4.9.3/bin/../lib/gcc/arm-none-eabi/4.9.3/armv7-m/crtn.o
START GROUP
LOAD c:/program files (x86)/cypress/psoc creator/3.3/psoc creator/import/gnu/arm/4.9.3/bin/../lib/gcc/arm-none-eabi/4.9.3/armv7-m\libgcc.a
LOAD c:/program files (x86)/cypress/psoc creator/3.3/psoc creator/import/gnu/arm/4.9.3/bin/../lib/gcc/arm-none-eabi/4.9.3/../../../../arm-none-eabi/lib/armv7-m\libc.a
LOAD c:/program files (x86)/cypress/psoc creator/3.3/psoc creator/import/gnu/arm/4.9.3/bin/../lib/gcc/arm-none-eabi/4.9.3/../../../../arm-none-eabi/lib/armv7-m\libnosys.a
END GROUP
                0x00000000                CY_APPL_ORIGIN = 0x0
                0x00000100                CY_FLASH_ROW_SIZE = 0x100
                0x00000020                CY_ECC_ROW_SIZE = 0x20
                0x00000000                CY_EE_IN_BTLDR = 0x0
                0x00000000                CY_APPL_LOADABLE = 0x0
                0x00000800                CY_EE_SIZE = 0x800
                0x00000001                CY_APPL_NUM = 0x1
                0x00000001                CY_APPL_MAX = 0x1
                0x00000040                CY_METADATA_SIZE = 0x40
                0x00000000                CY_APPL_LOADABLE = 0x0
                0x00000000                CY_CHECKSUM_EXCLUDE_SIZE = ALIGN (0x0, CY_FLASH_ROW_SIZE)
                0x1fff82f0                PROVIDE (__cy_heap_start, _end)
                0x00000001                PROVIDE (__cy_region_num, ((__cy_regions_end - __cy_regions) / 0x10))
                0x20008000                PROVIDE (__cy_stack, (ORIGIN (ram) + 0x10000))
                0x20007800                PROVIDE (__cy_heap_end, (__cy_stack - 0x800))

.cybootloader   0x00000000        0x0
 *(.cybootloader)
                0x00000000                appl1_start = CY_APPL_ORIGIN?CY_APPL_ORIGIN:ALIGN (CY_FLASH_ROW_SIZE)
                0x0001ff00                appl2_start = (appl1_start + ALIGN ((((0x40000 - appl1_start) - (0x2 * CY_FLASH_ROW_SIZE)) / 0x2), CY_FLASH_ROW_SIZE))
                0x00000000                appl_start = (CY_APPL_NUM == 0x1)?appl1_start:appl2_start
                0x00000000                ecc_offset = ((appl_start / CY_FLASH_ROW_SIZE) * CY_ECC_ROW_SIZE)
                0x00000000                ee_offset = (CY_APPL_LOADABLE && ! (CY_EE_IN_BTLDR))?((CY_EE_SIZE / CY_APPL_MAX) * (CY_APPL_NUM - 0x1)):0x0
                0x00000800                ee_size = (CY_APPL_LOADABLE && ! (CY_EE_IN_BTLDR))?(CY_EE_SIZE / CY_APPL_MAX):CY_EE_SIZE
                0x00000000                PROVIDE (CY_ECC_OFFSET, ecc_offset)

.text           0x00000000     0x1c40
 CREATE_OBJECT_SYMBOLS
                0x00000000                PROVIDE (__cy_interrupt_vector, RomVectors)
 *(.romvectors)
 .romvectors    0x00000000       0x10 .\CortexM3\ARM_GCC_493\Debug\Cm3Start.o
                0x00000000                RomVectors
                0x00000001                ASSERT ((. != __cy_interrupt_vector), No interrupt vector)
                0x00000001                ASSERT (CY_APPL_ORIGIN?(SIZEOF (.cybootloader) <= CY_APPL_ORIGIN):0x1, Wrong image location)
                0x00000010                PROVIDE (__cy_reset, Reset)
 *(.text.Reset)
 .text.Reset    0x00000010       0x18 .\CortexM3\ARM_GCC_493\Debug\Cm3Start.o
                0x00000010                Reset
                0x00000001                ASSERT ((. != __cy_reset), No reset code)
 *(.dma_init)
                0x00000001                ASSERT ((((appl_start + .) <= 0x10000) || 0x1), DMA Init must be within the first 64k of flash)
 *(.text .text.* .gnu.linkonce.t.*)
 .text          0x00000028       0x5c c:/program files (x86)/cypress/psoc creator/3.3/psoc creator/import/gnu/arm/4.9.3/bin/../lib/gcc/arm-none-eabi/4.9.3/armv7-m/crtbegin.o
 .text.isr_int  0x00000084        0xc .\CortexM3\ARM_GCC_493\Debug\main.o
                0x00000084                isr_int
 .text.main     0x00000090       0xa4 .\CortexM3\ARM_GCC_493\Debug\main.o
                0x00000090                main
 .text.MPU6050  0x00000134        0xc .\CortexM3\ARM_GCC_493\Debug\MPU6050.o
                0x00000134                MPU6050
 .text.MPU6050_setFullScaleGyroRange
                0x00000140       0x20 .\CortexM3\ARM_GCC_493\Debug\MPU6050.o
                0x00000140                MPU6050_setFullScaleGyroRange
 .text.MPU6050_setFullScaleAccelRange
                0x00000160       0x20 .\CortexM3\ARM_GCC_493\Debug\MPU6050.o
                0x00000160                MPU6050_setFullScaleAccelRange
 .text.MPU6050_setSleepEnabled
                0x00000180       0x18 .\CortexM3\ARM_GCC_493\Debug\MPU6050.o
                0x00000180                MPU6050_setSleepEnabled
 .text.MPU6050_setClockSource
                0x00000198       0x20 .\CortexM3\ARM_GCC_493\Debug\MPU6050.o
                0x00000198                MPU6050_setClockSource
 .text.MPU6050_initialize
                0x000001b8       0x1c .\CortexM3\ARM_GCC_493\Debug\MPU6050.o
                0x000001b8                MPU6050_initialize
 .text.MPU6050_getXAccelOffset
                0x000001d4       0x24 .\CortexM3\ARM_GCC_493\Debug\MPU6050.o
                0x000001d4                MPU6050_getXAccelOffset
 .text.MPU6050_getYAccelOffset
                0x000001f8       0x24 .\CortexM3\ARM_GCC_493\Debug\MPU6050.o
                0x000001f8                MPU6050_getYAccelOffset
 .text.MPU6050_getZAccelOffset
                0x0000021c       0x24 .\CortexM3\ARM_GCC_493\Debug\MPU6050.o
                0x0000021c                MPU6050_getZAccelOffset
 .text.MPU6050_getXGyroOffset
                0x00000240       0x24 .\CortexM3\ARM_GCC_493\Debug\MPU6050.o
                0x00000240                MPU6050_getXGyroOffset
 .text.MPU6050_getYGyroOffset
                0x00000264       0x24 .\CortexM3\ARM_GCC_493\Debug\MPU6050.o
                0x00000264                MPU6050_getYGyroOffset
 .text.MPU6050_getZGyroOffset
                0x00000288       0x24 .\CortexM3\ARM_GCC_493\Debug\MPU6050.o
                0x00000288                MPU6050_getZGyroOffset
 .text.I2Cdev_readBytes
                0x000002ac       0x40 .\CortexM3\ARM_GCC_493\Debug\I2Cdev.o
                0x000002ac                I2Cdev_readBytes
 .text.I2Cdev_readByte
                0x000002ec        0xc .\CortexM3\ARM_GCC_493\Debug\I2Cdev.o
                0x000002ec                I2Cdev_readByte
 .text.I2Cdev_writeBytes
                0x000002f8       0x3c .\CortexM3\ARM_GCC_493\Debug\I2Cdev.o
                0x000002f8                I2Cdev_writeBytes
 .text.I2Cdev_writeByte
                0x00000334       0x18 .\CortexM3\ARM_GCC_493\Debug\I2Cdev.o
                0x00000334                I2Cdev_writeByte
 .text.I2Cdev_writeBit
                0x0000034c       0x40 .\CortexM3\ARM_GCC_493\Debug\I2Cdev.o
                0x0000034c                I2Cdev_writeBit
 .text.I2Cdev_writeBits
                0x0000038c       0x4c .\CortexM3\ARM_GCC_493\Debug\I2Cdev.o
                0x0000038c                I2Cdev_writeBits
 .text.IntDefaultHandler
                0x000003d8        0x4 .\CortexM3\ARM_GCC_493\Debug\Cm3Start.o
                0x000003d8                IntDefaultHandler
 .text._sbrk    0x000003dc       0x30 .\CortexM3\ARM_GCC_493\Debug\Cm3Start.o
                0x000003dc                _sbrk
 .text.Start_c  0x0000040c       0x4c .\CortexM3\ARM_GCC_493\Debug\Cm3Start.o
                0x0000040c                Start_c
 .text.initialize_psoc
                0x00000458       0x74 .\CortexM3\ARM_GCC_493\Debug\Cm3Start.o
                0x00000458                initialize_psoc
 .text.CyClockStartupError
                0x000004cc        0x4 .\CortexM3\ARM_GCC_493\Debug\AI_mini_bace.a(cyfitter_cfg.o)
 .text.cfg_write_bytes32
                0x000004d0       0x34 .\CortexM3\ARM_GCC_493\Debug\AI_mini_bace.a(cyfitter_cfg.o)
 .text.AnalogSetDefault
                0x00000504       0x74 .\CortexM3\ARM_GCC_493\Debug\AI_mini_bace.a(cyfitter_cfg.o)
 .text.CYMEMZERO
                0x00000578        0xc .\CortexM3\ARM_GCC_493\Debug\AI_mini_bace.a(cyfitter_cfg.o)
 .text.ClockSetup
                0x00000584       0xe8 .\CortexM3\ARM_GCC_493\Debug\AI_mini_bace.a(cyfitter_cfg.o)
 .text.CYCONFIGCPY
                0x0000066c        0x8 .\CortexM3\ARM_GCC_493\Debug\AI_mini_bace.a(cyfitter_cfg.o)
 .text.cyfitter_cfg
                0x00000674      0x100 .\CortexM3\ARM_GCC_493\Debug\AI_mini_bace.a(cyfitter_cfg.o)
                0x00000674                cyfitter_cfg
 .text.PWM_motor_Enable
                0x00000774       0x10 .\CortexM3\ARM_GCC_493\Debug\AI_mini_bace.a(PWM_motor.o)
                0x00000774                PWM_motor_Enable
 .text.PWM_motor_WriteCounter
                0x00000784        0xc .\CortexM3\ARM_GCC_493\Debug\AI_mini_bace.a(PWM_motor.o)
                0x00000784                PWM_motor_WriteCounter
 .text.PWM_motor_WritePeriod
                0x00000790        0xc .\CortexM3\ARM_GCC_493\Debug\AI_mini_bace.a(PWM_motor.o)
                0x00000790                PWM_motor_WritePeriod
 .text.PWM_motor_WriteCompare1
                0x0000079c        0xc .\CortexM3\ARM_GCC_493\Debug\AI_mini_bace.a(PWM_motor.o)
                0x0000079c                PWM_motor_WriteCompare1
 .text.PWM_motor_WriteCompare2
                0x000007a8        0xc .\CortexM3\ARM_GCC_493\Debug\AI_mini_bace.a(PWM_motor.o)
                0x000007a8                PWM_motor_WriteCompare2
 .text.PWM_motor_SetInterruptMode
                0x000007b4        0xc .\CortexM3\ARM_GCC_493\Debug\AI_mini_bace.a(PWM_motor.o)
                0x000007b4                PWM_motor_SetInterruptMode
 .text.PWM_motor_ReadStatusRegister
                0x000007c0        0xc .\CortexM3\ARM_GCC_493\Debug\AI_mini_bace.a(PWM_motor.o)
                0x000007c0                PWM_motor_ReadStatusRegister
 .text.PWM_motor_ReadCapture
                0x000007cc        0xc .\CortexM3\ARM_GCC_493\Debug\AI_mini_bace.a(PWM_motor.o)
                0x000007cc                PWM_motor_ReadCapture
 .text.PWM_motor_ClearFIFO
                0x000007d8       0x14 .\CortexM3\ARM_GCC_493\Debug\AI_mini_bace.a(PWM_motor.o)
                0x000007d8                PWM_motor_ClearFIFO
 .text.PWM_motor_Init
                0x000007ec       0x64 .\CortexM3\ARM_GCC_493\Debug\AI_mini_bace.a(PWM_motor.o)
                0x000007ec                PWM_motor_Init
 .text.PWM_motor_Start
                0x00000850       0x1c .\CortexM3\ARM_GCC_493\Debug\AI_mini_bace.a(PWM_motor.o)
                0x00000850                PWM_motor_Start
 .text.I2C_Init
                0x0000086c       0x68 .\CortexM3\ARM_GCC_493\Debug\AI_mini_bace.a(I2C.o)
                0x0000086c                I2C_Init
 .text.I2C_Enable
                0x000008d4       0x24 .\CortexM3\ARM_GCC_493\Debug\AI_mini_bace.a(I2C.o)
                0x000008d4                I2C_Enable
 .text.I2C_Start
                0x000008f8       0x28 .\CortexM3\ARM_GCC_493\Debug\AI_mini_bace.a(I2C.o)
                0x000008f8                I2C_Start
 .text.I2C_ISR  0x00000920      0x2cc .\CortexM3\ARM_GCC_493\Debug\AI_mini_bace.a(I2C_INT.o)
                0x00000920                I2C_ISR
 .text.I2C_MasterWriteBuf
                0x00000bec       0xcc .\CortexM3\ARM_GCC_493\Debug\AI_mini_bace.a(I2C_MASTER.o)
                0x00000bec                I2C_MasterWriteBuf
 .text.I2C_MasterReadBuf
                0x00000cb8       0xd0 .\CortexM3\ARM_GCC_493\Debug\AI_mini_bace.a(I2C_MASTER.o)
                0x00000cb8                I2C_MasterReadBuf
 .text.I2C_MasterStatus
                0x00000d88       0x38 .\CortexM3\ARM_GCC_493\Debug\AI_mini_bace.a(I2C_MASTER.o)
                0x00000d88                I2C_MasterStatus
 .text.ADC_SAR_Seq_CalcGain
                0x00000dc0       0x64 .\CortexM3\ARM_GCC_493\Debug\AI_mini_bace.a(ADC_SAR_Seq.o)
 .text.ADC_SAR_Seq_Enable
                0x00000e24       0x94 .\CortexM3\ARM_GCC_493\Debug\AI_mini_bace.a(ADC_SAR_Seq.o)
                0x00000e24                ADC_SAR_Seq_Enable
 .text.ADC_SAR_Seq_SetResolution
                0x00000eb8       0x38 .\CortexM3\ARM_GCC_493\Debug\AI_mini_bace.a(ADC_SAR_Seq.o)
                0x00000eb8                ADC_SAR_Seq_SetResolution
 .text.ADC_SAR_Seq_Init
                0x00000ef0       0x3c .\CortexM3\ARM_GCC_493\Debug\AI_mini_bace.a(ADC_SAR_Seq.o)
                0x00000ef0                ADC_SAR_Seq_Init
 .text.ADC_SAR_Seq_Start
                0x00000f2c       0x1c .\CortexM3\ARM_GCC_493\Debug\AI_mini_bace.a(ADC_SAR_Seq.o)
                0x00000f2c                ADC_SAR_Seq_Start
 .text.ADC_SAR_Seq_ISR
                0x00000f48        0x4 .\CortexM3\ARM_GCC_493\Debug\AI_mini_bace.a(ADC_SAR_Seq_INT.o)
                0x00000f48                ADC_SAR_Seq_ISR
 .text.in_A_Read
                0x00000f4c        0xc .\CortexM3\ARM_GCC_493\Debug\AI_mini_bace.a(in_A.o)
                0x00000f4c                in_A_Read
 .text.in_B_Read
                0x00000f58       0x10 .\CortexM3\ARM_GCC_493\Debug\AI_mini_bace.a(in_B.o)
                0x00000f58                in_B_Read
 .text.QuadDec_1_GetCounter
                0x00000f68       0x10 .\CortexM3\ARM_GCC_493\Debug\AI_mini_bace.a(QuadDec_1.o)
                0x00000f68                QuadDec_1_GetCounter
 .text.QuadDec_1_GetEvents
                0x00000f78       0x10 .\CortexM3\ARM_GCC_493\Debug\AI_mini_bace.a(QuadDec_1.o)
                0x00000f78                QuadDec_1_GetEvents
 .text.QuadDec_1_SetInterruptMask
                0x00000f88        0xc .\CortexM3\ARM_GCC_493\Debug\AI_mini_bace.a(QuadDec_1.o)
                0x00000f88                QuadDec_1_SetInterruptMask
 .text.QuadDec_1_Enable
                0x00000f94       0x24 .\CortexM3\ARM_GCC_493\Debug\AI_mini_bace.a(QuadDec_1.o)
                0x00000f94                QuadDec_1_Enable
 .text.QuadDec_1_Start
                0x00000fb8       0x24 .\CortexM3\ARM_GCC_493\Debug\AI_mini_bace.a(QuadDec_1.o)
                0x00000fb8                QuadDec_1_Start
 .text.isr_flag_Interrupt
                0x00000fdc        0x4 .\CortexM3\ARM_GCC_493\Debug\AI_mini_bace.a(isr_flag.o)
                0x00000fdc                isr_flag_Interrupt
 .text.isr_flag_SetVector
                0x00000fe0        0xc .\CortexM3\ARM_GCC_493\Debug\AI_mini_bace.a(isr_flag.o)
                0x00000fe0                isr_flag_SetVector
 .text.isr_flag_SetPriority
                0x00000fec       0x10 .\CortexM3\ARM_GCC_493\Debug\AI_mini_bace.a(isr_flag.o)
                0x00000fec                isr_flag_SetPriority
 .text.isr_flag_Enable
                0x00000ffc        0xc .\CortexM3\ARM_GCC_493\Debug\AI_mini_bace.a(isr_flag.o)
                0x00000ffc                isr_flag_Enable
 .text.isr_flag_Disable
                0x00001008        0xc .\CortexM3\ARM_GCC_493\Debug\AI_mini_bace.a(isr_flag.o)
                0x00001008                isr_flag_Disable
 .text.isr_flag_Start
                0x00001014       0x1c .\CortexM3\ARM_GCC_493\Debug\AI_mini_bace.a(isr_flag.o)
                0x00001014                isr_flag_Start
 .text.isr_flag_StartEx
                0x00001030       0x1c .\CortexM3\ARM_GCC_493\Debug\AI_mini_bace.a(isr_flag.o)
                0x00001030                isr_flag_StartEx
 .text.UART_1_Init
                0x0000104c       0x30 .\CortexM3\ARM_GCC_493\Debug\AI_mini_bace.a(UART_1.o)
                0x0000104c                UART_1_Init
 .text.UART_1_Enable
                0x0000107c       0x34 .\CortexM3\ARM_GCC_493\Debug\AI_mini_bace.a(UART_1.o)
                0x0000107c                UART_1_Enable
 .text.UART_1_Start
                0x000010b0       0x1c .\CortexM3\ARM_GCC_493\Debug\AI_mini_bace.a(UART_1.o)
                0x000010b0                UART_1_Start
 .text.UART_1_PutChar
                0x000010cc       0x70 .\CortexM3\ARM_GCC_493\Debug\AI_mini_bace.a(UART_1.o)
                0x000010cc                UART_1_PutChar
 .text.UART_1_PutString
                0x0000113c       0x24 .\CortexM3\ARM_GCC_493\Debug\AI_mini_bace.a(UART_1.o)
                0x0000113c                UART_1_PutString
 .text.UART_1_TXISR
                0x00001160       0x58 .\CortexM3\ARM_GCC_493\Debug\AI_mini_bace.a(UART_1_INT.o)
                0x00001160                UART_1_TXISR
 .text.ADC_SAR_Seq_theACLK_SetModeRegister
                0x000011b8       0x14 .\CortexM3\ARM_GCC_493\Debug\AI_mini_bace.a(ADC_SAR_Seq_theACLK.o)
                0x000011b8                ADC_SAR_Seq_theACLK_SetModeRegister
 .text.QuadDec_1_Cnt16_Enable
                0x000011cc       0x10 .\CortexM3\ARM_GCC_493\Debug\AI_mini_bace.a(QuadDec_1_Cnt16.o)
                0x000011cc                QuadDec_1_Cnt16_Enable
 .text.QuadDec_1_Cnt16_SetInterruptMode
                0x000011dc        0xc .\CortexM3\ARM_GCC_493\Debug\AI_mini_bace.a(QuadDec_1_Cnt16.o)
                0x000011dc                QuadDec_1_Cnt16_SetInterruptMode
 .text.QuadDec_1_Cnt16_ReadStatusRegister
                0x000011e8        0xc .\CortexM3\ARM_GCC_493\Debug\AI_mini_bace.a(QuadDec_1_Cnt16.o)
                0x000011e8                QuadDec_1_Cnt16_ReadStatusRegister
 .text.QuadDec_1_Cnt16_WriteCounter
                0x000011f4        0xc .\CortexM3\ARM_GCC_493\Debug\AI_mini_bace.a(QuadDec_1_Cnt16.o)
                0x000011f4                QuadDec_1_Cnt16_WriteCounter
 .text.QuadDec_1_Cnt16_ReadCounter
                0x00001200       0x14 .\CortexM3\ARM_GCC_493\Debug\AI_mini_bace.a(QuadDec_1_Cnt16.o)
                0x00001200                QuadDec_1_Cnt16_ReadCounter
 .text.QuadDec_1_Cnt16_ReadCapture
                0x00001214        0xc .\CortexM3\ARM_GCC_493\Debug\AI_mini_bace.a(QuadDec_1_Cnt16.o)
                0x00001214                QuadDec_1_Cnt16_ReadCapture
 .text.QuadDec_1_Cnt16_WritePeriod
                0x00001220        0xc .\CortexM3\ARM_GCC_493\Debug\AI_mini_bace.a(QuadDec_1_Cnt16.o)
                0x00001220                QuadDec_1_Cnt16_WritePeriod
 .text.QuadDec_1_Cnt16_WriteCompare
                0x0000122c        0xc .\CortexM3\ARM_GCC_493\Debug\AI_mini_bace.a(QuadDec_1_Cnt16.o)
                0x0000122c                QuadDec_1_Cnt16_WriteCompare
 .text.QuadDec_1_Cnt16_ClearFIFO
                0x00001238       0x14 .\CortexM3\ARM_GCC_493\Debug\AI_mini_bace.a(QuadDec_1_Cnt16.o)
                0x00001238                QuadDec_1_Cnt16_ClearFIFO
 .text.QuadDec_1_Cnt16_Init
                0x0000124c       0x58 .\CortexM3\ARM_GCC_493\Debug\AI_mini_bace.a(QuadDec_1_Cnt16.o)
                0x0000124c                QuadDec_1_Cnt16_Init
 .text.QuadDec_1_Cnt16_Start
                0x000012a4       0x1c .\CortexM3\ARM_GCC_493\Debug\AI_mini_bace.a(QuadDec_1_Cnt16.o)
                0x000012a4                QuadDec_1_Cnt16_Start
 .text.UART_1_IntClock_Start
                0x000012c0       0x1c .\CortexM3\ARM_GCC_493\Debug\AI_mini_bace.a(UART_1_IntClock.o)
                0x000012c0                UART_1_IntClock_Start
 *fill*         0x000012dc        0x4 
 .text          0x000012e0       0x20 .\CortexM3\ARM_GCC_493\Debug\AI_mini_bace.a(CyBootAsmGnu.o)
                0x000012e0                CyDelayCycles
                0x000012f0                CyEnterCriticalSection
                0x000012f8                CyExitCriticalSection
 .text.CyHalt   0x00001300        0x4 .\CortexM3\ARM_GCC_493\Debug\AI_mini_bace.a(CyLib.o)
                0x00001300                CyHalt
 .text.CyDelay  0x00001304       0x2c .\CortexM3\ARM_GCC_493\Debug\AI_mini_bace.a(CyLib.o)
                0x00001304                CyDelay
 .text.CyDelayUs
                0x00001330       0x14 .\CortexM3\ARM_GCC_493\Debug\AI_mini_bace.a(CyLib.o)
                0x00001330                CyDelayUs
 .text.CyIntSetVector
                0x00001344       0x28 .\CortexM3\ARM_GCC_493\Debug\AI_mini_bace.a(CyLib.o)
                0x00001344                CyIntSetVector
 .text.CyIntSetPriority
                0x0000136c       0x30 .\CortexM3\ARM_GCC_493\Debug\AI_mini_bace.a(CyLib.o)
                0x0000136c                CyIntSetPriority
 .text.__errno  0x0000139c        0xc c:/program files (x86)/cypress/psoc creator/3.3/psoc creator/import/gnu/arm/4.9.3/bin/../lib/gcc/arm-none-eabi/4.9.3/../../../../arm-none-eabi/lib/armv7-m\libg_nano.a(lib_a-errno.o)
                0x0000139c                __errno
 .text.__libc_init_array
                0x000013a8       0x4c c:/program files (x86)/cypress/psoc creator/3.3/psoc creator/import/gnu/arm/4.9.3/bin/../lib/gcc/arm-none-eabi/4.9.3/../../../../arm-none-eabi/lib/armv7-m\libg_nano.a(lib_a-init.o)
                0x000013a8                __libc_init_array
 .text.memcpy   0x000013f4       0x16 c:/program files (x86)/cypress/psoc creator/3.3/psoc creator/import/gnu/arm/4.9.3/bin/../lib/gcc/arm-none-eabi/4.9.3/../../../../arm-none-eabi/lib/armv7-m\libg_nano.a(lib_a-memcpy.o)
                0x000013f4                memcpy
 .text.memset   0x0000140a       0x10 c:/program files (x86)/cypress/psoc creator/3.3/psoc creator/import/gnu/arm/4.9.3/bin/../lib/gcc/arm-none-eabi/4.9.3/../../../../arm-none-eabi/lib/armv7-m\libg_nano.a(lib_a-memset.o)
                0x0000140a                memset
 *fill*         0x0000141a        0x2 
 .text.sprintf  0x0000141c       0x48 c:/program files (x86)/cypress/psoc creator/3.3/psoc creator/import/gnu/arm/4.9.3/bin/../lib/gcc/arm-none-eabi/4.9.3/../../../../arm-none-eabi/lib/armv7-m\libg_nano.a(lib_a-sprintf.o)
                0x0000141c                siprintf
                0x0000141c                sprintf
 .text.strcpy   0x00001464       0x10 c:/program files (x86)/cypress/psoc creator/3.3/psoc creator/import/gnu/arm/4.9.3/bin/../lib/gcc/arm-none-eabi/4.9.3/../../../../arm-none-eabi/lib/armv7-m\libg_nano.a(lib_a-strcpy.o)
                0x00001464                strcpy
 .text.__ssputs_r
                0x00001474       0xb2 c:/program files (x86)/cypress/psoc creator/3.3/psoc creator/import/gnu/arm/4.9.3/bin/../lib/gcc/arm-none-eabi/4.9.3/../../../../arm-none-eabi/lib/armv7-m\libg_nano.a(lib_a-nano-svfprintf.o)
                0x00001474                __ssputs_r
 *fill*         0x00001526        0x2 
 .text._svfprintf_r
                0x00001528      0x1e4 c:/program files (x86)/cypress/psoc creator/3.3/psoc creator/import/gnu/arm/4.9.3/bin/../lib/gcc/arm-none-eabi/4.9.3/../../../../arm-none-eabi/lib/armv7-m\libg_nano.a(lib_a-nano-svfprintf.o)
                0x00001528                _svfiprintf_r
                0x00001528                _svfprintf_r
 .text._printf_common
                0x0000170c       0xea c:/program files (x86)/cypress/psoc creator/3.3/psoc creator/import/gnu/arm/4.9.3/bin/../lib/gcc/arm-none-eabi/4.9.3/../../../../arm-none-eabi/lib/armv7-m\libg_nano.a(lib_a-nano-vfprintf_i.o)
                0x0000170c                _printf_common
 *fill*         0x000017f6        0x2 
 .text._printf_i
                0x000017f8      0x240 c:/program files (x86)/cypress/psoc creator/3.3/psoc creator/import/gnu/arm/4.9.3/bin/../lib/gcc/arm-none-eabi/4.9.3/../../../../arm-none-eabi/lib/armv7-m\libg_nano.a(lib_a-nano-vfprintf_i.o)
                0x000017f8                _printf_i
 .text.memchr   0x00001a38       0x1c c:/program files (x86)/cypress/psoc creator/3.3/psoc creator/import/gnu/arm/4.9.3/bin/../lib/gcc/arm-none-eabi/4.9.3/../../../../arm-none-eabi/lib/armv7-m\libg_nano.a(lib_a-memchr.o)
                0x00001a38                memchr
 .text.memmove  0x00001a54       0x36 c:/program files (x86)/cypress/psoc creator/3.3/psoc creator/import/gnu/arm/4.9.3/bin/../lib/gcc/arm-none-eabi/4.9.3/../../../../arm-none-eabi/lib/armv7-m\libg_nano.a(lib_a-memmove.o)
                0x00001a54                memmove
 *fill*         0x00001a8a        0x2 
 .text._free_r  0x00001a8c       0x88 c:/program files (x86)/cypress/psoc creator/3.3/psoc creator/import/gnu/arm/4.9.3/bin/../lib/gcc/arm-none-eabi/4.9.3/../../../../arm-none-eabi/lib/armv7-m\libg_nano.a(lib_a-nano-freer.o)
                0x00001a8c                _free_r
 .text._malloc_r
                0x00001b14       0xac c:/program files (x86)/cypress/psoc creator/3.3/psoc creator/import/gnu/arm/4.9.3/bin/../lib/gcc/arm-none-eabi/4.9.3/../../../../arm-none-eabi/lib/armv7-m\libg_nano.a(lib_a-nano-mallocr.o)
                0x00001b14                _malloc_r
 .text._realloc_r
                0x00001bc0       0x4c c:/program files (x86)/cypress/psoc creator/3.3/psoc creator/import/gnu/arm/4.9.3/bin/../lib/gcc/arm-none-eabi/4.9.3/../../../../arm-none-eabi/lib/armv7-m\libg_nano.a(lib_a-nano-reallocr.o)
                0x00001bc0                _realloc_r
 .text._sbrk_r  0x00001c0c       0x20 c:/program files (x86)/cypress/psoc creator/3.3/psoc creator/import/gnu/arm/4.9.3/bin/../lib/gcc/arm-none-eabi/4.9.3/../../../../arm-none-eabi/lib/armv7-m\libg_nano.a(lib_a-sbrkr.o)
                0x00001c0c                _sbrk_r
 .text._malloc_usable_size_r
                0x00001c2c       0x14 c:/program files (x86)/cypress/psoc creator/3.3/psoc creator/import/gnu/arm/4.9.3/bin/../lib/gcc/arm-none-eabi/4.9.3/../../../../arm-none-eabi/lib/armv7-m\libg_nano.a(lib_a-nano-msizer.o)
                0x00001c2c                _malloc_usable_size_r
 *(.plt)
 *(.gnu.warning)
 *(.glue_7t)
 .glue_7t       0x00000000        0x0 linker stubs
 *(.glue_7)
 .glue_7        0x00000000        0x0 linker stubs
 *(.vfp11_veneer)
 .vfp11_veneer  0x00000000        0x0 linker stubs
 *(.bootloader)
 *(.ARM.extab* .gnu.linkonce.armextab.*)
 *(.gcc_except_table)

.v4_bx          0x00001c40        0x0
 .v4_bx         0x00000000        0x0 linker stubs

.iplt           0x00001c40        0x0
 .iplt          0x00000000        0x0 c:/program files (x86)/cypress/psoc creator/3.3/psoc creator/import/gnu/arm/4.9.3/bin/../lib/gcc/arm-none-eabi/4.9.3/armv7-m/crtbegin.o

.eh_frame_hdr
 *(.eh_frame_hdr)

.eh_frame       0x00001c40        0x4
 *(.eh_frame)
 .eh_frame      0x00001c40        0x0 c:/program files (x86)/cypress/psoc creator/3.3/psoc creator/import/gnu/arm/4.9.3/bin/../lib/gcc/arm-none-eabi/4.9.3/armv7-m/crtbegin.o
 .eh_frame      0x00001c40        0x4 c:/program files (x86)/cypress/psoc creator/3.3/psoc creator/import/gnu/arm/4.9.3/bin/../lib/gcc/arm-none-eabi/4.9.3/armv7-m/crtend.o
                0x00001c44                PROVIDE (__exidx_start, .)

.ARM.exidx
 *(.ARM.exidx* .gnu.linkonce.armexidx.*)
                0x00001c44                __exidx_end = .

.rodata         0x00001c44       0xbc
 *(.rodata .rodata.* .gnu.linkonce.r.*)
 .rodata.str1.4
                0x00001c44       0x1c .\CortexM3\ARM_GCC_493\Debug\main.o
 .rodata        0x00001c60       0x30 .\CortexM3\ARM_GCC_493\Debug\AI_mini_bace.a(cyfitter_cfg.o)
 .rodata.str1.1
                0x00001c90        0x2 c:/program files (x86)/cypress/psoc creator/3.3/psoc creator/import/gnu/arm/4.9.3/bin/../lib/gcc/arm-none-eabi/4.9.3/../../../../arm-none-eabi/lib/armv7-m\libg_nano.a(lib_a-impure.o)
 .rodata.str1.1
                0x00001c92       0x11 c:/program files (x86)/cypress/psoc creator/3.3/psoc creator/import/gnu/arm/4.9.3/bin/../lib/gcc/arm-none-eabi/4.9.3/../../../../arm-none-eabi/lib/armv7-m\libg_nano.a(lib_a-nano-svfprintf.o)
 .rodata.str1.1
                0x00001ca3       0x22 c:/program files (x86)/cypress/psoc creator/3.3/psoc creator/import/gnu/arm/4.9.3/bin/../lib/gcc/arm-none-eabi/4.9.3/../../../../arm-none-eabi/lib/armv7-m\libg_nano.a(lib_a-nano-vfprintf_i.o)
                0x00001cc8                . = ALIGN (0x4)
 *fill*         0x00001cc5        0x3 
 *(.init)
 .init          0x00001cc8        0x4 c:/program files (x86)/cypress/psoc creator/3.3/psoc creator/import/gnu/arm/4.9.3/bin/../lib/gcc/arm-none-eabi/4.9.3/armv7-m/crti.o
                0x00001cc8                _init
 .init          0x00001ccc        0x8 c:/program files (x86)/cypress/psoc creator/3.3/psoc creator/import/gnu/arm/4.9.3/bin/../lib/gcc/arm-none-eabi/4.9.3/armv7-m/crtn.o
                0x00001cd4                . = ALIGN (0x4)
                0x00001cd4                __preinit_array_start = .
 *(.preinit_array)
                0x00001cd4                __preinit_array_end = .
                0x00001cd4                . = ALIGN (0x4)
                0x00001cd4                __init_array_start = .
 *(SORT(.init_array.*))
 *(.init_array)
 .init_array    0x00001cd4        0x4 c:/program files (x86)/cypress/psoc creator/3.3/psoc creator/import/gnu/arm/4.9.3/bin/../lib/gcc/arm-none-eabi/4.9.3/armv7-m/crtbegin.o
 .init_array    0x00001cd8        0x4 .\CortexM3\ARM_GCC_493\Debug\Cm3Start.o
                0x00001cdc                __init_array_end = .
                0x00001cdc                . = ALIGN (0x4)
 *(.fini)
 .fini          0x00001cdc        0x4 c:/program files (x86)/cypress/psoc creator/3.3/psoc creator/import/gnu/arm/4.9.3/bin/../lib/gcc/arm-none-eabi/4.9.3/armv7-m/crti.o
                0x00001cdc                _fini
 .fini          0x00001ce0        0x8 c:/program files (x86)/cypress/psoc creator/3.3/psoc creator/import/gnu/arm/4.9.3/bin/../lib/gcc/arm-none-eabi/4.9.3/armv7-m/crtn.o
                0x00001ce8                . = ALIGN (0x4)
                0x00001ce8                __fini_array_start = .
 *(.fini_array)
 .fini_array    0x00001ce8        0x4 c:/program files (x86)/cypress/psoc creator/3.3/psoc creator/import/gnu/arm/4.9.3/bin/../lib/gcc/arm-none-eabi/4.9.3/armv7-m/crtbegin.o
 *(SORT(.fini_array.*))
                0x00001cec                __fini_array_end = .
                0x00001cec                . = ALIGN (0x4)
 *crtbegin.o(.ctors)
 *(EXCLUDE_FILE(*crtend.o) .ctors)
 *(SORT(.ctors.*))
 *crtend.o(.ctors)
                0x00001cec                . = ALIGN (0x4)
 *crtbegin.o(.dtors)
 *(EXCLUDE_FILE(*crtend.o) .dtors)
 *(SORT(.dtors.*))
 *crtend.o(.dtors)
                0x00001cec                . = ALIGN (0x4)
                0x00001cec                __cy_regions = .
                0x00001cec        0x4 LONG 0x1d00 __cy_region_init_ram
                0x00001cf0        0x4 LONG 0x1fff8108 __cy_region_start_data
                0x00001cf4        0x4 LONG 0x80 __cy_region_init_size_ram
                0x00001cf8        0x4 LONG 0x168 __cy_region_zero_size_ram
                0x00001cfc                __cy_regions_end = .
                0x00001d00                . = ALIGN (0x8)
 *fill*         0x00001cfc        0x4 
                0x00001d00                _etext = .

.cy_checksum_exclude
                0x00001d00        0x0
 *(.cy_checksum_exclude)

.ramvectors     0x1fff8000      0x100
                0x1fff8000                __cy_region_start_ram = .
 *(.ramvectors)
 .ramvectors    0x1fff8000      0x100 .\CortexM3\ARM_GCC_493\Debug\Cm3Start.o
                0x1fff8000                CyRamVectors

.noinit         0x1fff8100        0x5
 *(.noinit)
 .noinit        0x1fff8100        0x4 .\CortexM3\ARM_GCC_493\Debug\Cm3Start.o
 .noinit        0x1fff8104        0x1 .\CortexM3\ARM_GCC_493\Debug\AI_mini_bace.a(CyLib.o)
                0x1fff8104                CyResetStatus

.data           0x1fff8108       0x80 load address 0x00001d00
                0x1fff8108                __cy_region_start_data = .
 *(.jcr)
 .jcr           0x1fff8108        0x0 c:/program files (x86)/cypress/psoc creator/3.3/psoc creator/import/gnu/arm/4.9.3/bin/../lib/gcc/arm-none-eabi/4.9.3/armv7-m/crtbegin.o
 .jcr           0x1fff8108        0x4 c:/program files (x86)/cypress/psoc creator/3.3/psoc creator/import/gnu/arm/4.9.3/bin/../lib/gcc/arm-none-eabi/4.9.3/armv7-m/crtend.o
 *(.got.plt)
 *(.got)
 *(.shdata)
 *(.data .data.* .gnu.linkonce.d.*)
 .data          0x1fff810c        0x4 .\CortexM3\ARM_GCC_493\Debug\Cm3Start.o
 .data          0x1fff8110       0x10 .\CortexM3\ARM_GCC_493\Debug\AI_mini_bace.a(CyLib.o)
                0x1fff8110                cydelay_32k_ms
                0x1fff8114                cydelay_freq_khz
                0x1fff8118                cydelay_freq_mhz
                0x1fff811c                cydelay_freq_hz
 .data.impure_data
                0x1fff8120       0x60 c:/program files (x86)/cypress/psoc creator/3.3/psoc creator/import/gnu/arm/4.9.3/bin/../lib/gcc/arm-none-eabi/4.9.3/../../../../arm-none-eabi/lib/armv7-m\libg_nano.a(lib_a-impure.o)
 .data._impure_ptr
                0x1fff8180        0x4 c:/program files (x86)/cypress/psoc creator/3.3/psoc creator/import/gnu/arm/4.9.3/bin/../lib/gcc/arm-none-eabi/4.9.3/../../../../arm-none-eabi/lib/armv7-m\libg_nano.a(lib_a-impure.o)
                0x1fff8180                _impure_ptr
                0x1fff8188                . = ALIGN (0x8)
 *fill*         0x1fff8184        0x4 
 *(.ram)
                0x1fff8188                _edata = .

.igot.plt       0x1fff8188        0x0 load address 0x00001d80
 .igot.plt      0x00000000        0x0 c:/program files (x86)/cypress/psoc creator/3.3/psoc creator/import/gnu/arm/4.9.3/bin/../lib/gcc/arm-none-eabi/4.9.3/armv7-m/crtbegin.o

.bss            0x1fff8188      0x168 load address 0x00001d80
                0x1fff8188                PROVIDE (__bss_start__, .)
 *(.shbss)
 *(.bss .bss.* .gnu.linkonce.b.*)
 .bss           0x1fff8188       0x1c c:/program files (x86)/cypress/psoc creator/3.3/psoc creator/import/gnu/arm/4.9.3/bin/../lib/gcc/arm-none-eabi/4.9.3/armv7-m/crtbegin.o
 .bss           0x1fff81a4        0x4 .\CortexM3\ARM_GCC_493\Debug\main.o
                0x1fff81a4                isr_flag
 .bss           0x1fff81a8        0x1 .\CortexM3\ARM_GCC_493\Debug\AI_mini_bace.a(PWM_motor.o)
                0x1fff81a8                PWM_motor_initVar
 .bss           0x1fff81a9        0x1 .\CortexM3\ARM_GCC_493\Debug\AI_mini_bace.a(I2C.o)
                0x1fff81a9                I2C_initVar
 .bss           0x1fff81aa        0x1 .\CortexM3\ARM_GCC_493\Debug\AI_mini_bace.a(ADC_SAR_Seq.o)
                0x1fff81aa                ADC_SAR_Seq_initVar
 .bss           0x1fff81ab        0x1 .\CortexM3\ARM_GCC_493\Debug\AI_mini_bace.a(QuadDec_1.o)
                0x1fff81ab                QuadDec_1_initVar
 .bss           0x1fff81ac        0x4 .\CortexM3\ARM_GCC_493\Debug\AI_mini_bace.a(UART_1.o)
                0x1fff81ac                UART_1_initVar
                0x1fff81ad                UART_1_txBufferRead
                0x1fff81ae                UART_1_txBufferWrite
 .bss           0x1fff81b0        0x1 .\CortexM3\ARM_GCC_493\Debug\AI_mini_bace.a(QuadDec_1_Cnt16.o)
                0x1fff81b0                QuadDec_1_Cnt16_initVar
 *fill*         0x1fff81b1        0x3 
 .bss.__malloc_sbrk_start
                0x1fff81b4        0x4 c:/program files (x86)/cypress/psoc creator/3.3/psoc creator/import/gnu/arm/4.9.3/bin/../lib/gcc/arm-none-eabi/4.9.3/../../../../arm-none-eabi/lib/armv7-m\libg_nano.a(lib_a-nano-mallocr.o)
                0x1fff81b4                __malloc_sbrk_start
 .bss.__malloc_free_list
                0x1fff81b8        0x4 c:/program files (x86)/cypress/psoc creator/3.3/psoc creator/import/gnu/arm/4.9.3/bin/../lib/gcc/arm-none-eabi/4.9.3/../../../../arm-none-eabi/lib/armv7-m\libg_nano.a(lib_a-nano-mallocr.o)
                0x1fff81b8                __malloc_free_list
 *(COMMON)
 COMMON         0x1fff81bc        0xf .\CortexM3\ARM_GCC_493\Debug\MPU6050.o
                0x1fff81bc                mpu6050
 COMMON         0x1fff81cb        0x1 .\CortexM3\ARM_GCC_493\Debug\AI_mini_bace.a(I2C.o)
                0x1fff81cb                I2C_state
 COMMON         0x1fff81cc       0x10 .\CortexM3\ARM_GCC_493\Debug\AI_mini_bace.a(I2C_MASTER.o)
                0x1fff81cc                I2C_mstrWrBufIndex
                0x1fff81cd                I2C_mstrWrBufSize
                0x1fff81ce                I2C_mstrStatus
                0x1fff81d0                I2C_mstrRdBufPtr
                0x1fff81d4                I2C_mstrControl
                0x1fff81d5                I2C_mstrRdBufSize
                0x1fff81d6                I2C_mstrRdBufIndex
                0x1fff81d8                I2C_mstrWrBufPtr
 COMMON         0x1fff81dc        0xc .\CortexM3\ARM_GCC_493\Debug\AI_mini_bace.a(ADC_SAR_Seq.o)
                0x1fff81dc                ADC_SAR_Seq_shift
                0x1fff81e0                ADC_SAR_Seq_countsPer10Volt
                0x1fff81e4                ADC_SAR_Seq_offset
                0x1fff81e6                ADC_SAR_Seq_countsPerVolt
 COMMON         0x1fff81e8       0xff .\CortexM3\ARM_GCC_493\Debug\AI_mini_bace.a(UART_1.o)
                0x1fff81e8                UART_1_txBuffer
 *fill*         0x1fff82e7        0x1 
 COMMON         0x1fff82e8        0x4 c:/program files (x86)/cypress/psoc creator/3.3/psoc creator/import/gnu/arm/4.9.3/bin/../lib/gcc/arm-none-eabi/4.9.3/../../../../arm-none-eabi/lib/armv7-m\libg_nano.a(lib_a-reent.o)
                0x1fff82e8                errno
                0x1fff82f0                . = ALIGN (0x8)
 *fill*         0x1fff82ec        0x4 
 *(.ram.b)
                0x1fff82f0                _end = .
                0x1fff82f0                __end = .
                0x1fff82f0                PROVIDE (end, .)
                0x1fff82f0                PROVIDE (__bss_end__, .)
                0x00001d00                __cy_region_init_ram = LOADADDR (.data)
                0x00000080                __cy_region_init_size_ram = (_edata - ADDR (.data))
                0x00000168                __cy_region_zero_size_ram = (_end - _edata)

.heap           0x1fff82f0       0x80 load address 0x00001d80
                0x1fff82f0                . = _end
                0x1fff8370                . = (. + 0x80)
 *fill*         0x1fff82f0       0x80 
                0x1fff8370                __cy_heap_limit = .

.stack          0x20007800      0x800
                0x20007800                __cy_stack_limit = .
                0x20008000                . = (. + 0x800)
 *fill*         0x20007800      0x800 
                0x00000001                ASSERT ((__cy_stack_limit >= __cy_heap_limit), region RAM overflowed with stack)
                0x00000000                cy_checksum_exclude_size = (CY_APPL_LOADABLE == 0x1)?SIZEOF (.cy_checksum_exclude):0x0
                0x00000001                ASSERT ((cy_checksum_exclude_size <= CY_CHECKSUM_EXCLUDE_SIZE), CY_BOOT: Section .cy_checksum_exclude size exceedes specified limit.)

.cyloadermeta
 *(.cyloadermeta)

.cyloadablemeta
 *(.cyloadablemeta)

.cyconfigecc    0x80000000      0x748
 *(.cyconfigecc)
 .cyconfigecc   0x80000000      0x748 .\CortexM3\ARM_GCC_493\Debug\cymetadata.o
                0x80000000                cy_meta_configecc

.cycustnvl      0x90000000        0x4
 *(.cycustnvl)
 .cycustnvl     0x90000000        0x4 .\CortexM3\ARM_GCC_493\Debug\cymetadata.o
                0x90000000                cy_meta_custnvl

.cywolatch      0x90100000        0x4
 *(.cywolatch)
 .cywolatch     0x90100000        0x4 .\CortexM3\ARM_GCC_493\Debug\cymetadata.o
                0x90100000                cy_meta_wonvl

.cyeeprom       0x90200000        0x0
 *(.cyeeprom)
                0x00000001                ASSERT ((. <= ((0x90200000 + ee_offset) + ee_size)), .cyeeprom data will not fit in EEPROM)

.cyflashprotect
                0x90400000      0x100
 *(.cyflashprotect)
 .cyflashprotect
                0x90400000      0x100 .\CortexM3\ARM_GCC_493\Debug\cymetadata.o
                0x90400000                cy_meta_flashprotect

.cymeta         0x90500000        0xc
 *(.cymeta)
 .cymeta        0x90500000        0xc .\CortexM3\ARM_GCC_493\Debug\cymetadata.o
                0x90500000                cy_metadata

.rel.dyn        0x00001d80        0x0 load address 0x9050000c
 .rel.iplt      0x00000000        0x0 c:/program files (x86)/cypress/psoc creator/3.3/psoc creator/import/gnu/arm/4.9.3/bin/../lib/gcc/arm-none-eabi/4.9.3/armv7-m/crtbegin.o

.stab
 *(.stab)

.stabstr
 *(.stabstr)

.debug
 *(.debug)

.line
 *(.line)

.debug_srcinfo
 *(.debug_srcinfo)

.debug_sfnames
 *(.debug_sfnames)

.debug_aranges  0x00000000     0x13e0
 *(.debug_aranges)
 .debug_aranges
                0x00000000       0x28 .\CortexM3\ARM_GCC_493\Debug\main.o
 .debug_aranges
                0x00000028      0x818 .\CortexM3\ARM_GCC_493\Debug\MPU6050.o
 .debug_aranges
                0x00000840       0x98 .\CortexM3\ARM_GCC_493\Debug\I2Cdev.o
 .debug_aranges
                0x000008d8       0x18 .\CortexM3\ARM_GCC_493\Debug\cymetadata.o
 .debug_aranges
                0x000008f0       0x48 .\CortexM3\ARM_GCC_493\Debug\Cm3Start.o
 .debug_aranges
                0x00000938       0x58 .\CortexM3\ARM_GCC_493\Debug\AI_mini_bace.a(cyfitter_cfg.o)
 .debug_aranges
                0x00000990       0xa8 .\CortexM3\ARM_GCC_493\Debug\AI_mini_bace.a(PWM_motor.o)
 .debug_aranges
                0x00000a38       0x38 .\CortexM3\ARM_GCC_493\Debug\AI_mini_bace.a(I2C.o)
 .debug_aranges
                0x00000a70       0x20 .\CortexM3\ARM_GCC_493\Debug\AI_mini_bace.a(I2C_INT.o)
 .debug_aranges
                0x00000a90       0x38 .\CortexM3\ARM_GCC_493\Debug\AI_mini_bace.a(I2C_PM.o)
 .debug_aranges
                0x00000ac8       0x80 .\CortexM3\ARM_GCC_493\Debug\AI_mini_bace.a(I2C_MASTER.o)
 .debug_aranges
                0x00000b48       0xa8 .\CortexM3\ARM_GCC_493\Debug\AI_mini_bace.a(ADC_SAR_Seq.o)
 .debug_aranges
                0x00000bf0       0x20 .\CortexM3\ARM_GCC_493\Debug\AI_mini_bace.a(ADC_SAR_Seq_INT.o)
 .debug_aranges
                0x00000c10       0x38 .\CortexM3\ARM_GCC_493\Debug\AI_mini_bace.a(in_A.o)
 .debug_aranges
                0x00000c48       0x38 .\CortexM3\ARM_GCC_493\Debug\AI_mini_bace.a(in_B.o)
 .debug_aranges
                0x00000c80       0x60 .\CortexM3\ARM_GCC_493\Debug\AI_mini_bace.a(QuadDec_1.o)
 .debug_aranges
                0x00000ce0       0x80 .\CortexM3\ARM_GCC_493\Debug\AI_mini_bace.a(isr_flag.o)
 .debug_aranges
                0x00000d60       0xa0 .\CortexM3\ARM_GCC_493\Debug\AI_mini_bace.a(UART_1.o)
 .debug_aranges
                0x00000e00       0x20 .\CortexM3\ARM_GCC_493\Debug\AI_mini_bace.a(UART_1_INT.o)
 .debug_aranges
                0x00000e20       0x70 .\CortexM3\ARM_GCC_493\Debug\AI_mini_bace.a(ADC_SAR_Seq_theACLK.o)
 .debug_aranges
                0x00000e90       0x98 .\CortexM3\ARM_GCC_493\Debug\AI_mini_bace.a(QuadDec_1_Cnt16.o)
 .debug_aranges
                0x00000f28       0x70 .\CortexM3\ARM_GCC_493\Debug\AI_mini_bace.a(UART_1_IntClock.o)
 .debug_aranges
                0x00000f98       0x20 .\CortexM3\ARM_GCC_493\Debug\AI_mini_bace.a(CyBootAsmGnu.o)
 .debug_aranges
                0x00000fb8      0x298 .\CortexM3\ARM_GCC_493\Debug\AI_mini_bace.a(CyLib.o)
 .debug_aranges
                0x00001250       0x98 .\CortexM3\ARM_GCC_493\Debug\AI_mini_bace.a(cyPm.o)
 .debug_aranges
                0x000012e8       0x80 .\CortexM3\ARM_GCC_493\Debug\AI_mini_bace.a(CyFlash.o)
 .debug_aranges
                0x00001368       0x78 .\CortexM3\ARM_GCC_493\Debug\AI_mini_bace.a(CySpc.o)

.debug_pubnames
 *(.debug_pubnames)

.debug_info     0x00000000     0xacaa
 *(.debug_info .gnu.linkonce.wi.*)
 .debug_info    0x00000000      0x53f .\CortexM3\ARM_GCC_493\Debug\main.o
 .debug_info    0x0000053f     0x3dc3 .\CortexM3\ARM_GCC_493\Debug\MPU6050.o
 .debug_info    0x00004302      0xb7a .\CortexM3\ARM_GCC_493\Debug\I2Cdev.o
 .debug_info    0x00004e7c      0x13f .\CortexM3\ARM_GCC_493\Debug\cymetadata.o
 .debug_info    0x00004fbb      0x3a5 .\CortexM3\ARM_GCC_493\Debug\Cm3Start.o
 .debug_info    0x00005360      0x516 .\CortexM3\ARM_GCC_493\Debug\AI_mini_bace.a(cyfitter_cfg.o)
 .debug_info    0x00005876      0x39c .\CortexM3\ARM_GCC_493\Debug\AI_mini_bace.a(PWM_motor.o)
 .debug_info    0x00005c12      0x2d9 .\CortexM3\ARM_GCC_493\Debug\AI_mini_bace.a(I2C.o)
 .debug_info    0x00005eeb      0x17f .\CortexM3\ARM_GCC_493\Debug\AI_mini_bace.a(I2C_INT.o)
 .debug_info    0x0000606a      0x1fe .\CortexM3\ARM_GCC_493\Debug\AI_mini_bace.a(I2C_PM.o)
 .debug_info    0x00006268      0x400 .\CortexM3\ARM_GCC_493\Debug\AI_mini_bace.a(I2C_MASTER.o)
 .debug_info    0x00006668      0x5f8 .\CortexM3\ARM_GCC_493\Debug\AI_mini_bace.a(ADC_SAR_Seq.o)
 .debug_info    0x00006c60       0x92 .\CortexM3\ARM_GCC_493\Debug\AI_mini_bace.a(ADC_SAR_Seq_INT.o)
 .debug_info    0x00006cf2      0x121 .\CortexM3\ARM_GCC_493\Debug\AI_mini_bace.a(in_A.o)
 .debug_info    0x00006e13      0x11f .\CortexM3\ARM_GCC_493\Debug\AI_mini_bace.a(in_B.o)
 .debug_info    0x00006f32      0x2d1 .\CortexM3\ARM_GCC_493\Debug\AI_mini_bace.a(QuadDec_1.o)
 .debug_info    0x00007203      0x2cb .\CortexM3\ARM_GCC_493\Debug\AI_mini_bace.a(isr_flag.o)
 .debug_info    0x000074ce      0x545 .\CortexM3\ARM_GCC_493\Debug\AI_mini_bace.a(UART_1.o)
 .debug_info    0x00007a13       0xef .\CortexM3\ARM_GCC_493\Debug\AI_mini_bace.a(UART_1_INT.o)
 .debug_info    0x00007b02      0x283 .\CortexM3\ARM_GCC_493\Debug\AI_mini_bace.a(ADC_SAR_Seq_theACLK.o)
 .debug_info    0x00007d85      0x343 .\CortexM3\ARM_GCC_493\Debug\AI_mini_bace.a(QuadDec_1_Cnt16.o)
 .debug_info    0x000080c8      0x283 .\CortexM3\ARM_GCC_493\Debug\AI_mini_bace.a(UART_1_IntClock.o)
 .debug_info    0x0000834b       0x9c .\CortexM3\ARM_GCC_493\Debug\AI_mini_bace.a(CyBootAsmGnu.o)
 .debug_info    0x000083e7     0x1371 .\CortexM3\ARM_GCC_493\Debug\AI_mini_bace.a(CyLib.o)
 .debug_info    0x00009758      0xa58 .\CortexM3\ARM_GCC_493\Debug\AI_mini_bace.a(cyPm.o)
 .debug_info    0x0000a1b0      0x60a .\CortexM3\ARM_GCC_493\Debug\AI_mini_bace.a(CyFlash.o)
 .debug_info    0x0000a7ba      0x4f0 .\CortexM3\ARM_GCC_493\Debug\AI_mini_bace.a(CySpc.o)

.debug_abbrev   0x00000000     0x24a4
 *(.debug_abbrev)
 .debug_abbrev  0x00000000      0x1f6 .\CortexM3\ARM_GCC_493\Debug\main.o
 .debug_abbrev  0x000001f6      0x22c .\CortexM3\ARM_GCC_493\Debug\MPU6050.o
 .debug_abbrev  0x00000422      0x1e2 .\CortexM3\ARM_GCC_493\Debug\I2Cdev.o
 .debug_abbrev  0x00000604       0x77 .\CortexM3\ARM_GCC_493\Debug\cymetadata.o
 .debug_abbrev  0x0000067b      0x20f .\CortexM3\ARM_GCC_493\Debug\Cm3Start.o
 .debug_abbrev  0x0000088a      0x212 .\CortexM3\ARM_GCC_493\Debug\AI_mini_bace.a(cyfitter_cfg.o)
 .debug_abbrev  0x00000a9c      0x14d .\CortexM3\ARM_GCC_493\Debug\AI_mini_bace.a(PWM_motor.o)
 .debug_abbrev  0x00000be9      0x15c .\CortexM3\ARM_GCC_493\Debug\AI_mini_bace.a(I2C.o)
 .debug_abbrev  0x00000d45       0xbd .\CortexM3\ARM_GCC_493\Debug\AI_mini_bace.a(I2C_INT.o)
 .debug_abbrev  0x00000e02      0x12b .\CortexM3\ARM_GCC_493\Debug\AI_mini_bace.a(I2C_PM.o)
 .debug_abbrev  0x00000f2d      0x13c .\CortexM3\ARM_GCC_493\Debug\AI_mini_bace.a(I2C_MASTER.o)
 .debug_abbrev  0x00001069      0x1eb .\CortexM3\ARM_GCC_493\Debug\AI_mini_bace.a(ADC_SAR_Seq.o)
 .debug_abbrev  0x00001254       0x42 .\CortexM3\ARM_GCC_493\Debug\AI_mini_bace.a(ADC_SAR_Seq_INT.o)
 .debug_abbrev  0x00001296       0x90 .\CortexM3\ARM_GCC_493\Debug\AI_mini_bace.a(in_A.o)
 .debug_abbrev  0x00001326       0x90 .\CortexM3\ARM_GCC_493\Debug\AI_mini_bace.a(in_B.o)
 .debug_abbrev  0x000013b6      0x17e .\CortexM3\ARM_GCC_493\Debug\AI_mini_bace.a(QuadDec_1.o)
 .debug_abbrev  0x00001534      0x173 .\CortexM3\ARM_GCC_493\Debug\AI_mini_bace.a(isr_flag.o)
 .debug_abbrev  0x000016a7      0x1b8 .\CortexM3\ARM_GCC_493\Debug\AI_mini_bace.a(UART_1.o)
 .debug_abbrev  0x0000185f       0x79 .\CortexM3\ARM_GCC_493\Debug\AI_mini_bace.a(UART_1_INT.o)
 .debug_abbrev  0x000018d8      0x139 .\CortexM3\ARM_GCC_493\Debug\AI_mini_bace.a(ADC_SAR_Seq_theACLK.o)
 .debug_abbrev  0x00001a11      0x131 .\CortexM3\ARM_GCC_493\Debug\AI_mini_bace.a(QuadDec_1_Cnt16.o)
 .debug_abbrev  0x00001b42      0x139 .\CortexM3\ARM_GCC_493\Debug\AI_mini_bace.a(UART_1_IntClock.o)
 .debug_abbrev  0x00001c7b       0x14 .\CortexM3\ARM_GCC_493\Debug\AI_mini_bace.a(CyBootAsmGnu.o)
 .debug_abbrev  0x00001c8f      0x296 .\CortexM3\ARM_GCC_493\Debug\AI_mini_bace.a(CyLib.o)
 .debug_abbrev  0x00001f25      0x1ed .\CortexM3\ARM_GCC_493\Debug\AI_mini_bace.a(cyPm.o)
 .debug_abbrev  0x00002112      0x1d1 .\CortexM3\ARM_GCC_493\Debug\AI_mini_bace.a(CyFlash.o)
 .debug_abbrev  0x000022e3      0x1c1 .\CortexM3\ARM_GCC_493\Debug\AI_mini_bace.a(CySpc.o)

.debug_line     0x00000000     0x41ba
 *(.debug_line)
 .debug_line    0x00000000      0x222 .\CortexM3\ARM_GCC_493\Debug\main.o
 .debug_line    0x00000222     0x13e9 .\CortexM3\ARM_GCC_493\Debug\MPU6050.o
 .debug_line    0x0000160b      0x338 .\CortexM3\ARM_GCC_493\Debug\I2Cdev.o
 .debug_line    0x00001943       0x53 .\CortexM3\ARM_GCC_493\Debug\cymetadata.o
 .debug_line    0x00001996      0x249 .\CortexM3\ARM_GCC_493\Debug\Cm3Start.o
 .debug_line    0x00001bdf      0x1f4 .\CortexM3\ARM_GCC_493\Debug\AI_mini_bace.a(cyfitter_cfg.o)
 .debug_line    0x00001dd3      0x1b2 .\CortexM3\ARM_GCC_493\Debug\AI_mini_bace.a(PWM_motor.o)
 .debug_line    0x00001f85       0xdb .\CortexM3\ARM_GCC_493\Debug\AI_mini_bace.a(I2C.o)
 .debug_line    0x00002060      0x116 .\CortexM3\ARM_GCC_493\Debug\AI_mini_bace.a(I2C_INT.o)
 .debug_line    0x00002176       0xbd .\CortexM3\ARM_GCC_493\Debug\AI_mini_bace.a(I2C_PM.o)
 .debug_line    0x00002233      0x1ff .\CortexM3\ARM_GCC_493\Debug\AI_mini_bace.a(I2C_MASTER.o)
 .debug_line    0x00002432      0x225 .\CortexM3\ARM_GCC_493\Debug\AI_mini_bace.a(ADC_SAR_Seq.o)
 .debug_line    0x00002657       0x5a .\CortexM3\ARM_GCC_493\Debug\AI_mini_bace.a(ADC_SAR_Seq_INT.o)
 .debug_line    0x000026b1       0x93 .\CortexM3\ARM_GCC_493\Debug\AI_mini_bace.a(in_A.o)
 .debug_line    0x00002744       0x93 .\CortexM3\ARM_GCC_493\Debug\AI_mini_bace.a(in_B.o)
 .debug_line    0x000027d7      0x120 .\CortexM3\ARM_GCC_493\Debug\AI_mini_bace.a(QuadDec_1.o)
 .debug_line    0x000028f7      0x14e .\CortexM3\ARM_GCC_493\Debug\AI_mini_bace.a(isr_flag.o)
 .debug_line    0x00002a45      0x231 .\CortexM3\ARM_GCC_493\Debug\AI_mini_bace.a(UART_1.o)
 .debug_line    0x00002c76       0x83 .\CortexM3\ARM_GCC_493\Debug\AI_mini_bace.a(UART_1_INT.o)
 .debug_line    0x00002cf9      0x19b .\CortexM3\ARM_GCC_493\Debug\AI_mini_bace.a(ADC_SAR_Seq_theACLK.o)
 .debug_line    0x00002e94      0x191 .\CortexM3\ARM_GCC_493\Debug\AI_mini_bace.a(QuadDec_1_Cnt16.o)
 .debug_line    0x00003025      0x197 .\CortexM3\ARM_GCC_493\Debug\AI_mini_bace.a(UART_1_IntClock.o)
 .debug_line    0x000031bc       0x68 .\CortexM3\ARM_GCC_493\Debug\AI_mini_bace.a(CyBootAsmGnu.o)
 .debug_line    0x00003224      0x806 .\CortexM3\ARM_GCC_493\Debug\AI_mini_bace.a(CyLib.o)
 .debug_line    0x00003a2a      0x366 .\CortexM3\ARM_GCC_493\Debug\AI_mini_bace.a(cyPm.o)
 .debug_line    0x00003d90      0x1ec .\CortexM3\ARM_GCC_493\Debug\AI_mini_bace.a(CyFlash.o)
 .debug_line    0x00003f7c      0x23e .\CortexM3\ARM_GCC_493\Debug\AI_mini_bace.a(CySpc.o)

.debug_frame    0x00000000     0x3e68
 *(.debug_frame)
 .debug_frame   0x00000000       0x40 .\CortexM3\ARM_GCC_493\Debug\main.o
 .debug_frame   0x00000040     0x1cd0 .\CortexM3\ARM_GCC_493\Debug\MPU6050.o
 .debug_frame   0x00001d10      0x260 .\CortexM3\ARM_GCC_493\Debug\I2Cdev.o
 .debug_frame   0x00001f70       0xac .\CortexM3\ARM_GCC_493\Debug\Cm3Start.o
 .debug_frame   0x0000201c       0xfc .\CortexM3\ARM_GCC_493\Debug\AI_mini_bace.a(cyfitter_cfg.o)
 .debug_frame   0x00002118      0x154 .\CortexM3\ARM_GCC_493\Debug\AI_mini_bace.a(PWM_motor.o)
 .debug_frame   0x0000226c       0x90 .\CortexM3\ARM_GCC_493\Debug\AI_mini_bace.a(I2C.o)
 .debug_frame   0x000022fc       0x30 .\CortexM3\ARM_GCC_493\Debug\AI_mini_bace.a(I2C_INT.o)
 .debug_frame   0x0000232c       0x74 .\CortexM3\ARM_GCC_493\Debug\AI_mini_bace.a(I2C_PM.o)
 .debug_frame   0x000023a0      0x138 .\CortexM3\ARM_GCC_493\Debug\AI_mini_bace.a(I2C_MASTER.o)
 .debug_frame   0x000024d8      0x1a4 .\CortexM3\ARM_GCC_493\Debug\AI_mini_bace.a(ADC_SAR_Seq.o)
 .debug_frame   0x0000267c       0x20 .\CortexM3\ARM_GCC_493\Debug\AI_mini_bace.a(ADC_SAR_Seq_INT.o)
 .debug_frame   0x0000269c       0x50 .\CortexM3\ARM_GCC_493\Debug\AI_mini_bace.a(in_A.o)
 .debug_frame   0x000026ec       0x50 .\CortexM3\ARM_GCC_493\Debug\AI_mini_bace.a(in_B.o)
 .debug_frame   0x0000273c       0xdc .\CortexM3\ARM_GCC_493\Debug\AI_mini_bace.a(QuadDec_1.o)
 .debug_frame   0x00002818      0x104 .\CortexM3\ARM_GCC_493\Debug\AI_mini_bace.a(isr_flag.o)
 .debug_frame   0x0000291c      0x1a4 .\CortexM3\ARM_GCC_493\Debug\AI_mini_bace.a(UART_1.o)
 .debug_frame   0x00002ac0       0x20 .\CortexM3\ARM_GCC_493\Debug\AI_mini_bace.a(UART_1_INT.o)
 .debug_frame   0x00002ae0       0xe0 .\CortexM3\ARM_GCC_493\Debug\AI_mini_bace.a(ADC_SAR_Seq_theACLK.o)
 .debug_frame   0x00002bc0      0x134 .\CortexM3\ARM_GCC_493\Debug\AI_mini_bace.a(QuadDec_1_Cnt16.o)
 .debug_frame   0x00002cf4       0xe0 .\CortexM3\ARM_GCC_493\Debug\AI_mini_bace.a(UART_1_IntClock.o)
 .debug_frame   0x00002dd4      0x728 .\CortexM3\ARM_GCC_493\Debug\AI_mini_bace.a(CyLib.o)
 .debug_frame   0x000034fc      0x1f8 .\CortexM3\ARM_GCC_493\Debug\AI_mini_bace.a(cyPm.o)
 .debug_frame   0x000036f4      0x174 .\CortexM3\ARM_GCC_493\Debug\AI_mini_bace.a(CyFlash.o)
 .debug_frame   0x00003868      0x160 .\CortexM3\ARM_GCC_493\Debug\AI_mini_bace.a(CySpc.o)
 .debug_frame   0x000039c8       0x28 c:/program files (x86)/cypress/psoc creator/3.3/psoc creator/import/gnu/arm/4.9.3/bin/../lib/gcc/arm-none-eabi/4.9.3/armv7-m\libgcc.a(_aeabi_ldivmod.o)
 .debug_frame   0x000039f0       0x54 c:/program files (x86)/cypress/psoc creator/3.3/psoc creator/import/gnu/arm/4.9.3/bin/../lib/gcc/arm-none-eabi/4.9.3/armv7-m\libgcc.a(bpabi.o)
 .debug_frame   0x00003a44       0x34 c:/program files (x86)/cypress/psoc creator/3.3/psoc creator/import/gnu/arm/4.9.3/bin/../lib/gcc/arm-none-eabi/4.9.3/armv7-m\libgcc.a(_divdi3.o)
 .debug_frame   0x00003a78       0x34 c:/program files (x86)/cypress/psoc creator/3.3/psoc creator/import/gnu/arm/4.9.3/bin/../lib/gcc/arm-none-eabi/4.9.3/armv7-m\libgcc.a(_udivdi3.o)
 .debug_frame   0x00003aac       0x20 c:/program files (x86)/cypress/psoc creator/3.3/psoc creator/import/gnu/arm/4.9.3/bin/../lib/gcc/arm-none-eabi/4.9.3/../../../../arm-none-eabi/lib/armv7-m\libg_nano.a(lib_a-errno.o)
 .debug_frame   0x00003acc       0x28 c:/program files (x86)/cypress/psoc creator/3.3/psoc creator/import/gnu/arm/4.9.3/bin/../lib/gcc/arm-none-eabi/4.9.3/../../../../arm-none-eabi/lib/armv7-m\libg_nano.a(lib_a-exit.o)
 .debug_frame   0x00003af4       0x2c c:/program files (x86)/cypress/psoc creator/3.3/psoc creator/import/gnu/arm/4.9.3/bin/../lib/gcc/arm-none-eabi/4.9.3/../../../../arm-none-eabi/lib/armv7-m\libg_nano.a(lib_a-init.o)
 .debug_frame   0x00003b20       0x28 c:/program files (x86)/cypress/psoc creator/3.3/psoc creator/import/gnu/arm/4.9.3/bin/../lib/gcc/arm-none-eabi/4.9.3/../../../../arm-none-eabi/lib/armv7-m\libg_nano.a(lib_a-memcpy.o)
 .debug_frame   0x00003b48       0x20 c:/program files (x86)/cypress/psoc creator/3.3/psoc creator/import/gnu/arm/4.9.3/bin/../lib/gcc/arm-none-eabi/4.9.3/../../../../arm-none-eabi/lib/armv7-m\libg_nano.a(lib_a-memset.o)
 .debug_frame   0x00003b68       0x70 c:/program files (x86)/cypress/psoc creator/3.3/psoc creator/import/gnu/arm/4.9.3/bin/../lib/gcc/arm-none-eabi/4.9.3/../../../../arm-none-eabi/lib/armv7-m\libg_nano.a(lib_a-sprintf.o)
 .debug_frame   0x00003bd8       0x20 c:/program files (x86)/cypress/psoc creator/3.3/psoc creator/import/gnu/arm/4.9.3/bin/../lib/gcc/arm-none-eabi/4.9.3/../../../../arm-none-eabi/lib/armv7-m\libg_nano.a(lib_a-strcpy.o)
 .debug_frame   0x00003bf8       0x8c c:/program files (x86)/cypress/psoc creator/3.3/psoc creator/import/gnu/arm/4.9.3/bin/../lib/gcc/arm-none-eabi/4.9.3/../../../../arm-none-eabi/lib/armv7-m\libg_nano.a(lib_a-nano-svfprintf.o)
 .debug_frame   0x00003c84       0x58 c:/program files (x86)/cypress/psoc creator/3.3/psoc creator/import/gnu/arm/4.9.3/bin/../lib/gcc/arm-none-eabi/4.9.3/../../../../arm-none-eabi/lib/armv7-m\libg_nano.a(lib_a-nano-vfprintf_i.o)
 .debug_frame   0x00003cdc       0x28 c:/program files (x86)/cypress/psoc creator/3.3/psoc creator/import/gnu/arm/4.9.3/bin/../lib/gcc/arm-none-eabi/4.9.3/../../../../arm-none-eabi/lib/armv7-m\libg_nano.a(lib_a-memchr.o)
 .debug_frame   0x00003d04       0x28 c:/program files (x86)/cypress/psoc creator/3.3/psoc creator/import/gnu/arm/4.9.3/bin/../lib/gcc/arm-none-eabi/4.9.3/../../../../arm-none-eabi/lib/armv7-m\libg_nano.a(lib_a-memmove.o)
 .debug_frame   0x00003d2c       0x2c c:/program files (x86)/cypress/psoc creator/3.3/psoc creator/import/gnu/arm/4.9.3/bin/../lib/gcc/arm-none-eabi/4.9.3/../../../../arm-none-eabi/lib/armv7-m\libg_nano.a(lib_a-nano-freer.o)
 .debug_frame   0x00003d58       0x2c c:/program files (x86)/cypress/psoc creator/3.3/psoc creator/import/gnu/arm/4.9.3/bin/../lib/gcc/arm-none-eabi/4.9.3/../../../../arm-none-eabi/lib/armv7-m\libg_nano.a(lib_a-nano-mallocr.o)
 .debug_frame   0x00003d84       0x3c c:/program files (x86)/cypress/psoc creator/3.3/psoc creator/import/gnu/arm/4.9.3/bin/../lib/gcc/arm-none-eabi/4.9.3/../../../../arm-none-eabi/lib/armv7-m\libg_nano.a(lib_a-nano-reallocr.o)
 .debug_frame   0x00003dc0       0x2c c:/program files (x86)/cypress/psoc creator/3.3/psoc creator/import/gnu/arm/4.9.3/bin/../lib/gcc/arm-none-eabi/4.9.3/../../../../arm-none-eabi/lib/armv7-m\libg_nano.a(lib_a-sbrkr.o)
 .debug_frame   0x00003dec       0x20 c:/program files (x86)/cypress/psoc creator/3.3/psoc creator/import/gnu/arm/4.9.3/bin/../lib/gcc/arm-none-eabi/4.9.3/../../../../arm-none-eabi/lib/armv7-m\libg_nano.a(lib_a-nano-msizer.o)
 .debug_frame   0x00003e0c       0x5c c:/program files (x86)/cypress/psoc creator/3.3/psoc creator/import/gnu/arm/4.9.3/bin/../lib/gcc/arm-none-eabi/4.9.3/../../../../arm-none-eabi/lib/armv7-m\libg_nano.a(lib_a-reent.o)

.debug_str      0x00000000     0x437e
 *(.debug_str)
 .debug_str     0x00000000      0x3d3 .\CortexM3\ARM_GCC_493\Debug\main.o
                                0x44f (size before relaxing)
 .debug_str     0x000003d3     0x1c31 .\CortexM3\ARM_GCC_493\Debug\MPU6050.o
                               0x1f15 (size before relaxing)
 .debug_str     0x00002004       0xf5 .\CortexM3\ARM_GCC_493\Debug\I2Cdev.o
                                0x37d (size before relaxing)
 .debug_str     0x000020f9       0x77 .\CortexM3\ARM_GCC_493\Debug\cymetadata.o
                                0x201 (size before relaxing)
 .debug_str     0x00002170      0x152 .\CortexM3\ARM_GCC_493\Debug\Cm3Start.o
                                0x315 (size before relaxing)
 .debug_str     0x000022c2      0x147 .\CortexM3\ARM_GCC_493\Debug\AI_mini_bace.a(cyfitter_cfg.o)
                                0x31a (size before relaxing)
 .debug_str     0x00002409      0x222 .\CortexM3\ARM_GCC_493\Debug\AI_mini_bace.a(PWM_motor.o)
                                0x3e6 (size before relaxing)
 .debug_str     0x0000262b      0x104 .\CortexM3\ARM_GCC_493\Debug\AI_mini_bace.a(I2C.o)
                                0x2f9 (size before relaxing)
 .debug_str     0x0000272f       0x88 .\CortexM3\ARM_GCC_493\Debug\AI_mini_bace.a(I2C_INT.o)
                                0x26a (size before relaxing)
 .debug_str     0x000027b7       0x58 .\CortexM3\ARM_GCC_493\Debug\AI_mini_bace.a(I2C_PM.o)
                                0x288 (size before relaxing)
 .debug_str     0x0000280f      0x13c .\CortexM3\ARM_GCC_493\Debug\AI_mini_bace.a(I2C_MASTER.o)
                                0x3af (size before relaxing)
 .debug_str     0x0000294b      0x2ae .\CortexM3\ARM_GCC_493\Debug\AI_mini_bace.a(ADC_SAR_Seq.o)
                                0x507 (size before relaxing)
 .debug_str     0x00002bf9       0x3b .\CortexM3\ARM_GCC_493\Debug\AI_mini_bace.a(ADC_SAR_Seq_INT.o)
                                0x1b6 (size before relaxing)
 .debug_str     0x00002c34       0x59 .\CortexM3\ARM_GCC_493\Debug\AI_mini_bace.a(in_A.o)
                                0x1f4 (size before relaxing)
 .debug_str     0x00002c8d       0x4e .\CortexM3\ARM_GCC_493\Debug\AI_mini_bace.a(in_B.o)
                                0x1f4 (size before relaxing)
 .debug_str     0x00002cdb      0x130 .\CortexM3\ARM_GCC_493\Debug\AI_mini_bace.a(QuadDec_1.o)
                                0x346 (size before relaxing)
 .debug_str     0x00002e0b      0x10a .\CortexM3\ARM_GCC_493\Debug\AI_mini_bace.a(isr_flag.o)
                                0x2db (size before relaxing)
 .debug_str     0x00002f15      0x220 .\CortexM3\ARM_GCC_493\Debug\AI_mini_bace.a(UART_1.o)
                                0x467 (size before relaxing)
 .debug_str     0x00003135       0x33 .\CortexM3\ARM_GCC_493\Debug\AI_mini_bace.a(UART_1_INT.o)
                                0x1fb (size before relaxing)
 .debug_str     0x00003168      0x1d0 .\CortexM3\ARM_GCC_493\Debug\AI_mini_bace.a(ADC_SAR_Seq_theACLK.o)
                                0x395 (size before relaxing)
 .debug_str     0x00003338      0x1d0 .\CortexM3\ARM_GCC_493\Debug\AI_mini_bace.a(QuadDec_1_Cnt16.o)
                                0x421 (size before relaxing)
 .debug_str     0x00003508      0x14e .\CortexM3\ARM_GCC_493\Debug\AI_mini_bace.a(UART_1_IntClock.o)
                                0x365 (size before relaxing)
 .debug_str     0x00003656      0x788 .\CortexM3\ARM_GCC_493\Debug\AI_mini_bace.a(CyLib.o)
                                0xa3a (size before relaxing)
 .debug_str     0x00003dde      0x35b .\CortexM3\ARM_GCC_493\Debug\AI_mini_bace.a(cyPm.o)
                                0x732 (size before relaxing)
 .debug_str     0x00004139      0x197 .\CortexM3\ARM_GCC_493\Debug\AI_mini_bace.a(CyFlash.o)
                                0x3ac (size before relaxing)
 .debug_str     0x000042d0       0xae .\CortexM3\ARM_GCC_493\Debug\AI_mini_bace.a(CySpc.o)
                                0x335 (size before relaxing)

.debug_loc      0x00000000     0x4747
 *(.debug_loc)
 .debug_loc     0x00000000       0x2c .\CortexM3\ARM_GCC_493\Debug\main.o
 .debug_loc     0x0000002c     0x15e5 .\CortexM3\ARM_GCC_493\Debug\MPU6050.o
 .debug_loc     0x00001611      0xa76 .\CortexM3\ARM_GCC_493\Debug\I2Cdev.o
 .debug_loc     0x00002087      0x144 .\CortexM3\ARM_GCC_493\Debug\Cm3Start.o
 .debug_loc     0x000021cb      0x1f6 .\CortexM3\ARM_GCC_493\Debug\AI_mini_bace.a(cyfitter_cfg.o)
 .debug_loc     0x000023c1       0x26 .\CortexM3\ARM_GCC_493\Debug\AI_mini_bace.a(PWM_motor.o)
 .debug_loc     0x000023e7       0x39 .\CortexM3\ARM_GCC_493\Debug\AI_mini_bace.a(I2C.o)
 .debug_loc     0x00002420       0x29 .\CortexM3\ARM_GCC_493\Debug\AI_mini_bace.a(I2C_INT.o)
 .debug_loc     0x00002449       0x13 .\CortexM3\ARM_GCC_493\Debug\AI_mini_bace.a(I2C_PM.o)
 .debug_loc     0x0000245c      0x52f .\CortexM3\ARM_GCC_493\Debug\AI_mini_bace.a(I2C_MASTER.o)
 .debug_loc     0x0000298b      0x273 .\CortexM3\ARM_GCC_493\Debug\AI_mini_bace.a(ADC_SAR_Seq.o)
 .debug_loc     0x00002bfe       0x55 .\CortexM3\ARM_GCC_493\Debug\AI_mini_bace.a(in_A.o)
 .debug_loc     0x00002c53       0x42 .\CortexM3\ARM_GCC_493\Debug\AI_mini_bace.a(in_B.o)
 .debug_loc     0x00002c95       0x78 .\CortexM3\ARM_GCC_493\Debug\AI_mini_bace.a(QuadDec_1.o)
 .debug_loc     0x00002d0d       0x56 .\CortexM3\ARM_GCC_493\Debug\AI_mini_bace.a(isr_flag.o)
 .debug_loc     0x00002d63      0x215 .\CortexM3\ARM_GCC_493\Debug\AI_mini_bace.a(UART_1.o)
 .debug_loc     0x00002f78      0x128 .\CortexM3\ARM_GCC_493\Debug\AI_mini_bace.a(ADC_SAR_Seq_theACLK.o)
 .debug_loc     0x000030a0       0x3d .\CortexM3\ARM_GCC_493\Debug\AI_mini_bace.a(QuadDec_1_Cnt16.o)
 .debug_loc     0x000030dd      0x128 .\CortexM3\ARM_GCC_493\Debug\AI_mini_bace.a(UART_1_IntClock.o)
 .debug_loc     0x00003205      0xa11 .\CortexM3\ARM_GCC_493\Debug\AI_mini_bace.a(CyLib.o)
 .debug_loc     0x00003c16      0x1e4 .\CortexM3\ARM_GCC_493\Debug\AI_mini_bace.a(cyPm.o)
 .debug_loc     0x00003dfa      0x300 .\CortexM3\ARM_GCC_493\Debug\AI_mini_bace.a(CyFlash.o)
 .debug_loc     0x000040fa      0x64d .\CortexM3\ARM_GCC_493\Debug\AI_mini_bace.a(CySpc.o)

.debug_macinfo
 *(.debug_macinfo)

.debug_ranges   0x00000000     0x1218
 *(.debug_ranges)
 .debug_ranges  0x00000000       0x18 .\CortexM3\ARM_GCC_493\Debug\main.o
 .debug_ranges  0x00000018      0x808 .\CortexM3\ARM_GCC_493\Debug\MPU6050.o
 .debug_ranges  0x00000820       0x88 .\CortexM3\ARM_GCC_493\Debug\I2Cdev.o
 .debug_ranges  0x000008a8       0x38 .\CortexM3\ARM_GCC_493\Debug\Cm3Start.o
 .debug_ranges  0x000008e0       0x48 .\CortexM3\ARM_GCC_493\Debug\AI_mini_bace.a(cyfitter_cfg.o)
 .debug_ranges  0x00000928       0x98 .\CortexM3\ARM_GCC_493\Debug\AI_mini_bace.a(PWM_motor.o)
 .debug_ranges  0x000009c0       0x28 .\CortexM3\ARM_GCC_493\Debug\AI_mini_bace.a(I2C.o)
 .debug_ranges  0x000009e8       0x10 .\CortexM3\ARM_GCC_493\Debug\AI_mini_bace.a(I2C_INT.o)
 .debug_ranges  0x000009f8       0x28 .\CortexM3\ARM_GCC_493\Debug\AI_mini_bace.a(I2C_PM.o)
 .debug_ranges  0x00000a20       0x70 .\CortexM3\ARM_GCC_493\Debug\AI_mini_bace.a(I2C_MASTER.o)
 .debug_ranges  0x00000a90       0x98 .\CortexM3\ARM_GCC_493\Debug\AI_mini_bace.a(ADC_SAR_Seq.o)
 .debug_ranges  0x00000b28       0x10 .\CortexM3\ARM_GCC_493\Debug\AI_mini_bace.a(ADC_SAR_Seq_INT.o)
 .debug_ranges  0x00000b38       0x28 .\CortexM3\ARM_GCC_493\Debug\AI_mini_bace.a(in_A.o)
 .debug_ranges  0x00000b60       0x28 .\CortexM3\ARM_GCC_493\Debug\AI_mini_bace.a(in_B.o)
 .debug_ranges  0x00000b88       0x50 .\CortexM3\ARM_GCC_493\Debug\AI_mini_bace.a(QuadDec_1.o)
 .debug_ranges  0x00000bd8       0x70 .\CortexM3\ARM_GCC_493\Debug\AI_mini_bace.a(isr_flag.o)
 .debug_ranges  0x00000c48       0x90 .\CortexM3\ARM_GCC_493\Debug\AI_mini_bace.a(UART_1.o)
 .debug_ranges  0x00000cd8       0x10 .\CortexM3\ARM_GCC_493\Debug\AI_mini_bace.a(UART_1_INT.o)
 .debug_ranges  0x00000ce8       0x60 .\CortexM3\ARM_GCC_493\Debug\AI_mini_bace.a(ADC_SAR_Seq_theACLK.o)
 .debug_ranges  0x00000d48       0x88 .\CortexM3\ARM_GCC_493\Debug\AI_mini_bace.a(QuadDec_1_Cnt16.o)
 .debug_ranges  0x00000dd0       0x60 .\CortexM3\ARM_GCC_493\Debug\AI_mini_bace.a(UART_1_IntClock.o)
 .debug_ranges  0x00000e30      0x288 .\CortexM3\ARM_GCC_493\Debug\AI_mini_bace.a(CyLib.o)
 .debug_ranges  0x000010b8       0x88 .\CortexM3\ARM_GCC_493\Debug\AI_mini_bace.a(cyPm.o)
 .debug_ranges  0x00001140       0x70 .\CortexM3\ARM_GCC_493\Debug\AI_mini_bace.a(CyFlash.o)
 .debug_ranges  0x000011b0       0x68 .\CortexM3\ARM_GCC_493\Debug\AI_mini_bace.a(CySpc.o)

.comment        0x00000000       0x70
 .comment       0x00000000       0x70 .\CortexM3\ARM_GCC_493\Debug\main.o
                                 0x71 (size before relaxing)
 .comment       0x00000000       0x71 .\CortexM3\ARM_GCC_493\Debug\MPU6050.o
 .comment       0x00000000       0x71 .\CortexM3\ARM_GCC_493\Debug\I2Cdev.o
 .comment       0x00000000       0x71 .\CortexM3\ARM_GCC_493\Debug\cymetadata.o
 .comment       0x00000000       0x71 .\CortexM3\ARM_GCC_493\Debug\Cm3Start.o
 .comment       0x00000000       0x71 .\CortexM3\ARM_GCC_493\Debug\AI_mini_bace.a(cyfitter_cfg.o)
 .comment       0x00000000       0x71 .\CortexM3\ARM_GCC_493\Debug\AI_mini_bace.a(PWM_motor.o)
 .comment       0x00000000       0x71 .\CortexM3\ARM_GCC_493\Debug\AI_mini_bace.a(I2C.o)
 .comment       0x00000000       0x71 .\CortexM3\ARM_GCC_493\Debug\AI_mini_bace.a(I2C_INT.o)
 .comment       0x00000000       0x71 .\CortexM3\ARM_GCC_493\Debug\AI_mini_bace.a(I2C_PM.o)
 .comment       0x00000000       0x71 .\CortexM3\ARM_GCC_493\Debug\AI_mini_bace.a(I2C_MASTER.o)
 .comment       0x00000000       0x71 .\CortexM3\ARM_GCC_493\Debug\AI_mini_bace.a(ADC_SAR_Seq.o)
 .comment       0x00000000       0x71 .\CortexM3\ARM_GCC_493\Debug\AI_mini_bace.a(ADC_SAR_Seq_INT.o)
 .comment       0x00000000       0x71 .\CortexM3\ARM_GCC_493\Debug\AI_mini_bace.a(in_A.o)
 .comment       0x00000000       0x71 .\CortexM3\ARM_GCC_493\Debug\AI_mini_bace.a(in_B.o)
 .comment       0x00000000       0x71 .\CortexM3\ARM_GCC_493\Debug\AI_mini_bace.a(QuadDec_1.o)
 .comment       0x00000000       0x71 .\CortexM3\ARM_GCC_493\Debug\AI_mini_bace.a(isr_flag.o)
 .comment       0x00000000       0x71 .\CortexM3\ARM_GCC_493\Debug\AI_mini_bace.a(UART_1.o)
 .comment       0x00000000       0x71 .\CortexM3\ARM_GCC_493\Debug\AI_mini_bace.a(UART_1_INT.o)
 .comment       0x00000000       0x71 .\CortexM3\ARM_GCC_493\Debug\AI_mini_bace.a(ADC_SAR_Seq_theACLK.o)
 .comment       0x00000000       0x71 .\CortexM3\ARM_GCC_493\Debug\AI_mini_bace.a(QuadDec_1_Cnt16.o)
 .comment       0x00000000       0x71 .\CortexM3\ARM_GCC_493\Debug\AI_mini_bace.a(UART_1_IntClock.o)
 .comment       0x00000000       0x71 .\CortexM3\ARM_GCC_493\Debug\AI_mini_bace.a(CyLib.o)
 .comment       0x00000000       0x71 .\CortexM3\ARM_GCC_493\Debug\AI_mini_bace.a(cyPm.o)
 .comment       0x00000000       0x71 .\CortexM3\ARM_GCC_493\Debug\AI_mini_bace.a(CyFlash.o)
 .comment       0x00000000       0x71 .\CortexM3\ARM_GCC_493\Debug\AI_mini_bace.a(CySpc.o)

.debug_weaknames
 *(.debug_weaknames)

.debug_funcnames
 *(.debug_funcnames)

.debug_typenames
 *(.debug_typenames)

.debug_varnames
 *(.debug_varnames)

.note.gnu.arm.ident
 *(.note.gnu.arm.ident)

.ARM.attributes
                0x00000000       0x29
 *(.ARM.attributes)
 .ARM.attributes
                0x00000000       0x1d c:/program files (x86)/cypress/psoc creator/3.3/psoc creator/import/gnu/arm/4.9.3/bin/../lib/gcc/arm-none-eabi/4.9.3/armv7-m/crti.o
 .ARM.attributes
                0x0000001d       0x2d c:/program files (x86)/cypress/psoc creator/3.3/psoc creator/import/gnu/arm/4.9.3/bin/../lib/gcc/arm-none-eabi/4.9.3/armv7-m/crtbegin.o
 .ARM.attributes
                0x0000004a       0x1b c:/program files (x86)/cypress/psoc creator/3.3/psoc creator/import/gnu/arm/4.9.3/bin/../lib/gcc/arm-none-eabi/4.9.3/../../../../arm-none-eabi/lib/armv7-m/crt0.o
 .ARM.attributes
                0x00000065       0x33 .\CortexM3\ARM_GCC_493\Debug\main.o
 .ARM.attributes
                0x00000098       0x33 .\CortexM3\ARM_GCC_493\Debug\MPU6050.o
 .ARM.attributes
                0x000000cb       0x33 .\CortexM3\ARM_GCC_493\Debug\I2Cdev.o
 .ARM.attributes
                0x000000fe       0x33 .\CortexM3\ARM_GCC_493\Debug\cymetadata.o
 .ARM.attributes
                0x00000131       0x33 .\CortexM3\ARM_GCC_493\Debug\Cm3Start.o
 .ARM.attributes
                0x00000164       0x33 .\CortexM3\ARM_GCC_493\Debug\AI_mini_bace.a(cyfitter_cfg.o)
 .ARM.attributes
                0x00000197       0x33 .\CortexM3\ARM_GCC_493\Debug\AI_mini_bace.a(PWM_motor.o)
 .ARM.attributes
                0x000001ca       0x33 .\CortexM3\ARM_GCC_493\Debug\AI_mini_bace.a(I2C.o)
 .ARM.attributes
                0x000001fd       0x33 .\CortexM3\ARM_GCC_493\Debug\AI_mini_bace.a(I2C_INT.o)
 .ARM.attributes
                0x00000230       0x33 .\CortexM3\ARM_GCC_493\Debug\AI_mini_bace.a(I2C_PM.o)
 .ARM.attributes
                0x00000263       0x33 .\CortexM3\ARM_GCC_493\Debug\AI_mini_bace.a(I2C_MASTER.o)
 .ARM.attributes
                0x00000296       0x33 .\CortexM3\ARM_GCC_493\Debug\AI_mini_bace.a(ADC_SAR_Seq.o)
 .ARM.attributes
                0x000002c9       0x33 .\CortexM3\ARM_GCC_493\Debug\AI_mini_bace.a(ADC_SAR_Seq_INT.o)
 .ARM.attributes
                0x000002fc       0x33 .\CortexM3\ARM_GCC_493\Debug\AI_mini_bace.a(in_A.o)
 .ARM.attributes
                0x0000032f       0x33 .\CortexM3\ARM_GCC_493\Debug\AI_mini_bace.a(in_B.o)
 .ARM.attributes
                0x00000362       0x33 .\CortexM3\ARM_GCC_493\Debug\AI_mini_bace.a(QuadDec_1.o)
 .ARM.attributes
                0x00000395       0x33 .\CortexM3\ARM_GCC_493\Debug\AI_mini_bace.a(isr_flag.o)
 .ARM.attributes
                0x000003c8       0x33 .\CortexM3\ARM_GCC_493\Debug\AI_mini_bace.a(UART_1.o)
 .ARM.attributes
                0x000003fb       0x33 .\CortexM3\ARM_GCC_493\Debug\AI_mini_bace.a(UART_1_INT.o)
 .ARM.attributes
                0x0000042e       0x33 .\CortexM3\ARM_GCC_493\Debug\AI_mini_bace.a(ADC_SAR_Seq_theACLK.o)
 .ARM.attributes
                0x00000461       0x33 .\CortexM3\ARM_GCC_493\Debug\AI_mini_bace.a(QuadDec_1_Cnt16.o)
 .ARM.attributes
                0x00000494       0x33 .\CortexM3\ARM_GCC_493\Debug\AI_mini_bace.a(UART_1_IntClock.o)
 .ARM.attributes
                0x000004c7       0x21 .\CortexM3\ARM_GCC_493\Debug\AI_mini_bace.a(CyBootAsmGnu.o)
 .ARM.attributes
                0x000004e8       0x33 .\CortexM3\ARM_GCC_493\Debug\AI_mini_bace.a(CyLib.o)
 .ARM.attributes
                0x0000051b       0x33 .\CortexM3\ARM_GCC_493\Debug\AI_mini_bace.a(cyPm.o)
 .ARM.attributes
                0x0000054e       0x33 .\CortexM3\ARM_GCC_493\Debug\AI_mini_bace.a(CyFlash.o)
 .ARM.attributes
                0x00000581       0x33 .\CortexM3\ARM_GCC_493\Debug\AI_mini_bace.a(CySpc.o)
 .ARM.attributes
                0x000005b4       0x1d c:/program files (x86)/cypress/psoc creator/3.3/psoc creator/import/gnu/arm/4.9.3/bin/../lib/gcc/arm-none-eabi/4.9.3/armv7-m\libgcc.a(_arm_addsubsf3.o)
 .ARM.attributes
                0x000005d1       0x1d c:/program files (x86)/cypress/psoc creator/3.3/psoc creator/import/gnu/arm/4.9.3/bin/../lib/gcc/arm-none-eabi/4.9.3/armv7-m\libgcc.a(_arm_muldivsf3.o)
 .ARM.attributes
                0x000005ee       0x1d c:/program files (x86)/cypress/psoc creator/3.3/psoc creator/import/gnu/arm/4.9.3/bin/../lib/gcc/arm-none-eabi/4.9.3/armv7-m\libgcc.a(_aeabi_ldivmod.o)
 .ARM.attributes
                0x0000060b       0x2d c:/program files (x86)/cypress/psoc creator/3.3/psoc creator/import/gnu/arm/4.9.3/bin/../lib/gcc/arm-none-eabi/4.9.3/armv7-m\libgcc.a(bpabi.o)
 .ARM.attributes
                0x00000638       0x1d c:/program files (x86)/cypress/psoc creator/3.3/psoc creator/import/gnu/arm/4.9.3/bin/../lib/gcc/arm-none-eabi/4.9.3/armv7-m\libgcc.a(_dvmd_tls.o)
 .ARM.attributes
                0x00000655       0x2d c:/program files (x86)/cypress/psoc creator/3.3/psoc creator/import/gnu/arm/4.9.3/bin/../lib/gcc/arm-none-eabi/4.9.3/armv7-m\libgcc.a(_divdi3.o)
 .ARM.attributes
                0x00000682       0x2d c:/program files (x86)/cypress/psoc creator/3.3/psoc creator/import/gnu/arm/4.9.3/bin/../lib/gcc/arm-none-eabi/4.9.3/armv7-m\libgcc.a(_udivdi3.o)
 .ARM.attributes
                0x000006af       0x2d c:/program files (x86)/cypress/psoc creator/3.3/psoc creator/import/gnu/arm/4.9.3/bin/../lib/gcc/arm-none-eabi/4.9.3/../../../../arm-none-eabi/lib/armv7-m\libg_nano.a(lib_a-errno.o)
 .ARM.attributes
                0x000006dc       0x2d c:/program files (x86)/cypress/psoc creator/3.3/psoc creator/import/gnu/arm/4.9.3/bin/../lib/gcc/arm-none-eabi/4.9.3/../../../../arm-none-eabi/lib/armv7-m\libg_nano.a(lib_a-exit.o)
 .ARM.attributes
                0x00000709       0x2d c:/program files (x86)/cypress/psoc creator/3.3/psoc creator/import/gnu/arm/4.9.3/bin/../lib/gcc/arm-none-eabi/4.9.3/../../../../arm-none-eabi/lib/armv7-m\libg_nano.a(lib_a-impure.o)
 .ARM.attributes
                0x00000736       0x2d c:/program files (x86)/cypress/psoc creator/3.3/psoc creator/import/gnu/arm/4.9.3/bin/../lib/gcc/arm-none-eabi/4.9.3/../../../../arm-none-eabi/lib/armv7-m\libg_nano.a(lib_a-init.o)
 .ARM.attributes
                0x00000763       0x2d c:/program files (x86)/cypress/psoc creator/3.3/psoc creator/import/gnu/arm/4.9.3/bin/../lib/gcc/arm-none-eabi/4.9.3/../../../../arm-none-eabi/lib/armv7-m\libg_nano.a(lib_a-memcpy.o)
 .ARM.attributes
                0x00000790       0x2d c:/program files (x86)/cypress/psoc creator/3.3/psoc creator/import/gnu/arm/4.9.3/bin/../lib/gcc/arm-none-eabi/4.9.3/../../../../arm-none-eabi/lib/armv7-m\libg_nano.a(lib_a-memset.o)
 .ARM.attributes
                0x000007bd       0x2d c:/program files (x86)/cypress/psoc creator/3.3/psoc creator/import/gnu/arm/4.9.3/bin/../lib/gcc/arm-none-eabi/4.9.3/../../../../arm-none-eabi/lib/armv7-m\libg_nano.a(lib_a-sprintf.o)
 .ARM.attributes
                0x000007ea       0x2d c:/program files (x86)/cypress/psoc creator/3.3/psoc creator/import/gnu/arm/4.9.3/bin/../lib/gcc/arm-none-eabi/4.9.3/../../../../arm-none-eabi/lib/armv7-m\libg_nano.a(lib_a-strcpy.o)
 .ARM.attributes
                0x00000817       0x2d c:/program files (x86)/cypress/psoc creator/3.3/psoc creator/import/gnu/arm/4.9.3/bin/../lib/gcc/arm-none-eabi/4.9.3/../../../../arm-none-eabi/lib/armv7-m\libg_nano.a(lib_a-nano-svfprintf.o)
 .ARM.attributes
                0x00000844       0x2d c:/program files (x86)/cypress/psoc creator/3.3/psoc creator/import/gnu/arm/4.9.3/bin/../lib/gcc/arm-none-eabi/4.9.3/../../../../arm-none-eabi/lib/armv7-m\libg_nano.a(lib_a-nano-vfprintf_i.o)
 .ARM.attributes
                0x00000871       0x2d c:/program files (x86)/cypress/psoc creator/3.3/psoc creator/import/gnu/arm/4.9.3/bin/../lib/gcc/arm-none-eabi/4.9.3/../../../../arm-none-eabi/lib/armv7-m\libg_nano.a(lib_a-memchr.o)
 .ARM.attributes
                0x0000089e       0x2d c:/program files (x86)/cypress/psoc creator/3.3/psoc creator/import/gnu/arm/4.9.3/bin/../lib/gcc/arm-none-eabi/4.9.3/../../../../arm-none-eabi/lib/armv7-m\libg_nano.a(lib_a-memmove.o)
 .ARM.attributes
                0x000008cb       0x2d c:/program files (x86)/cypress/psoc creator/3.3/psoc creator/import/gnu/arm/4.9.3/bin/../lib/gcc/arm-none-eabi/4.9.3/../../../../arm-none-eabi/lib/armv7-m\libg_nano.a(lib_a-nano-freer.o)
 .ARM.attributes
                0x000008f8       0x2d c:/program files (x86)/cypress/psoc creator/3.3/psoc creator/import/gnu/arm/4.9.3/bin/../lib/gcc/arm-none-eabi/4.9.3/../../../../arm-none-eabi/lib/armv7-m\libg_nano.a(lib_a-nano-mallocr.o)
 .ARM.attributes
                0x00000925       0x2d c:/program files (x86)/cypress/psoc creator/3.3/psoc creator/import/gnu/arm/4.9.3/bin/../lib/gcc/arm-none-eabi/4.9.3/../../../../arm-none-eabi/lib/armv7-m\libg_nano.a(lib_a-nano-reallocr.o)
 .ARM.attributes
                0x00000952       0x2d c:/program files (x86)/cypress/psoc creator/3.3/psoc creator/import/gnu/arm/4.9.3/bin/../lib/gcc/arm-none-eabi/4.9.3/../../../../arm-none-eabi/lib/armv7-m\libg_nano.a(lib_a-sbrkr.o)
 .ARM.attributes
                0x0000097f       0x2d c:/program files (x86)/cypress/psoc creator/3.3/psoc creator/import/gnu/arm/4.9.3/bin/../lib/gcc/arm-none-eabi/4.9.3/../../../../arm-none-eabi/lib/armv7-m\libg_nano.a(lib_a-nano-msizer.o)
 .ARM.attributes
                0x000009ac       0x2d c:/program files (x86)/cypress/psoc creator/3.3/psoc creator/import/gnu/arm/4.9.3/bin/../lib/gcc/arm-none-eabi/4.9.3/../../../../arm-none-eabi/lib/armv7-m\libg_nano.a(lib_a-reent.o)
 .ARM.attributes
                0x000009d9       0x2d c:/program files (x86)/cypress/psoc creator/3.3/psoc creator/import/gnu/arm/4.9.3/bin/../lib/gcc/arm-none-eabi/4.9.3/armv7-m/crtend.o
 .ARM.attributes
                0x00000a06       0x1d c:/program files (x86)/cypress/psoc creator/3.3/psoc creator/import/gnu/arm/4.9.3/bin/../lib/gcc/arm-none-eabi/4.9.3/armv7-m/crtn.o

/DISCARD/
 *(.note.GNU-stack)
OUTPUT(.\CortexM3\ARM_GCC_493\Debug\AI_mini_bace.elf elf32-littlearm)
